Archive member included to satisfy reference by file (symbol)

/home/jun/SimplicityStudio_v5/developer/toolchains/gnu_arm/10.3_2021.10/bin/../lib/gcc/arm-none-eabi/10.3.1/thumb/v7e-m+fp/softfp/libgcc.a(_aeabi_ldivmod.o)
                              ./gecko_sdk_4.3.2/platform/emlib/src/em_usart.o (__aeabi_ldivmod)
/home/jun/SimplicityStudio_v5/developer/toolchains/gnu_arm/10.3_2021.10/bin/../lib/gcc/arm-none-eabi/10.3.1/thumb/v7e-m+fp/softfp/libgcc.a(_aeabi_uldivmod.o)
                              ./gecko_sdk_4.3.2/platform/emlib/src/em_usart.o (__aeabi_uldivmod)
/home/jun/SimplicityStudio_v5/developer/toolchains/gnu_arm/10.3_2021.10/bin/../lib/gcc/arm-none-eabi/10.3.1/thumb/v7e-m+fp/softfp/libgcc.a(_udivmoddi4.o)
                              /home/jun/SimplicityStudio_v5/developer/toolchains/gnu_arm/10.3_2021.10/bin/../lib/gcc/arm-none-eabi/10.3.1/thumb/v7e-m+fp/softfp/libgcc.a(_aeabi_ldivmod.o) (__udivmoddi4)
/home/jun/SimplicityStudio_v5/developer/toolchains/gnu_arm/10.3_2021.10/bin/../lib/gcc/arm-none-eabi/10.3.1/thumb/v7e-m+fp/softfp/libgcc.a(_dvmd_tls.o)
                              /home/jun/SimplicityStudio_v5/developer/toolchains/gnu_arm/10.3_2021.10/bin/../lib/gcc/arm-none-eabi/10.3.1/thumb/v7e-m+fp/softfp/libgcc.a(_aeabi_ldivmod.o) (__aeabi_ldiv0)
/home/jun/SimplicityStudio_v5/developer/toolchains/gnu_arm/10.3_2021.10/bin/../lib/gcc/arm-none-eabi/10.3.1/../../../../arm-none-eabi/lib/thumb/v7e-m+fp/softfp/libc_nano.a(lib_a-ctype_.o)
                              ./gecko_sdk_4.3.2/platform/common/src/sl_string.o (_ctype_)
/home/jun/SimplicityStudio_v5/developer/toolchains/gnu_arm/10.3_2021.10/bin/../lib/gcc/arm-none-eabi/10.3.1/../../../../arm-none-eabi/lib/thumb/v7e-m+fp/softfp/libc_nano.a(lib_a-exit.o)
                              /home/jun/SimplicityStudio_v5/developer/toolchains/gnu_arm/10.3_2021.10/bin/../lib/gcc/arm-none-eabi/10.3.1/../../../../arm-none-eabi/lib/thumb/v7e-m+fp/softfp/crt0.o (exit)
/home/jun/SimplicityStudio_v5/developer/toolchains/gnu_arm/10.3_2021.10/bin/../lib/gcc/arm-none-eabi/10.3.1/../../../../arm-none-eabi/lib/thumb/v7e-m+fp/softfp/libc_nano.a(lib_a-getchar.o)
                              ./app_iostream_usart.o (getchar)
/home/jun/SimplicityStudio_v5/developer/toolchains/gnu_arm/10.3_2021.10/bin/../lib/gcc/arm-none-eabi/10.3.1/../../../../arm-none-eabi/lib/thumb/v7e-m+fp/softfp/libc_nano.a(lib_a-impure.o)
                              /home/jun/SimplicityStudio_v5/developer/toolchains/gnu_arm/10.3_2021.10/bin/../lib/gcc/arm-none-eabi/10.3.1/../../../../arm-none-eabi/lib/thumb/v7e-m+fp/softfp/libc_nano.a(lib_a-exit.o) (_global_impure_ptr)
/home/jun/SimplicityStudio_v5/developer/toolchains/gnu_arm/10.3_2021.10/bin/../lib/gcc/arm-none-eabi/10.3.1/../../../../arm-none-eabi/lib/thumb/v7e-m+fp/softfp/libc_nano.a(lib_a-init.o)
                              /home/jun/SimplicityStudio_v5/developer/toolchains/gnu_arm/10.3_2021.10/bin/../lib/gcc/arm-none-eabi/10.3.1/../../../../arm-none-eabi/lib/thumb/v7e-m+fp/softfp/crt0.o (__libc_init_array)
/home/jun/SimplicityStudio_v5/developer/toolchains/gnu_arm/10.3_2021.10/bin/../lib/gcc/arm-none-eabi/10.3.1/../../../../arm-none-eabi/lib/thumb/v7e-m+fp/softfp/libc_nano.a(lib_a-memcpy-stub.o)
                              ./gecko_sdk_4.3.2/platform/service/iostream/src/sl_iostream_uart.o (memcpy)
/home/jun/SimplicityStudio_v5/developer/toolchains/gnu_arm/10.3_2021.10/bin/../lib/gcc/arm-none-eabi/10.3.1/../../../../arm-none-eabi/lib/thumb/v7e-m+fp/softfp/libc_nano.a(lib_a-memset.o)
                              /home/jun/SimplicityStudio_v5/developer/toolchains/gnu_arm/10.3_2021.10/bin/../lib/gcc/arm-none-eabi/10.3.1/../../../../arm-none-eabi/lib/thumb/v7e-m+fp/softfp/crt0.o (memset)
/home/jun/SimplicityStudio_v5/developer/toolchains/gnu_arm/10.3_2021.10/bin/../lib/gcc/arm-none-eabi/10.3.1/../../../../arm-none-eabi/lib/thumb/v7e-m+fp/softfp/libc_nano.a(lib_a-printf.o)
                              ./app_iostream_usart.o (printf)
/home/jun/SimplicityStudio_v5/developer/toolchains/gnu_arm/10.3_2021.10/bin/../lib/gcc/arm-none-eabi/10.3.1/../../../../arm-none-eabi/lib/thumb/v7e-m+fp/softfp/libc_nano.a(lib_a-putchar.o)
                              ./app_iostream_usart.o (putchar)
/home/jun/SimplicityStudio_v5/developer/toolchains/gnu_arm/10.3_2021.10/bin/../lib/gcc/arm-none-eabi/10.3.1/../../../../arm-none-eabi/lib/thumb/v7e-m+fp/softfp/libc_nano.a(lib_a-puts.o)
                              ./app_iostream_usart.o (puts)
/home/jun/SimplicityStudio_v5/developer/toolchains/gnu_arm/10.3_2021.10/bin/../lib/gcc/arm-none-eabi/10.3.1/../../../../arm-none-eabi/lib/thumb/v7e-m+fp/softfp/libc_nano.a(lib_a-setvbuf.o)
                              ./app_iostream_usart.o (setvbuf)
/home/jun/SimplicityStudio_v5/developer/toolchains/gnu_arm/10.3_2021.10/bin/../lib/gcc/arm-none-eabi/10.3.1/../../../../arm-none-eabi/lib/thumb/v7e-m+fp/softfp/libc_nano.a(lib_a-strcmp.o)
                              ./autogen/sl_iostream_handles.o (strcmp)
[...]
Memory Configuration

Name             Origin             Length             Attributes
FLASH            0x0000000000000000 0x0000000000100000 xr
RAM              0x0000000020000000 0x0000000000020000 xrw
*default*        0x0000000000000000 0xffffffffffffffff

Linker script and memory map

LOAD /home/jun/SimplicityStudio_v5/developer/toolchains/gnu_arm/10.3_2021.10/bin/../lib/gcc/arm-none-eabi/10.3.1/thumb/v7e-m+fp/softfp/crti.o
LOAD /home/jun/SimplicityStudio_v5/developer/toolchains/gnu_arm/10.3_2021.10/bin/../lib/gcc/arm-none-eabi/10.3.1/thumb/v7e-m+fp/softfp/crtbegin.o
LOAD /home/jun/SimplicityStudio_v5/developer/toolchains/gnu_arm/10.3_2021.10/bin/../lib/gcc/arm-none-eabi/10.3.1/../../../../arm-none-eabi/lib/thumb/v7e-m+fp/softfp/crt0.o
START GROUP
LOAD ./app.o
LOAD ./app_iostream_usart.o
LOAD ./main.o
LOAD ./autogen/sl_device_init_clocks.o
LOAD ./autogen/sl_event_handler.o
LOAD ./autogen/sl_iostream_handles.o
LOAD ./autogen/sl_iostream_init_usart_instances.o
LOAD ./gecko_sdk_4.3.2/platform/Device/SiliconLabs/EFR32BG12P/Source/startup_efr32bg12p.o
LOAD ./gecko_sdk_4.3.2/platform/Device/SiliconLabs/EFR32BG12P/Source/system_efr32bg12p.o
LOAD ./gecko_sdk_4.3.2/platform/bootloader/app_properties/app_properties.o
LOAD ./gecko_sdk_4.3.2/platform/common/src/sl_assert.o
LOAD ./gecko_sdk_4.3.2/platform/common/src/sl_string.o
LOAD ./gecko_sdk_4.3.2/platform/common/toolchain/src/sl_memory.o
LOAD ./gecko_sdk_4.3.2/platform/emdrv/dmadrv/src/dmadrv.o
LOAD ./gecko_sdk_4.3.2/platform/emlib/src/em_cmu.o
LOAD ./gecko_sdk_4.3.2/platform/emlib/src/em_core.o
LOAD ./gecko_sdk_4.3.2/platform/emlib/src/em_emu.o
LOAD ./gecko_sdk_4.3.2/platform/emlib/src/em_gpio.o
LOAD ./gecko_sdk_4.3.2/platform/emlib/src/em_ldma.o
LOAD ./gecko_sdk_4.3.2/platform/emlib/src/em_msc.o
LOAD ./gecko_sdk_4.3.2/platform/emlib/src/em_system.o
LOAD ./gecko_sdk_4.3.2/platform/emlib/src/em_usart.o
LOAD ./gecko_sdk_4.3.2/platform/service/device_init/src/sl_device_init_dcdc_s1.o
LOAD ./gecko_sdk_4.3.2/platform/service/device_init/src/sl_device_init_emu_s1.o
LOAD ./gecko_sdk_4.3.2/platform/service/device_init/src/sl_device_init_nvic.o
LOAD ./gecko_sdk_4.3.2/platform/service/iostream/src/sl_iostream.o
LOAD ./gecko_sdk_4.3.2/platform/service/iostream/src/sl_iostream_retarget_stdio.o
LOAD ./gecko_sdk_4.3.2/platform/service/iostream/src/sl_iostream_uart.o
LOAD ./gecko_sdk_4.3.2/platform/service/iostream/src/sl_iostream_usart.o
LOAD ./gecko_sdk_4.3.2/platform/service/system/src/sl_system_init.o
LOAD ./gecko_sdk_4.3.2/platform/service/system/src/sl_system_process_action.o
LOAD /home/jun/SimplicityStudio_v5/developer/toolchains/gnu_arm/10.3_2021.10/bin/../lib/gcc/arm-none-eabi/10.3.1/thumb/v7e-m+fp/softfp/libgcc.a
LOAD /home/jun/SimplicityStudio_v5/developer/toolchains/gnu_arm/10.3_2021.10/bin/../lib/gcc/arm-none-eabi/10.3.1/../../../../arm-none-eabi/lib/thumb/v7e-m+fp/softfp/libc_nano.a
LOAD /home/jun/SimplicityStudio_v5/developer/toolchains/gnu_arm/10.3_2021.10/bin/../lib/gcc/arm-none-eabi/10.3.1/../../../../arm-none-eabi/lib/thumb/v7e-m+fp/softfp/libm.a
LOAD /home/jun/SimplicityStudio_v5/developer/toolchains/gnu_arm/10.3_2021.10/bin/../lib/gcc/arm-none-eabi/10.3.1/../../../../arm-none-eabi/lib/thumb/v7e-m+fp/softfp/libnosys.a
END GROUP
START GROUP
LOAD /home/jun/SimplicityStudio_v5/developer/toolchains/gnu_arm/10.3_2021.10/bin/../lib/gcc/arm-none-eabi/10.3.1/thumb/v7e-m+fp/softfp/libgcc.a
LOAD /home/jun/SimplicityStudio_v5/developer/toolchains/gnu_arm/10.3_2021.10/bin/../lib/gcc/arm-none-eabi/10.3.1/../../../../arm-none-eabi/lib/thumb/v7e-m+fp/softfp/libc_nano.a
LOAD /home/jun/SimplicityStudio_v5/developer/toolchains/gnu_arm/10.3_2021.10/bin/../lib/gcc/arm-none-eabi/10.3.1/../../../../arm-none-eabi/lib/thumb/v7e-m+fp/softfp/libnosys.a
END GROUP
START GROUP
LOAD /home/jun/SimplicityStudio_v5/developer/toolchains/gnu_arm/10.3_2021.10/bin/../lib/gcc/arm-none-eabi/10.3.1/thumb/v7e-m+fp/softfp/libgcc.a
LOAD /home/jun/SimplicityStudio_v5/developer/toolchains/gnu_arm/10.3_2021.10/bin/../lib/gcc/arm-none-eabi/10.3.1/../../../../arm-none-eabi/lib/thumb/v7e-m+fp/softfp/libg_nano.a
LOAD /home/jun/SimplicityStudio_v5/developer/toolchains/gnu_arm/10.3_2021.10/bin/../lib/gcc/arm-none-eabi/10.3.1/../../../../arm-none-eabi/lib/thumb/v7e-m+fp/softfp/libc_nano.a
END GROUP
START GROUP
LOAD /home/jun/SimplicityStudio_v5/developer/toolchains/gnu_arm/10.3_2021.10/bin/../lib/gcc/arm-none-eabi/10.3.1/thumb/v7e-m+fp/softfp/libgcc.a
LOAD /home/jun/SimplicityStudio_v5/developer/toolchains/gnu_arm/10.3_2021.10/bin/../lib/gcc/arm-none-eabi/10.3.1/../../../../arm-none-eabi/lib/thumb/v7e-m+fp/softfp/libc_nano.a
END GROUP
LOAD /home/jun/SimplicityStudio_v5/developer/toolchains/gnu_arm/10.3_2021.10/bin/../lib/gcc/arm-none-eabi/10.3.1/thumb/v7e-m+fp/softfp/crtend.o
LOAD /home/jun/SimplicityStudio_v5/developer/toolchains/gnu_arm/10.3_2021.10/bin/../lib/gcc/arm-none-eabi/10.3.1/thumb/v7e-m+fp/softfp/crtn.o

.text           0x0000000000000000     0x4744
                0x0000000000000000                linker_vectors_begin = .
 *(.vectors)
 .vectors       0x0000000000000000      0x10c ./gecko_sdk_4.3.2/platform/Device/SiliconLabs/EFR32BG12P/Source/startup_efr32bg12p.o
                0x0000000000000000                __Vectors
                0x000000000000010c                linker_vectors_end = .
                0x000000000000010c                __Vectors_End = .
                0x000000000000010c                __Vectors_Size = (__Vectors_End - __Vectors)
                0x000000000000010c                linker_code_begin = .
 *(SORT_BY_ALIGNMENT(.text*))
 *fill*         0x000000000000010c        0x4 
 .text          0x0000000000000110       0xa0 /home/jun/SimplicityStudio_v5/developer/toolchains/gnu_arm/10.3_2021.10/bin/../lib/gcc/arm-none-eabi/10.3.1/../../../../arm-none-eabi/lib/thumb/v7e-m+fp/softfp/libc_nano.a(lib_a-memchr.o)
                0x0000000000000110                memchr
 .text          0x00000000000001b0       0x40 /home/jun/SimplicityStudio_v5/developer/toolchains/gnu_arm/10.3_2021.10/bin/../lib/gcc/arm-none-eabi/10.3.1/thumb/v7e-m+fp/softfp/crtbegin.o
 .text          0x00000000000001f0       0x7c /home/jun/SimplicityStudio_v5/developer/toolchains/gnu_arm/10.3_2021.10/bin/../lib/gcc/arm-none-eabi/10.3.1/../../../../arm-none-eabi/lib/thumb/v7e-m+fp/softfp/crt0.o
                0x00000000000001f0                _stack_init
                0x00000000000001f8                _mainCRTStartup
                0x00000000000001f8                _start
 .text.app_iostream_usart_init
                0x000000000000026c       0xb0 ./app_iostream_usart.o
                0x000000000000026c                app_iostream_usart_init
 .text.app_iostream_usart_process_action
                0x000000000000031c       0x64 ./app_iostream_usart.o
                0x000000000000031c                app_iostream_usart_process_action
 .text.sl_device_init_clocks
                0x0000000000000380       0x48 ./autogen/sl_device_init_clocks.o
                0x0000000000000380                sl_device_init_clocks
 .text.sl_platform_init
                0x00000000000003c8       0x84 ./autogen/sl_event_handler.o
                0x00000000000003c8                sl_platform_init
 .text.sl_iostream_usart_init_vcom
                0x000000000000044c       0xac ./autogen/sl_iostream_init_usart_instances.o
                0x000000000000044c                sl_iostream_usart_init_vcom
 .text.sl_iostream_usart_init_instances
                0x00000000000004f8       0x1c ./autogen/sl_iostream_init_usart_instances.o
                0x00000000000004f8                sl_iostream_usart_init_instances
 .text.USART0_RX_IRQHandler
                0x0000000000000514        0xc ./autogen/sl_iostream_init_usart_instances.o
                0x0000000000000514                USART0_RX_IRQHandler
 .text.Reset_Handler
                0x0000000000000520       0x60 ./gecko_sdk_4.3.2/platform/Device/SiliconLabs/EFR32BG12P/Source/startup_efr32bg12p.o
                0x0000000000000520                Reset_Handler
 .text.SystemMaxCoreClockGet
                0x0000000000000580        0x8 ./gecko_sdk_4.3.2/platform/Device/SiliconLabs/EFR32BG12P/Source/system_efr32bg12p.o
                0x0000000000000580                SystemMaxCoreClockGet
 .text.SystemHFClockGet
                0x0000000000000588       0x54 ./gecko_sdk_4.3.2/platform/Device/SiliconLabs/EFR32BG12P/Source/system_efr32bg12p.o
                0x0000000000000588                SystemHFClockGet
 .text.SystemCoreClockGet
                0x00000000000005dc       0x24 ./gecko_sdk_4.3.2/platform/Device/SiliconLabs/EFR32BG12P/Source/system_efr32bg12p.o
                0x00000000000005dc                SystemCoreClockGet
 .text.SystemHFXOClockGet
                0x0000000000000600        0xc ./gecko_sdk_4.3.2/platform/Device/SiliconLabs/EFR32BG12P/Source/system_efr32bg12p.o
                0x0000000000000600                SystemHFXOClockGet
 .text.SystemInit
                0x000000000000060c       0x1c ./gecko_sdk_4.3.2/platform/Device/SiliconLabs/EFR32BG12P/Source/system_efr32bg12p.o
                0x000000000000060c                SystemInit
 .text.SystemLFXOClockGet
                0x0000000000000628        0xc ./gecko_sdk_4.3.2/platform/Device/SiliconLabs/EFR32BG12P/Source/system_efr32bg12p.o
                0x0000000000000628                SystemLFXOClockGet
 .text._sbrk    0x0000000000000634       0x20 ./gecko_sdk_4.3.2/platform/common/toolchain/src/sl_memory.o
                0x0000000000000634                _sbrk
 .text.StartTransfer
                0x0000000000000654      0x178 ./gecko_sdk_4.3.2/platform/emdrv/dmadrv/src/dmadrv.o
 .text.DMADRV_AllocateChannel
                0x00000000000007cc       0x60 ./gecko_sdk_4.3.2/platform/emdrv/dmadrv/src/dmadrv.o
                0x00000000000007cc                DMADRV_AllocateChannel
 .text.DMADRV_DeInit
                0x000000000000082c       0x44 ./gecko_sdk_4.3.2/platform/emdrv/dmadrv/src/dmadrv.o
                0x000000000000082c                DMADRV_DeInit
 .text.DMADRV_FreeChannel
                0x0000000000000870       0x4c ./gecko_sdk_4.3.2/platform/emdrv/dmadrv/src/dmadrv.o
                0x0000000000000870                DMADRV_FreeChannel
 .text.DMADRV_Init
                0x00000000000008bc       0x6c ./gecko_sdk_4.3.2/platform/emdrv/dmadrv/src/dmadrv.o
                0x00000000000008bc                DMADRV_Init
 .text.DMADRV_PauseTransfer
                0x0000000000000928       0x40 ./gecko_sdk_4.3.2/platform/emdrv/dmadrv/src/dmadrv.o
                0x0000000000000928                DMADRV_PauseTransfer
 .text.DMADRV_ResumeTransfer
                0x0000000000000968       0x40 ./gecko_sdk_4.3.2/platform/emdrv/dmadrv/src/dmadrv.o
                0x0000000000000968                DMADRV_ResumeTransfer
 .text.DMADRV_StopTransfer
                0x00000000000009a8       0x40 ./gecko_sdk_4.3.2/platform/emdrv/dmadrv/src/dmadrv.o
                0x00000000000009a8                DMADRV_StopTransfer
 .text.DMADRV_TransferCompletePending
                0x00000000000009e8       0x50 ./gecko_sdk_4.3.2/platform/emdrv/dmadrv/src/dmadrv.o
                0x00000000000009e8                DMADRV_TransferCompletePending
 .text.DMADRV_TransferDone
                0x0000000000000a38       0x44 ./gecko_sdk_4.3.2/platform/emdrv/dmadrv/src/dmadrv.o
                0x0000000000000a38                DMADRV_TransferDone
 .text.LDMA_IRQHandler
                0x0000000000000a7c       0x8c ./gecko_sdk_4.3.2/platform/emdrv/dmadrv/src/dmadrv.o
                0x0000000000000a7c                LDMA_IRQHandler
 .text.setHfLeConfig
                0x0000000000000b08       0x44 ./gecko_sdk_4.3.2/platform/emlib/src/em_cmu.o
 .text.flashWaitStateControl
                0x0000000000000b4c       0x54 ./gecko_sdk_4.3.2/platform/emlib/src/em_cmu.o
 .text.SL_Log2ToDiv
                0x0000000000000ba0       0x1c ./gecko_sdk_4.3.2/platform/emlib/src/em_cmu.o
 .text.flashWaitStateMax
                0x0000000000000bbc       0x28 ./gecko_sdk_4.3.2/platform/emlib/src/em_cmu.o
 .text.EMU_VScaleWait
                0x0000000000000be4       0x1c ./gecko_sdk_4.3.2/platform/emlib/src/em_cmu.o
 .text.EMU_VScaleGet
                0x0000000000000c00       0x14 ./gecko_sdk_4.3.2/platform/emlib/src/em_cmu.o
 .text.syncReg  0x0000000000000c14       0x18 ./gecko_sdk_4.3.2/platform/emlib/src/em_cmu.o
 .text.CMU_UpdateWaitStates
                0x0000000000000c2c       0x20 ./gecko_sdk_4.3.2/platform/emlib/src/em_cmu.o
                0x0000000000000c2c                CMU_UpdateWaitStates
 .text.CMU_ClockEnable
                0x0000000000000c4c       0x90 ./gecko_sdk_4.3.2/platform/emlib/src/em_cmu.o
                0x0000000000000c4c                CMU_ClockEnable
 .text.CMU_ClockPrescGet
                0x0000000000000cdc       0xec ./gecko_sdk_4.3.2/platform/emlib/src/em_cmu.o
                0x0000000000000cdc                CMU_ClockPrescGet
 .text.CMU_ClockSelectGet
                0x0000000000000dc8       0xcc ./gecko_sdk_4.3.2/platform/emlib/src/em_cmu.o
                0x0000000000000dc8                CMU_ClockSelectGet
 .text.lfClkGet
                0x0000000000000e94       0xc8 ./gecko_sdk_4.3.2/platform/emlib/src/em_cmu.o
 .text.CMU_ClockFreqGet
                0x0000000000000f5c      0x1e0 ./gecko_sdk_4.3.2/platform/emlib/src/em_cmu.o
                0x0000000000000f5c                CMU_ClockFreqGet
 .text.CMU_OscillatorTuningSet
                0x000000000000113c      0x120 ./gecko_sdk_4.3.2/platform/emlib/src/em_cmu.o
                0x000000000000113c                CMU_OscillatorTuningSet
 .text.CMU_OscillatorTuningWait
                0x000000000000125c       0x68 ./gecko_sdk_4.3.2/platform/emlib/src/em_cmu.o
                0x000000000000125c                CMU_OscillatorTuningWait
 .text.CMU_OscillatorTuningOptimize
                0x00000000000012c4       0x38 ./gecko_sdk_4.3.2/platform/emlib/src/em_cmu.o
                0x00000000000012c4                CMU_OscillatorTuningOptimize
 .text.CMU_OscillatorEnable
                0x00000000000012fc      0x124 ./gecko_sdk_4.3.2/platform/emlib/src/em_cmu.o
                0x00000000000012fc                CMU_OscillatorEnable
 .text.sli_em_cmu_HFClockSelectHFRCO
                0x0000000000001420       0x74 ./gecko_sdk_4.3.2/platform/emlib/src/em_cmu.o
                0x0000000000001420                sli_em_cmu_HFClockSelectHFRCO
 .text.EMU_LDOStatusGet
                0x0000000000001494       0x14 ./gecko_sdk_4.3.2/platform/emlib/src/em_emu.o
 .text.lpGetDevinfoVrefLowHigh
                0x00000000000014a8       0xa8 ./gecko_sdk_4.3.2/platform/emlib/src/em_emu.o
 .text.EMU_VScaleWait
                0x0000000000001550       0x18 ./gecko_sdk_4.3.2/platform/emlib/src/em_emu.o
 .text.lpCmpHystCalibrationLoad.constprop.0
                0x0000000000001568       0x78 ./gecko_sdk_4.3.2/platform/emlib/src/em_emu.o
 .text.EMU_EM4Init
                0x00000000000015e0       0x54 ./gecko_sdk_4.3.2/platform/emlib/src/em_emu.o
                0x00000000000015e0                EMU_EM4Init
 .text.EMU_VScaleEM01
                0x0000000000001634       0x80 ./gecko_sdk_4.3.2/platform/emlib/src/em_emu.o
                0x0000000000001634                EMU_VScaleEM01
 .text.EMU_VScaleEM01ByClock
                0x00000000000016b4       0x50 ./gecko_sdk_4.3.2/platform/emlib/src/em_emu.o
                0x00000000000016b4                EMU_VScaleEM01ByClock
 .text.EMU_DCDCModeSet
                0x0000000000001704       0x94 ./gecko_sdk_4.3.2/platform/emlib/src/em_emu.o
                0x0000000000001704                EMU_DCDCModeSet
 .text.EMU_DCDCOutputVoltageSet
                0x0000000000001798      0x18c ./gecko_sdk_4.3.2/platform/emlib/src/em_emu.o
                0x0000000000001798                EMU_DCDCOutputVoltageSet
 .text.EMU_DCDCOptimizeSlice
                0x0000000000001924       0xe0 ./gecko_sdk_4.3.2/platform/emlib/src/em_emu.o
                0x0000000000001924                EMU_DCDCOptimizeSlice
 .text.EMU_DCDCLnRcoBandSet
                0x0000000000001a04       0x44 ./gecko_sdk_4.3.2/platform/emlib/src/em_emu.o
                0x0000000000001a04                EMU_DCDCLnRcoBandSet
 .text.EMU_DCDCInit
                0x0000000000001a48      0x18c ./gecko_sdk_4.3.2/platform/emlib/src/em_emu.o
                0x0000000000001a48                EMU_DCDCInit
 .text.GPIO_PinOutSet
                0x0000000000001bd4       0x88 ./gecko_sdk_4.3.2/platform/emlib/src/em_gpio.o
 .text.GPIO_PinOutClear
                0x0000000000001c5c       0x88 ./gecko_sdk_4.3.2/platform/emlib/src/em_gpio.o
 .text.GPIO_PinModeSet
                0x0000000000001ce4       0xd4 ./gecko_sdk_4.3.2/platform/emlib/src/em_gpio.o
                0x0000000000001ce4                GPIO_PinModeSet
 .text.LDMA_DeInit
                0x0000000000001db8       0x2c ./gecko_sdk_4.3.2/platform/emlib/src/em_ldma.o
                0x0000000000001db8                LDMA_DeInit
 .text.LDMA_EnableChannelRequest
                0x0000000000001de4       0x38 ./gecko_sdk_4.3.2/platform/emlib/src/em_ldma.o
                0x0000000000001de4                LDMA_EnableChannelRequest
 .text.LDMA_Init
                0x0000000000001e1c       0x84 ./gecko_sdk_4.3.2/platform/emlib/src/em_ldma.o
                0x0000000000001e1c                LDMA_Init
 .text.LDMA_StartTransfer
                0x0000000000001ea0      0x10c ./gecko_sdk_4.3.2/platform/emlib/src/em_ldma.o
                0x0000000000001ea0                LDMA_StartTransfer
 .text.LDMA_StopTransfer
                0x0000000000001fac       0x40 ./gecko_sdk_4.3.2/platform/emlib/src/em_ldma.o
                0x0000000000001fac                LDMA_StopTransfer
 .text.LDMA_TransferDone
                0x0000000000001fec       0x44 ./gecko_sdk_4.3.2/platform/emlib/src/em_ldma.o
                0x0000000000001fec                LDMA_TransferDone
 .text.SYSTEM_GetProdRev
                0x0000000000002030       0x10 ./gecko_sdk_4.3.2/platform/emlib/src/em_system.o
                0x0000000000002030                SYSTEM_GetProdRev
 .text.USART_BaudrateAsyncSet
                0x0000000000002040       0xe0 ./gecko_sdk_4.3.2/platform/emlib/src/em_usart.o
                0x0000000000002040                USART_BaudrateAsyncSet
 .text.USART_Enable
                0x0000000000002120       0x44 ./gecko_sdk_4.3.2/platform/emlib/src/em_usart.o
                0x0000000000002120                USART_Enable
 .text.USART_Reset
                0x0000000000002164       0x90 ./gecko_sdk_4.3.2/platform/emlib/src/em_usart.o
                0x0000000000002164                USART_Reset
 .text.USART_InitAsync
                0x00000000000021f4       0xb0 ./gecko_sdk_4.3.2/platform/emlib/src/em_usart.o
                0x00000000000021f4                USART_InitAsync
 .text.sl_device_init_dcdc
                0x00000000000022a4       0x2c ./gecko_sdk_4.3.2/platform/service/device_init/src/sl_device_init_dcdc_s1.o
                0x00000000000022a4                sl_device_init_dcdc
 .text.sl_device_init_nvic
                0x00000000000022d0       0x3c ./gecko_sdk_4.3.2/platform/service/device_init/src/sl_device_init_nvic.o
                0x00000000000022d0                sl_device_init_nvic
 .text.sl_iostream_set_default
                0x000000000000230c       0x18 ./gecko_sdk_4.3.2/platform/service/iostream/src/sl_iostream.o
                0x000000000000230c                sl_iostream_set_default
 .text.sl_iostream_get_default
                0x0000000000002324       0x18 ./gecko_sdk_4.3.2/platform/service/iostream/src/sl_iostream.o
                0x0000000000002324                sl_iostream_get_default
 .text._write   0x000000000000233c       0x1c ./gecko_sdk_4.3.2/platform/service/iostream/src/sl_iostream_retarget_stdio.o
                0x000000000000233c                _write
 .text.get_write_ptr
                0x0000000000002358       0x40 ./gecko_sdk_4.3.2/platform/service/iostream/src/sl_iostream_uart.o
 .text.dma_irq_handler
                0x0000000000002398       0x74 ./gecko_sdk_4.3.2/platform/service/iostream/src/sl_iostream_uart.o
 .text.uart_read
                0x000000000000240c      0x1f0 ./gecko_sdk_4.3.2/platform/service/iostream/src/sl_iostream_uart.o
 .text.uart_deinit
                0x00000000000025fc       0x98 ./gecko_sdk_4.3.2/platform/service/iostream/src/sl_iostream_uart.o
 .text.uart_write
                0x0000000000002694       0xbc ./gecko_sdk_4.3.2/platform/service/iostream/src/sl_iostream_uart.o
 .text.sli_iostream_uart_context_init
                0x0000000000002750       0xf8 ./gecko_sdk_4.3.2/platform/service/iostream/src/sl_iostream_uart.o
                0x0000000000002750                sli_iostream_uart_context_init
 .text.sl_iostream_usart_init
                0x0000000000002848      0x168 ./gecko_sdk_4.3.2/platform/service/iostream/src/sl_iostream_usart.o
                0x0000000000002848                sl_iostream_usart_init
 .text.exit     0x00000000000029b0       0x28 /home/jun/SimplicityStudio_v5/developer/toolchains/gnu_arm/10.3_2021.10/bin/../lib/gcc/arm-none-eabi/10.3.1/../../../../arm-none-eabi/lib/thumb/v7e-m+fp/softfp/libc_nano.a(lib_a-exit.o)
                0x00000000000029b0                exit
 .text.getchar  0x00000000000029d8       0x24 /home/jun/SimplicityStudio_v5/developer/toolchains/gnu_arm/10.3_2021.10/bin/../lib/gcc/arm-none-eabi/10.3.1/../../../../arm-none-eabi/lib/thumb/v7e-m+fp/softfp/libc_nano.a(lib_a-getchar.o)
                0x00000000000029d8                getchar
 .text.__libc_init_array
                0x00000000000029fc       0x48 /home/jun/SimplicityStudio_v5/developer/toolchains/gnu_arm/10.3_2021.10/bin/../lib/gcc/arm-none-eabi/10.3.1/../../../../arm-none-eabi/lib/thumb/v7e-m+fp/softfp/libc_nano.a(lib_a-init.o)
                0x00000000000029fc                __libc_init_array
 .text.printf   0x0000000000002a44       0x30 /home/jun/SimplicityStudio_v5/developer/toolchains/gnu_arm/10.3_2021.10/bin/../lib/gcc/arm-none-eabi/10.3.1/../../../../arm-none-eabi/lib/thumb/v7e-m+fp/softfp/libc_nano.a(lib_a-printf.o)
                0x0000000000002a44                printf
                0x0000000000002a44                iprintf
 .text.putchar  0x0000000000002a74       0x2c /home/jun/SimplicityStudio_v5/developer/toolchains/gnu_arm/10.3_2021.10/bin/../lib/gcc/arm-none-eabi/10.3.1/../../../../arm-none-eabi/lib/thumb/v7e-m+fp/softfp/libc_nano.a(lib_a-putchar.o)
                0x0000000000002a74                putchar
 .text._puts_r  0x0000000000002aa0       0xdc /home/jun/SimplicityStudio_v5/developer/toolchains/gnu_arm/10.3_2021.10/bin/../lib/gcc/arm-none-eabi/10.3.1/../../../../arm-none-eabi/lib/thumb/v7e-m+fp/softfp/libc_nano.a(lib_a-puts.o)
                0x0000000000002aa0                _puts_r
 .text.puts     0x0000000000002b7c       0x10 /home/jun/SimplicityStudio_v5/developer/toolchains/gnu_arm/10.3_2021.10/bin/../lib/gcc/arm-none-eabi/10.3.1/../../../../arm-none-eabi/lib/thumb/v7e-m+fp/softfp/libc_nano.a(lib_a-puts.o)
                0x0000000000002b7c                puts
 .text.setvbuf  0x0000000000002b8c      0x18c /home/jun/SimplicityStudio_v5/developer/toolchains/gnu_arm/10.3_2021.10/bin/../lib/gcc/arm-none-eabi/10.3.1/../../../../arm-none-eabi/lib/thumb/v7e-m+fp/softfp/libc_nano.a(lib_a-setvbuf.o)
                0x0000000000002b8c                setvbuf
 .text.__swbuf_r
                0x0000000000002d18       0xa4 /home/jun/SimplicityStudio_v5/developer/toolchains/gnu_arm/10.3_2021.10/bin/../lib/gcc/arm-none-eabi/10.3.1/../../../../arm-none-eabi/lib/thumb/v7e-m+fp/softfp/libc_nano.a(lib_a-wbuf.o)
                0x0000000000002d18                __swbuf_r
 .text.__swsetup_r
                0x0000000000002dbc       0xdc /home/jun/SimplicityStudio_v5/developer/toolchains/gnu_arm/10.3_2021.10/bin/../lib/gcc/arm-none-eabi/10.3.1/../../../../arm-none-eabi/lib/thumb/v7e-m+fp/softfp/libc_nano.a(lib_a-wsetup.o)
                0x0000000000002dbc                __swsetup_r
 .text.__sflush_r
                0x0000000000002e98      0x10c /home/jun/SimplicityStudio_v5/developer/toolchains/gnu_arm/10.3_2021.10/bin/../lib/gcc/arm-none-eabi/10.3.1/../../../../arm-none-eabi/lib/thumb/v7e-m+fp/softfp/libc_nano.a(lib_a-fflush.o)
                0x0000000000002e98                __sflush_r
 .text._fflush_r
                0x0000000000002fa4       0x78 /home/jun/SimplicityStudio_v5/developer/toolchains/gnu_arm/10.3_2021.10/bin/../lib/gcc/arm-none-eabi/10.3.1/../../../../arm-none-eabi/lib/thumb/v7e-m+fp/softfp/libc_nano.a(lib_a-fflush.o)
                0x0000000000002fa4                _fflush_r
 .text.fflush   0x000000000000301c       0x24 /home/jun/SimplicityStudio_v5/developer/toolchains/gnu_arm/10.3_2021.10/bin/../lib/gcc/arm-none-eabi/10.3.1/../../../../arm-none-eabi/lib/thumb/v7e-m+fp/softfp/libc_nano.a(lib_a-fflush.o)
                0x000000000000301c                fflush
 .text.std      0x0000000000003040       0x48 /home/jun/SimplicityStudio_v5/developer/toolchains/gnu_arm/10.3_2021.10/bin/../lib/gcc/arm-none-eabi/10.3.1/../../../../arm-none-eabi/lib/thumb/v7e-m+fp/softfp/libc_nano.a(lib_a-findfp.o)
 .text._cleanup_r
                0x0000000000003088        0xc /home/jun/SimplicityStudio_v5/developer/toolchains/gnu_arm/10.3_2021.10/bin/../lib/gcc/arm-none-eabi/10.3.1/../../../../arm-none-eabi/lib/thumb/v7e-m+fp/softfp/libc_nano.a(lib_a-findfp.o)
                0x0000000000003088                _cleanup_r
 .text.__sfp_lock_acquire
                0x0000000000003094        0xc /home/jun/SimplicityStudio_v5/developer/toolchains/gnu_arm/10.3_2021.10/bin/../lib/gcc/arm-none-eabi/10.3.1/../../../../arm-none-eabi/lib/thumb/v7e-m+fp/softfp/libc_nano.a(lib_a-findfp.o)
                0x0000000000003094                __sfp_lock_acquire
 .text.__sfp_lock_release
                0x00000000000030a0        0xc /home/jun/SimplicityStudio_v5/developer/toolchains/gnu_arm/10.3_2021.10/bin/../lib/gcc/arm-none-eabi/10.3.1/../../../../arm-none-eabi/lib/thumb/v7e-m+fp/softfp/libc_nano.a(lib_a-findfp.o)
                0x00000000000030a0                __sfp_lock_release
 .text.__sinit_lock_acquire
                0x00000000000030ac        0xc /home/jun/SimplicityStudio_v5/developer/toolchains/gnu_arm/10.3_2021.10/bin/../lib/gcc/arm-none-eabi/10.3.1/../../../../arm-none-eabi/lib/thumb/v7e-m+fp/softfp/libc_nano.a(lib_a-findfp.o)
                0x00000000000030ac                __sinit_lock_acquire
 .text.__sinit_lock_release
                0x00000000000030b8        0xc /home/jun/SimplicityStudio_v5/developer/toolchains/gnu_arm/10.3_2021.10/bin/../lib/gcc/arm-none-eabi/10.3.1/../../../../arm-none-eabi/lib/thumb/v7e-m+fp/softfp/libc_nano.a(lib_a-findfp.o)
                0x00000000000030b8                __sinit_lock_release
 .text.__sinit  0x00000000000030c4       0x70 /home/jun/SimplicityStudio_v5/developer/toolchains/gnu_arm/10.3_2021.10/bin/../lib/gcc/arm-none-eabi/10.3.1/../../../../arm-none-eabi/lib/thumb/v7e-m+fp/softfp/libc_nano.a(lib_a-findfp.o)
                0x00000000000030c4                __sinit
 .text.__sfp    0x0000000000003134       0x8c /home/jun/SimplicityStudio_v5/developer/toolchains/gnu_arm/10.3_2021.10/bin/../lib/gcc/arm-none-eabi/10.3.1/../../../../arm-none-eabi/lib/thumb/v7e-m+fp/softfp/libc_nano.a(lib_a-findfp.o)
                0x0000000000003134                __sfp
 .text._getc_r  0x00000000000031c0       0x80 /home/jun/SimplicityStudio_v5/developer/toolchains/gnu_arm/10.3_2021.10/bin/../lib/gcc/arm-none-eabi/10.3.1/../../../../arm-none-eabi/lib/thumb/v7e-m+fp/softfp/libc_nano.a(lib_a-getc.o)
                0x00000000000031c0                _getc_r
 .text.__smakebuf_r
                0x0000000000003240       0x80 /home/jun/SimplicityStudio_v5/developer/toolchains/gnu_arm/10.3_2021.10/bin/../lib/gcc/arm-none-eabi/10.3.1/../../../../arm-none-eabi/lib/thumb/v7e-m+fp/softfp/libc_nano.a(lib_a-makebuf.o)
                0x0000000000003240                __smakebuf_r
 .text.malloc   0x00000000000032c0       0x10 /home/jun/SimplicityStudio_v5/developer/toolchains/gnu_arm/10.3_2021.10/bin/../lib/gcc/arm-none-eabi/10.3.1/../../../../arm-none-eabi/lib/thumb/v7e-m+fp/softfp/libc_nano.a(lib_a-malloc.o)
                0x00000000000032c0                malloc
 .text._free_r  0x00000000000032d0       0x98 /home/jun/SimplicityStudio_v5/developer/toolchains/gnu_arm/10.3_2021.10/bin/../lib/gcc/arm-none-eabi/10.3.1/../../../../arm-none-eabi/lib/thumb/v7e-m+fp/softfp/libc_nano.a(lib_a-nano-freer.o)
                0x00000000000032d0                _free_r
 .text.sbrk_aligned
                0x0000000000003368       0x40 /home/jun/SimplicityStudio_v5/developer/toolchains/gnu_arm/10.3_2021.10/bin/../lib/gcc/arm-none-eabi/10.3.1/../../../../arm-none-eabi/lib/thumb/v7e-m+fp/softfp/libc_nano.a(lib_a-nano-mallocr.o)
 .text._malloc_r
                0x00000000000033a8       0xe8 /home/jun/SimplicityStudio_v5/developer/toolchains/gnu_arm/10.3_2021.10/bin/../lib/gcc/arm-none-eabi/10.3.1/../../../../arm-none-eabi/lib/thumb/v7e-m+fp/softfp/libc_nano.a(lib_a-nano-mallocr.o)
                0x00000000000033a8                _malloc_r
 .text._vfprintf_r
                0x0000000000003490      0x260 /home/jun/SimplicityStudio_v5/developer/toolchains/gnu_arm/10.3_2021.10/bin/../lib/gcc/arm-none-eabi/10.3.1/../../../../arm-none-eabi/lib/thumb/v7e-m+fp/softfp/libc_nano.a(lib_a-nano-vfprintf.o)
                0x0000000000003490                _vfiprintf_r
                0x0000000000003490                _vfprintf_r
 .text._printf_i
                0x00000000000036f0      0x24c /home/jun/SimplicityStudio_v5/developer/toolchains/gnu_arm/10.3_2021.10/bin/../lib/gcc/arm-none-eabi/10.3.1/../../../../arm-none-eabi/lib/thumb/v7e-m+fp/softfp/libc_nano.a(lib_a-nano-vfprintf_i.o)
                0x00000000000036f0                _printf_i
 .text._putc_r  0x000000000000393c       0x90 /home/jun/SimplicityStudio_v5/developer/toolchains/gnu_arm/10.3_2021.10/bin/../lib/gcc/arm-none-eabi/10.3.1/../../../../arm-none-eabi/lib/thumb/v7e-m+fp/softfp/libc_nano.a(lib_a-putc.o)
                0x000000000000393c                _putc_r
 .text.__srget_r
                0x00000000000039cc       0x58 /home/jun/SimplicityStudio_v5/developer/toolchains/gnu_arm/10.3_2021.10/bin/../lib/gcc/arm-none-eabi/10.3.1/../../../../arm-none-eabi/lib/thumb/v7e-m+fp/softfp/libc_nano.a(lib_a-rget.o)
                0x00000000000039cc                __srget_r
 .text._sbrk_r  0x0000000000003a24       0x20 /home/jun/SimplicityStudio_v5/developer/toolchains/gnu_arm/10.3_2021.10/bin/../lib/gcc/arm-none-eabi/10.3.1/../../../../arm-none-eabi/lib/thumb/v7e-m+fp/softfp/libc_nano.a(lib_a-sbrkr.o)
                0x0000000000003a24                _sbrk_r
 .text._write_r
                0x0000000000003a44       0x24 /home/jun/SimplicityStudio_v5/developer/toolchains/gnu_arm/10.3_2021.10/bin/../lib/gcc/arm-none-eabi/10.3.1/../../../../arm-none-eabi/lib/thumb/v7e-m+fp/softfp/libc_nano.a(lib_a-writer.o)
                0x0000000000003a44                _write_r
 .text._close_r
                0x0000000000003a68       0x20 /home/jun/SimplicityStudio_v5/developer/toolchains/gnu_arm/10.3_2021.10/bin/../lib/gcc/arm-none-eabi/10.3.1/../../../../arm-none-eabi/lib/thumb/v7e-m+fp/softfp/libc_nano.a(lib_a-closer.o)
                0x0000000000003a68                _close_r
 .text._fstat_r
                0x0000000000003a88       0x24 /home/jun/SimplicityStudio_v5/developer/toolchains/gnu_arm/10.3_2021.10/bin/../lib/gcc/arm-none-eabi/10.3.1/../../../../arm-none-eabi/lib/thumb/v7e-m+fp/softfp/libc_nano.a(lib_a-fstatr.o)
                0x0000000000003a88                _fstat_r
 .text._isatty_r
                0x0000000000003aac       0x20 /home/jun/SimplicityStudio_v5/developer/toolchains/gnu_arm/10.3_2021.10/bin/../lib/gcc/arm-none-eabi/10.3.1/../../../../arm-none-eabi/lib/thumb/v7e-m+fp/softfp/libc_nano.a(lib_a-isattyr.o)
                0x0000000000003aac                _isatty_r
 .text._lseek_r
                0x0000000000003acc       0x24 /home/jun/SimplicityStudio_v5/developer/toolchains/gnu_arm/10.3_2021.10/bin/../lib/gcc/arm-none-eabi/10.3.1/../../../../arm-none-eabi/lib/thumb/v7e-m+fp/softfp/libc_nano.a(lib_a-lseekr.o)
                0x0000000000003acc                _lseek_r
 .text.__malloc_lock
                0x0000000000003af0        0xc /home/jun/SimplicityStudio_v5/developer/toolchains/gnu_arm/10.3_2021.10/bin/../lib/gcc/arm-none-eabi/10.3.1/../../../../arm-none-eabi/lib/thumb/v7e-m+fp/softfp/libc_nano.a(lib_a-mlock.o)
                0x0000000000003af0                __malloc_lock
 .text.__malloc_unlock
                0x0000000000003afc        0xc /home/jun/SimplicityStudio_v5/developer/toolchains/gnu_arm/10.3_2021.10/bin/../lib/gcc/arm-none-eabi/10.3.1/../../../../arm-none-eabi/lib/thumb/v7e-m+fp/softfp/libc_nano.a(lib_a-mlock.o)
                0x0000000000003afc                __malloc_unlock
 .text._read_r  0x0000000000003b08       0x24 /home/jun/SimplicityStudio_v5/developer/toolchains/gnu_arm/10.3_2021.10/bin/../lib/gcc/arm-none-eabi/10.3.1/../../../../arm-none-eabi/lib/thumb/v7e-m+fp/softfp/libc_nano.a(lib_a-readr.o)
                0x0000000000003b08                _read_r
 .text.__srefill_r
                0x0000000000003b2c      0x114 /home/jun/SimplicityStudio_v5/developer/toolchains/gnu_arm/10.3_2021.10/bin/../lib/gcc/arm-none-eabi/10.3.1/../../../../arm-none-eabi/lib/thumb/v7e-m+fp/softfp/libc_nano.a(lib_a-refill.o)
                0x0000000000003b2c                __srefill_r
 .text.app_init
                0x0000000000003c40        0x4 ./app.o
                0x0000000000003c40                app_init
 .text.app_process_action
                0x0000000000003c44        0x4 ./app.o
                0x0000000000003c44                app_process_action
 .text.startup.main
                0x0000000000003c48       0x14 ./main.o
                0x0000000000003c48                main
 .text.sl_driver_init
                0x0000000000003c5c        0x2 ./autogen/sl_event_handler.o
                0x0000000000003c5c                sl_driver_init
 .text.sl_service_init
                0x0000000000003c5e        0x4 ./autogen/sl_event_handler.o
                0x0000000000003c5e                sl_service_init
 .text.sl_stack_init
                0x0000000000003c62        0x2 ./autogen/sl_event_handler.o
                0x0000000000003c62                sl_stack_init
 .text.sl_internal_app_init
                0x0000000000003c64        0x2 ./autogen/sl_event_handler.o
                0x0000000000003c64                sl_internal_app_init
 .text.sl_platform_process_action
                0x0000000000003c66        0x2 ./autogen/sl_event_handler.o
                0x0000000000003c66                sl_platform_process_action
 .text.sl_service_process_action
                0x0000000000003c68        0x2 ./autogen/sl_event_handler.o
                0x0000000000003c68                sl_service_process_action
 .text.sl_stack_process_action
                0x0000000000003c6a        0x2 ./autogen/sl_event_handler.o
                0x0000000000003c6a                sl_stack_process_action
 .text.sl_internal_app_process_action
                0x0000000000003c6c        0x2 ./autogen/sl_event_handler.o
                0x0000000000003c6c                sl_internal_app_process_action
 .text.USART0_TX_IRQHandler
                0x0000000000003c6e        0x4 ./autogen/sl_iostream_init_usart_instances.o
                0x0000000000003c6e                USART0_TX_IRQHandler
 .text.Default_Handler
                0x0000000000003c72        0x2 ./gecko_sdk_4.3.2/platform/Device/SiliconLabs/EFR32BG12P/Source/startup_efr32bg12p.o
                0x0000000000003c72                DebugMon_Handler
                0x0000000000003c72                I2C0_IRQHandler
                0x0000000000003c72                HardFault_Handler
                0x0000000000003c72                SysTick_Handler
                0x0000000000003c72                USART1_RX_IRQHandler
                0x0000000000003c72                PendSV_Handler
                0x0000000000003c72                NMI_Handler
                0x0000000000003c72                SYNTH_IRQHandler
                0x0000000000003c72                I2C1_IRQHandler
                0x0000000000003c72                WTIMER0_IRQHandler
                0x0000000000003c72                CRYPTO0_IRQHandler
                0x0000000000003c72                WDOG0_IRQHandler
                0x0000000000003c72                USART1_TX_IRQHandler
                0x0000000000003c72                SMU_IRQHandler
                0x0000000000003c72                MSC_IRQHandler
                0x0000000000003c72                ADC0_IRQHandler
                0x0000000000003c72                UsageFault_Handler
                0x0000000000003c72                WDOG1_IRQHandler
                0x0000000000003c72                LEUART0_IRQHandler
                0x0000000000003c72                FPUEH_IRQHandler
                0x0000000000003c72                WTIMER1_IRQHandler
                0x0000000000003c72                GPIO_EVEN_IRQHandler
                0x0000000000003c72                VDAC0_IRQHandler
                0x0000000000003c72                CSEN_IRQHandler
                0x0000000000003c72                CRYPTO1_IRQHandler
                0x0000000000003c72                TIMER0_IRQHandler
                0x0000000000003c72                PCNT2_IRQHandler
                0x0000000000003c72                LETIMER0_IRQHandler
                0x0000000000003c72                TIMER1_IRQHandler
                0x0000000000003c72                TRNG0_IRQHandler
                0x0000000000003c72                RFSENSE_IRQHandler
                0x0000000000003c72                BUFC_IRQHandler
                0x0000000000003c72                MODEM_IRQHandler
                0x0000000000003c72                USART2_RX_IRQHandler
                0x0000000000003c72                Default_Handler
                0x0000000000003c72                RAC_SEQ_IRQHandler
                0x0000000000003c72                FRC_PRI_IRQHandler
                0x0000000000003c72                EMU_IRQHandler
                0x0000000000003c72                FRC_IRQHandler
                0x0000000000003c72                CRYOTIMER_IRQHandler
                0x0000000000003c72                PCNT0_IRQHandler
                0x0000000000003c72                AGC_IRQHandler
                0x0000000000003c72                PCNT1_IRQHandler
                0x0000000000003c72                ACMP0_IRQHandler
                0x0000000000003c72                MemManage_Handler
                0x0000000000003c72                SVC_Handler
                0x0000000000003c72                USART3_RX_IRQHandler
                0x0000000000003c72                RTCC_IRQHandler
                0x0000000000003c72                CMU_IRQHandler
                0x0000000000003c72                RAC_RSM_IRQHandler
                0x0000000000003c72                GPIO_ODD_IRQHandler
                0x0000000000003c72                LESENSE_IRQHandler
                0x0000000000003c72                USART3_TX_IRQHandler
                0x0000000000003c72                PROTIMER_IRQHandler
                0x0000000000003c72                BusFault_Handler
                0x0000000000003c72                USART2_TX_IRQHandler
                0x0000000000003c72                IDAC0_IRQHandler
 .text.SystemLFRCOClockGet
                0x0000000000003c74        0x6 ./gecko_sdk_4.3.2/platform/Device/SiliconLabs/EFR32BG12P/Source/system_efr32bg12p.o
                0x0000000000003c74                SystemLFRCOClockGet
 .text.SystemULFRCOClockGet
                0x0000000000003c7a        0x6 ./gecko_sdk_4.3.2/platform/Device/SiliconLabs/EFR32BG12P/Source/system_efr32bg12p.o
                0x0000000000003c7a                SystemULFRCOClockGet
 .text.assertEFM
                0x0000000000003c80        0x2 ./gecko_sdk_4.3.2/platform/common/src/sl_assert.o
                0x0000000000003c80                assertEFM
 .text.DMADRV_PeripheralMemory
                0x0000000000003c82       0x34 ./gecko_sdk_4.3.2/platform/emdrv/dmadrv/src/dmadrv.o
                0x0000000000003c82                DMADRV_PeripheralMemory
 .text.CMU_ClockDivGet
                0x0000000000003cb6        0xa ./gecko_sdk_4.3.2/platform/emlib/src/em_cmu.o
                0x0000000000003cb6                CMU_ClockDivGet
 .text.CORE_EnterCritical
                0x0000000000003cc0        0x8 ./gecko_sdk_4.3.2/platform/emlib/src/em_core.o
                0x0000000000003cc0                CORE_EnterCritical
 .text.CORE_ExitCritical
                0x0000000000003cc8        0x6 ./gecko_sdk_4.3.2/platform/emlib/src/em_core.o
                0x0000000000003cc8                CORE_ExitCritical
 .text.CORE_EnterAtomic
                0x0000000000003cce        0xc ./gecko_sdk_4.3.2/platform/emlib/src/em_core.o
                0x0000000000003cce                CORE_EnterAtomic
 .text.CORE_ExitAtomic
                0x0000000000003cda        0x6 ./gecko_sdk_4.3.2/platform/emlib/src/em_core.o
                0x0000000000003cda                CORE_ExitAtomic
 .text.BUS_RegMaskedWrite
                0x0000000000003ce0       0x22 ./gecko_sdk_4.3.2/platform/emlib/src/em_gpio.o
 .text.USART_Tx
                0x0000000000003d02        0xa ./gecko_sdk_4.3.2/platform/emlib/src/em_usart.o
                0x0000000000003d02                USART_Tx
 .text.sl_device_init_emu
                0x0000000000003d0c       0x1c ./gecko_sdk_4.3.2/platform/service/device_init/src/sl_device_init_emu_s1.o
                0x0000000000003d0c                sl_device_init_emu
 .text.sl_iostream_write
                0x0000000000003d28       0x28 ./gecko_sdk_4.3.2/platform/service/iostream/src/sl_iostream.o
                0x0000000000003d28                sl_iostream_write
 .text.sl_iostream_read
                0x0000000000003d50       0x32 ./gecko_sdk_4.3.2/platform/service/iostream/src/sl_iostream.o
                0x0000000000003d50                sl_iostream_read
 .text._close   0x0000000000003d82        0x4 ./gecko_sdk_4.3.2/platform/service/iostream/src/sl_iostream_retarget_stdio.o
                0x0000000000003d82                _close
 .text._exit    0x0000000000003d86        0x2 ./gecko_sdk_4.3.2/platform/service/iostream/src/sl_iostream_retarget_stdio.o
                0x0000000000003d86                _exit
 .text._fstat   0x0000000000003d88        0xa ./gecko_sdk_4.3.2/platform/service/iostream/src/sl_iostream_retarget_stdio.o
                0x0000000000003d88                _fstat
 .text._isatty  0x0000000000003d92        0x4 ./gecko_sdk_4.3.2/platform/service/iostream/src/sl_iostream_retarget_stdio.o
                0x0000000000003d92                _isatty
 .text._lseek   0x0000000000003d96        0x4 ./gecko_sdk_4.3.2/platform/service/iostream/src/sl_iostream_retarget_stdio.o
                0x0000000000003d96                _lseek
 .text._read    0x0000000000003d9a       0x1c ./gecko_sdk_4.3.2/platform/service/iostream/src/sl_iostream_retarget_stdio.o
                0x0000000000003d9a                _read
 .text.set_auto_cr_lf
                0x0000000000003db6        0x6 ./gecko_sdk_4.3.2/platform/service/iostream/src/sl_iostream_uart.o
 .text.get_auto_cr_lf
                0x0000000000003dbc        0x6 ./gecko_sdk_4.3.2/platform/service/iostream/src/sl_iostream_uart.o
 .text.usart_set_next_byte_detect
                0x0000000000003dc2        0xc ./gecko_sdk_4.3.2/platform/service/iostream/src/sl_iostream_usart.o
 .text.usart_deinit
                0x0000000000003dce       0x78 ./gecko_sdk_4.3.2/platform/service/iostream/src/sl_iostream_usart.o
 .text.usart_tx
                0x0000000000003e46        0xc ./gecko_sdk_4.3.2/platform/service/iostream/src/sl_iostream_usart.o
 .text.sl_iostream_usart_irq_handler
                0x0000000000003e52       0x72 ./gecko_sdk_4.3.2/platform/service/iostream/src/sl_iostream_usart.o
                0x0000000000003e52                sl_iostream_usart_irq_handler
 .text.sl_system_init
                0x0000000000003ec4       0x1a ./gecko_sdk_4.3.2/platform/service/system/src/sl_system_init.o
                0x0000000000003ec4                sl_system_init
 .text.sl_system_process_action
                0x0000000000003ede       0x16 ./gecko_sdk_4.3.2/platform/service/system/src/sl_system_process_action.o
                0x0000000000003ede                sl_system_process_action
 .text.memcpy   0x0000000000003ef4       0x1c /home/jun/SimplicityStudio_v5/developer/toolchains/gnu_arm/10.3_2021.10/bin/../lib/gcc/arm-none-eabi/10.3.1/../../../../arm-none-eabi/lib/thumb/v7e-m+fp/softfp/libc_nano.a(lib_a-memcpy-stub.o)
                0x0000000000003ef4                memcpy
 .text.memset   0x0000000000003f10       0x10 /home/jun/SimplicityStudio_v5/developer/toolchains/gnu_arm/10.3_2021.10/bin/../lib/gcc/arm-none-eabi/10.3.1/../../../../arm-none-eabi/lib/thumb/v7e-m+fp/softfp/libc_nano.a(lib_a-memset.o)
                0x0000000000003f10                memset
 .text          0x0000000000003f20       0x10 /home/jun/SimplicityStudio_v5/developer/toolchains/gnu_arm/10.3_2021.10/bin/../lib/gcc/arm-none-eabi/10.3.1/../../../../arm-none-eabi/lib/thumb/v7e-m+fp/softfp/libc_nano.a(lib_a-strlen.o)
                0x0000000000003f20                strlen
 .text.__sfmoreglue
                0x0000000000003f30       0x2c /home/jun/SimplicityStudio_v5/developer/toolchains/gnu_arm/10.3_2021.10/bin/../lib/gcc/arm-none-eabi/10.3.1/../../../../arm-none-eabi/lib/thumb/v7e-m+fp/softfp/libc_nano.a(lib_a-findfp.o)
                0x0000000000003f30                __sfmoreglue
 .text._fwalk   0x0000000000003f5c       0x3a /home/jun/SimplicityStudio_v5/developer/toolchains/gnu_arm/10.3_2021.10/bin/../lib/gcc/arm-none-eabi/10.3.1/../../../../arm-none-eabi/lib/thumb/v7e-m+fp/softfp/libc_nano.a(lib_a-fwalk.o)
                0x0000000000003f5c                _fwalk
 .text._fwalk_reent
                0x0000000000003f96       0x3e /home/jun/SimplicityStudio_v5/developer/toolchains/gnu_arm/10.3_2021.10/bin/../lib/gcc/arm-none-eabi/10.3.1/../../../../arm-none-eabi/lib/thumb/v7e-m+fp/softfp/libc_nano.a(lib_a-fwalk.o)
                0x0000000000003f96                _fwalk_reent
 .text.__retarget_lock_init_recursive
                0x0000000000003fd4        0x2 /home/jun/SimplicityStudio_v5/developer/toolchains/gnu_arm/10.3_2021.10/bin/../lib/gcc/arm-none-eabi/10.3.1/../../../../arm-none-eabi/lib/thumb/v7e-m+fp/softfp/libc_nano.a(lib_a-lock.o)
                0x0000000000003fd4                __retarget_lock_init_recursive
 .text.__retarget_lock_acquire_recursive
                0x0000000000003fd6        0x2 /home/jun/SimplicityStudio_v5/developer/toolchains/gnu_arm/10.3_2021.10/bin/../lib/gcc/arm-none-eabi/10.3.1/../../../../arm-none-eabi/lib/thumb/v7e-m+fp/softfp/libc_nano.a(lib_a-lock.o)
                0x0000000000003fd6                __retarget_lock_acquire_recursive
 .text.__retarget_lock_release_recursive
                0x0000000000003fd8        0x2 /home/jun/SimplicityStudio_v5/developer/toolchains/gnu_arm/10.3_2021.10/bin/../lib/gcc/arm-none-eabi/10.3.1/../../../../arm-none-eabi/lib/thumb/v7e-m+fp/softfp/libc_nano.a(lib_a-lock.o)
                0x0000000000003fd8                __retarget_lock_release_recursive
 .text.__swhatbuf_r
                0x0000000000003fda       0x4a /home/jun/SimplicityStudio_v5/developer/toolchains/gnu_arm/10.3_2021.10/bin/../lib/gcc/arm-none-eabi/10.3.1/../../../../arm-none-eabi/lib/thumb/v7e-m+fp/softfp/libc_nano.a(lib_a-makebuf.o)
                0x0000000000003fda                __swhatbuf_r
 .text.__sfputc_r
                0x0000000000004024       0x2e /home/jun/SimplicityStudio_v5/developer/toolchains/gnu_arm/10.3_2021.10/bin/../lib/gcc/arm-none-eabi/10.3.1/../../../../arm-none-eabi/lib/thumb/v7e-m+fp/softfp/libc_nano.a(lib_a-nano-vfprintf.o)
 .text.__sfputs_r
                0x0000000000004052       0x24 /home/jun/SimplicityStudio_v5/developer/toolchains/gnu_arm/10.3_2021.10/bin/../lib/gcc/arm-none-eabi/10.3.1/../../../../arm-none-eabi/lib/thumb/v7e-m+fp/softfp/libc_nano.a(lib_a-nano-vfprintf.o)
                0x0000000000004052                __sfputs_r
 .text._printf_common
                0x0000000000004076       0xda /home/jun/SimplicityStudio_v5/developer/toolchains/gnu_arm/10.3_2021.10/bin/../lib/gcc/arm-none-eabi/10.3.1/../../../../arm-none-eabi/lib/thumb/v7e-m+fp/softfp/libc_nano.a(lib_a-nano-vfprintf_i.o)
                0x0000000000004076                _printf_common
 .text.__sread  0x0000000000004150       0x22 /home/jun/SimplicityStudio_v5/developer/toolchains/gnu_arm/10.3_2021.10/bin/../lib/gcc/arm-none-eabi/10.3.1/../../../../arm-none-eabi/lib/thumb/v7e-m+fp/softfp/libc_nano.a(lib_a-stdio.o)
                0x0000000000004150                __sread
 .text.__swrite
                0x0000000000004172       0x38 /home/jun/SimplicityStudio_v5/developer/toolchains/gnu_arm/10.3_2021.10/bin/../lib/gcc/arm-none-eabi/10.3.1/../../../../arm-none-eabi/lib/thumb/v7e-m+fp/softfp/libc_nano.a(lib_a-stdio.o)
                0x0000000000004172                __swrite
 .text.__sseek  0x00000000000041aa       0x24 /home/jun/SimplicityStudio_v5/developer/toolchains/gnu_arm/10.3_2021.10/bin/../lib/gcc/arm-none-eabi/10.3.1/../../../../arm-none-eabi/lib/thumb/v7e-m+fp/softfp/libc_nano.a(lib_a-stdio.o)
                0x00000000000041aa                __sseek
 .text.__sclose
                0x00000000000041ce        0x8 /home/jun/SimplicityStudio_v5/developer/toolchains/gnu_arm/10.3_2021.10/bin/../lib/gcc/arm-none-eabi/10.3.1/../../../../arm-none-eabi/lib/thumb/v7e-m+fp/softfp/libc_nano.a(lib_a-stdio.o)
                0x00000000000041ce                __sclose
 .text.lflush   0x00000000000041d6       0x12 /home/jun/SimplicityStudio_v5/developer/toolchains/gnu_arm/10.3_2021.10/bin/../lib/gcc/arm-none-eabi/10.3.1/../../../../arm-none-eabi/lib/thumb/v7e-m+fp/softfp/libc_nano.a(lib_a-refill.o)
                0x00000000000041e8                linker_code_end = .
 *(.init)
 .init          0x00000000000041e8        0x4 /home/jun/SimplicityStudio_v5/developer/toolchains/gnu_arm/10.3_2021.10/bin/../lib/gcc/arm-none-eabi/10.3.1/thumb/v7e-m+fp/softfp/crti.o
                0x00000000000041e8                _init
 .init          0x00000000000041ec        0x8 /home/jun/SimplicityStudio_v5/developer/toolchains/gnu_arm/10.3_2021.10/bin/../lib/gcc/arm-none-eabi/10.3.1/thumb/v7e-m+fp/softfp/crtn.o
 *(.fini)
 .fini          0x00000000000041f4        0x4 /home/jun/SimplicityStudio_v5/developer/toolchains/gnu_arm/10.3_2021.10/bin/../lib/gcc/arm-none-eabi/10.3.1/thumb/v7e-m+fp/softfp/crti.o
                0x00000000000041f4                _fini
 .fini          0x00000000000041f8        0x8 /home/jun/SimplicityStudio_v5/developer/toolchains/gnu_arm/10.3_2021.10/bin/../lib/gcc/arm-none-eabi/10.3.1/thumb/v7e-m+fp/softfp/crtn.o
 *crtbegin.o(.ctors)
 *crtbegin?.o(.ctors)
 *(EXCLUDE_FILE(*crtend.o *crtend?.o) .ctors)
 *(SORT_BY_NAME(.ctors.*))
 *(.ctors)
 *crtbegin.o(.dtors)
 *crtbegin?.o(.dtors)
 *(EXCLUDE_FILE(*crtend.o *crtend?.o) .dtors)
 *(SORT_BY_NAME(.dtors.*))
 *(.dtors)
 *(.rodata*)
 .rodata.app_iostream_usart_init.str1.1
                0x0000000000004200       0x93 ./app_iostream_usart.o
 .rodata.app_iostream_usart_process_action.str1.1
                0x0000000000004293       0x14 ./app_iostream_usart.o
                                         0x17 (size before relaxing)
 .rodata.sl_iostream_usart_init_vcom.str1.1
                0x00000000000042a7       0x2e ./autogen/sl_iostream_init_usart_instances.o
 *fill*         0x00000000000042d5        0x3 
 .rodata        0x00000000000042d8       0x1c ./autogen/sl_iostream_init_usart_instances.o
 .rodata.sl_app_properties
                0x00000000000042f4       0x50 ./gecko_sdk_4.3.2/platform/bootloader/app_properties/app_properties.o
                0x00000000000042f4                sl_app_properties
 .rodata        0x0000000000004344        0x4 ./gecko_sdk_4.3.2/platform/emdrv/dmadrv/src/dmadrv.o
 .rodata.flashWaitStateControl.str1.1
                0x0000000000004348       0x46 ./gecko_sdk_4.3.2/platform/emlib/src/em_cmu.o
 .rodata.SL_Log2ToDiv.str1.1
                0x000000000000438e       0x4b ./gecko_sdk_4.3.2/platform/emlib/src/em_cmu.o
 .rodata.CSWTCH.52
                0x00000000000043d9        0x6 ./gecko_sdk_4.3.2/platform/emlib/src/em_cmu.o
 .rodata.CSWTCH.53
                0x00000000000043df        0x4 ./gecko_sdk_4.3.2/platform/emlib/src/em_cmu.o
 .rodata.CSWTCH.54
                0x00000000000043e3        0x4 ./gecko_sdk_4.3.2/platform/emlib/src/em_cmu.o
 .rodata.CSWTCH.80
                0x00000000000043e7        0x5 ./gecko_sdk_4.3.2/platform/emlib/src/em_cmu.o
 .rodata.CSWTCH.81
                0x00000000000043ec        0x5 ./gecko_sdk_4.3.2/platform/emlib/src/em_cmu.o
 *fill*         0x00000000000043f1        0x1 
 .rodata.CSWTCH.82
                0x00000000000043f2        0xa ./gecko_sdk_4.3.2/platform/emlib/src/em_cmu.o
 .rodata.CSWTCH.83
                0x00000000000043fc        0xa ./gecko_sdk_4.3.2/platform/emlib/src/em_cmu.o
 *fill*         0x0000000000004406        0x2 
 .rodata.flashWsTable
                0x0000000000004408       0x28 ./gecko_sdk_4.3.2/platform/emlib/src/em_cmu.o
 .rodata.lpGetDevinfoVrefLowHigh.str1.1
                0x0000000000004430       0x46 ./gecko_sdk_4.3.2/platform/emlib/src/em_emu.o
 .rodata.GPIO_PinOutSet.str1.1
                0x0000000000004476       0x48 ./gecko_sdk_4.3.2/platform/emlib/src/em_gpio.o
 .rodata.GPIO_DbgLocationSet.str1.1
                0x00000000000044be       0x47 ./gecko_sdk_4.3.2/platform/emlib/src/em_gpio.o
 .rodata.LDMA_EnableChannelRequest.str1.1
                0x0000000000004505       0x8e ./gecko_sdk_4.3.2/platform/emlib/src/em_ldma.o
 .rodata.USART_BaudrateAsyncSet.str1.1
                0x0000000000004593       0x48 ./gecko_sdk_4.3.2/platform/emlib/src/em_usart.o
 *fill*         0x00000000000045db        0x1 
 .rodata        0x00000000000045dc       0x10 ./gecko_sdk_4.3.2/platform/service/device_init/src/sl_device_init_dcdc_s1.o
 .rodata._write.str1.1
                0x00000000000045ec       0x65 ./gecko_sdk_4.3.2/platform/service/iostream/src/sl_iostream_retarget_stdio.o
 .rodata.get_write_ptr.str1.1
                0x0000000000004651       0x5b ./gecko_sdk_4.3.2/platform/service/iostream/src/sl_iostream_uart.o
 .rodata._global_impure_ptr
                0x00000000000046ac        0x4 /home/jun/SimplicityStudio_v5/developer/toolchains/gnu_arm/10.3_2021.10/bin/../lib/gcc/arm-none-eabi/10.3.1/../../../../arm-none-eabi/lib/thumb/v7e-m+fp/softfp/libc_nano.a(lib_a-impure.o)
                0x00000000000046ac                _global_impure_ptr
 .rodata.__sf_fake_stderr
                0x00000000000046b0       0x20 /home/jun/SimplicityStudio_v5/developer/toolchains/gnu_arm/10.3_2021.10/bin/../lib/gcc/arm-none-eabi/10.3.1/../../../../arm-none-eabi/lib/thumb/v7e-m+fp/softfp/libc_nano.a(lib_a-findfp.o)
                0x00000000000046b0                __sf_fake_stderr
 .rodata.__sf_fake_stdin
                0x00000000000046d0       0x20 /home/jun/SimplicityStudio_v5/developer/toolchains/gnu_arm/10.3_2021.10/bin/../lib/gcc/arm-none-eabi/10.3.1/../../../../arm-none-eabi/lib/thumb/v7e-m+fp/softfp/libc_nano.a(lib_a-findfp.o)
                0x00000000000046d0                __sf_fake_stdin
 .rodata.__sf_fake_stdout
                0x00000000000046f0       0x20 /home/jun/SimplicityStudio_v5/developer/toolchains/gnu_arm/10.3_2021.10/bin/../lib/gcc/arm-none-eabi/10.3.1/../../../../arm-none-eabi/lib/thumb/v7e-m+fp/softfp/libc_nano.a(lib_a-findfp.o)
                0x00000000000046f0                __sf_fake_stdout
 .rodata._vfprintf_r.str1.1
                0x0000000000004710       0x11 /home/jun/SimplicityStudio_v5/developer/toolchains/gnu_arm/10.3_2021.10/bin/../lib/gcc/arm-none-eabi/10.3.1/../../../../arm-none-eabi/lib/thumb/v7e-m+fp/softfp/libc_nano.a(lib_a-nano-vfprintf.o)
 .rodata._printf_i.str1.1
                0x0000000000004721       0x22 /home/jun/SimplicityStudio_v5/developer/toolchains/gnu_arm/10.3_2021.10/bin/../lib/gcc/arm-none-eabi/10.3.1/../../../../arm-none-eabi/lib/thumb/v7e-m+fp/softfp/libc_nano.a(lib_a-nano-vfprintf_i.o)
 *(.eh_frame*)
 *fill*         0x0000000000004743        0x1 
 .eh_frame      0x0000000000004744        0x0 /home/jun/SimplicityStudio_v5/developer/toolchains/gnu_arm/10.3_2021.10/bin/../lib/gcc/arm-none-eabi/10.3.1/thumb/v7e-m+fp/softfp/crtbegin.o

.glue_7         0x0000000000004744        0x0
 .glue_7        0x0000000000004744        0x0 linker stubs

.glue_7t        0x0000000000004744        0x0
 .glue_7t       0x0000000000004744        0x0 linker stubs

.vfp11_veneer   0x0000000000004744        0x0
 .vfp11_veneer  0x0000000000004744        0x0 linker stubs

.v4_bx          0x0000000000004744        0x0
 .v4_bx         0x0000000000004744        0x0 linker stubs

.iplt           0x0000000000004744        0x0
 .iplt          0x0000000000004744        0x0 /home/jun/SimplicityStudio_v5/developer/toolchains/gnu_arm/10.3_2021.10/bin/../lib/gcc/arm-none-eabi/10.3.1/thumb/v7e-m+fp/softfp/crtbegin.o

.ARM.extab
 *(.ARM.extab* .gnu.linkonce.armextab.*)
                0x0000000000004744                __exidx_start = .

.ARM.exidx      0x0000000000004744        0x8
 *(.ARM.exidx* .gnu.linkonce.armexidx.*)
 .ARM.exidx     0x0000000000004744        0x8 /home/jun/SimplicityStudio_v5/developer/toolchains/gnu_arm/10.3_2021.10/bin/../lib/gcc/arm-none-eabi/10.3.1/../../../../arm-none-eabi/lib/thumb/v7e-m+fp/softfp/crt0.o
                                         0x10 (size before relaxing)
                0x000000000000474c                __exidx_end = .

.rel.dyn        0x000000000000474c        0x0
 .rel.iplt      0x000000000000474c        0x0 /home/jun/SimplicityStudio_v5/developer/toolchains/gnu_arm/10.3_2021.10/bin/../lib/gcc/arm-none-eabi/10.3.1/thumb/v7e-m+fp/softfp/crtbegin.o

.copy.table     0x000000000000474c        0xc
                0x000000000000474c                . = ALIGN (0x4)
                0x000000000000474c                __copy_table_start__ = .
                0x000000000000474c        0x4 LONG 0x4758 __etext
                0x0000000000004750        0x4 LONG 0x20001000 __data_start__
                0x0000000000004754        0x4 LONG 0x23 ((__data_end__ - __data_start__) / 0x4)
                0x0000000000004758                __copy_table_end__ = .

.zero.table     0x0000000000004758        0x0
                0x0000000000004758                . = ALIGN (0x4)
                0x0000000000004758                __zero_table_start__ = .
                0x0000000000004758                __zero_table_end__ = .
                0x0000000000004758                __etext = .
                0x0000000020000000                . = ORIGIN (RAM)

.stack          0x0000000020000000     0x1000
                0x0000000020000000                __StackLimit = .
 *(.stack*)
 .stack         0x0000000020000000     0x1000 ./gecko_sdk_4.3.2/platform/common/toolchain/src/sl_memory.o
                0x0000000020001000                . = ALIGN (0x4)
                0x0000000020001000                __StackTop = .
                0x0000000020001000                PROVIDE (__stack = __StackTop)

.noinit
 *(.noinit*)

.data           0x0000000020001000       0x8c load address 0x0000000000004758
                0x0000000020001000                . = ALIGN (0x4)
                0x0000000020001000                __data_start__ = .
 *(vtable)
 *(SORT_BY_ALIGNMENT(.data*))
 .data.sl_iostream_vcom_handle
                0x0000000020001000        0x4 ./autogen/sl_iostream_init_usart_instances.o
                0x0000000020001000                sl_iostream_vcom_handle
 .data.SystemCoreClock
                0x0000000020001004        0x4 ./gecko_sdk_4.3.2/platform/Device/SiliconLabs/EFR32BG12P/Source/system_efr32bg12p.o
                0x0000000020001004                SystemCoreClock
 .data.SystemHFXOClock
                0x0000000020001008        0x4 ./gecko_sdk_4.3.2/platform/Device/SiliconLabs/EFR32BG12P/Source/system_efr32bg12p.o
 .data.SystemHfrcoFreq
                0x000000002000100c        0x4 ./gecko_sdk_4.3.2/platform/Device/SiliconLabs/EFR32BG12P/Source/system_efr32bg12p.o
                0x000000002000100c                SystemHfrcoFreq
 .data.SystemLFXOClock
                0x0000000020001010        0x4 ./gecko_sdk_4.3.2/platform/Device/SiliconLabs/EFR32BG12P/Source/system_efr32bg12p.o
 .data.heap_end.0
                0x0000000020001014        0x4 ./gecko_sdk_4.3.2/platform/common/toolchain/src/sl_memory.o
 .data.auxHfrcoFreq
                0x0000000020001018        0x4 ./gecko_sdk_4.3.2/platform/emlib/src/em_cmu.o
 .data._impure_ptr
                0x000000002000101c        0x4 /home/jun/SimplicityStudio_v5/developer/toolchains/gnu_arm/10.3_2021.10/bin/../lib/gcc/arm-none-eabi/10.3.1/../../../../arm-none-eabi/lib/thumb/v7e-m+fp/softfp/libc_nano.a(lib_a-impure.o)
                0x000000002000101c                _impure_ptr
 .data.impure_data
                0x0000000020001020       0x60 /home/jun/SimplicityStudio_v5/developer/toolchains/gnu_arm/10.3_2021.10/bin/../lib/gcc/arm-none-eabi/10.3.1/../../../../arm-none-eabi/lib/thumb/v7e-m+fp/softfp/libc_nano.a(lib_a-impure.o)
 .data.print_welcome.1
                0x0000000020001080        0x1 ./app_iostream_usart.o
                0x0000000020001084                . = ALIGN (0x4)
 *fill*         0x0000000020001081        0x3 
                [!provide]                        PROVIDE (__ram_func_section_start = .)
 *(.ram)
                [!provide]                        PROVIDE (__ram_func_section_end = .)
                0x0000000020001084                . = ALIGN (0x4)
                0x0000000020001084                PROVIDE (__preinit_array_start = .)
 *(.preinit_array)
                0x0000000020001084                PROVIDE (__preinit_array_end = .)
                0x0000000020001084                . = ALIGN (0x4)
                0x0000000020001084                PROVIDE (__init_array_start = .)
 *(SORT_BY_NAME(.init_array.*))
 *(.init_array)
 .init_array    0x0000000020001084        0x4 /home/jun/SimplicityStudio_v5/developer/toolchains/gnu_arm/10.3_2021.10/bin/../lib/gcc/arm-none-eabi/10.3.1/thumb/v7e-m+fp/softfp/crtbegin.o
                0x0000000020001088                PROVIDE (__init_array_end = .)
                0x0000000020001088                . = ALIGN (0x4)
                [!provide]                        PROVIDE (__fini_array_start = .)
 *(SORT_BY_NAME(.fini_array.*))
 *(.fini_array)
 .fini_array    0x0000000020001088        0x4 /home/jun/SimplicityStudio_v5/developer/toolchains/gnu_arm/10.3_2021.10/bin/../lib/gcc/arm-none-eabi/10.3.1/thumb/v7e-m+fp/softfp/crtbegin.o
                [!provide]                        PROVIDE (__fini_array_end = .)
                0x000000002000108c                . = ALIGN (0x4)
                0x000000002000108c                __data_end__ = .

.igot.plt       0x000000002000108c        0x0 load address 0x00000000000047e4
 .igot.plt      0x000000002000108c        0x0 /home/jun/SimplicityStudio_v5/developer/toolchains/gnu_arm/10.3_2021.10/bin/../lib/gcc/arm-none-eabi/10.3.1/thumb/v7e-m+fp/softfp/crtbegin.o

.bss            0x000000002000108c      0x2bc load address 0x00000000000047e4
                0x000000002000108c                . = ALIGN (0x4)
                0x000000002000108c                __bss_start__ = .
 *(SORT_BY_ALIGNMENT(.bss*))
 .bss           0x000000002000108c       0x1c /home/jun/SimplicityStudio_v5/developer/toolchains/gnu_arm/10.3_2021.10/bin/../lib/gcc/arm-none-eabi/10.3.1/thumb/v7e-m+fp/softfp/crtbegin.o
 .bss.context_vcom
                0x00000000200010a8       0x4c ./autogen/sl_iostream_init_usart_instances.o
 .bss.sl_iostream_vcom
                0x00000000200010f4       0x18 ./autogen/sl_iostream_init_usart_instances.o
 .bss.chTable   0x000000002000110c       0x80 ./gecko_sdk_4.3.2/platform/emdrv/dmadrv/src/dmadrv.o
 .bss.dmaXfer   0x000000002000118c      0x100 ./gecko_sdk_4.3.2/platform/emdrv/dmadrv/src/dmadrv.o
 .bss.sli_iostream_default
                0x000000002000128c        0x4 ./gecko_sdk_4.3.2/platform/service/iostream/src/sl_iostream.o
 .bss.__malloc_free_list
                0x0000000020001290        0x4 /home/jun/SimplicityStudio_v5/developer/toolchains/gnu_arm/10.3_2021.10/bin/../lib/gcc/arm-none-eabi/10.3.1/../../../../arm-none-eabi/lib/thumb/v7e-m+fp/softfp/libc_nano.a(lib_a-nano-mallocr.o)
                0x0000000020001290                __malloc_free_list
 .bss.__malloc_sbrk_start
                0x0000000020001294        0x4 /home/jun/SimplicityStudio_v5/developer/toolchains/gnu_arm/10.3_2021.10/bin/../lib/gcc/arm-none-eabi/10.3.1/../../../../arm-none-eabi/lib/thumb/v7e-m+fp/softfp/libc_nano.a(lib_a-nano-mallocr.o)
                0x0000000020001294                __malloc_sbrk_start
 .bss.errno     0x0000000020001298        0x4 /home/jun/SimplicityStudio_v5/developer/toolchains/gnu_arm/10.3_2021.10/bin/../lib/gcc/arm-none-eabi/10.3.1/../../../../arm-none-eabi/lib/thumb/v7e-m+fp/softfp/libc_nano.a(lib_a-reent.o)
                0x0000000020001298                errno
 .bss.dcdcEm01LoadCurrent_mA
                0x000000002000129c        0x2 ./gecko_sdk_4.3.2/platform/emlib/src/em_emu.o
 .bss.dcdcMaxCurrent_mA
                0x000000002000129e        0x2 ./gecko_sdk_4.3.2/platform/emlib/src/em_emu.o
 .bss.dcdcReverseCurrentControl
                0x00000000200012a0        0x2 ./gecko_sdk_4.3.2/platform/emlib/src/em_emu.o
 .bss.buffer    0x00000000200012a2       0x50 ./app_iostream_usart.o
 .bss.index.0   0x00000000200012f2        0x1 ./app_iostream_usart.o
 .bss.rx_buffer_vcom
                0x00000000200012f3       0x50 ./autogen/sl_iostream_init_usart_instances.o
 .bss.initialized
                0x0000000020001343        0x1 ./gecko_sdk_4.3.2/platform/emdrv/dmadrv/src/dmadrv.o
 .bss.vScaleEM01Config
                0x0000000020001344        0x1 ./gecko_sdk_4.3.2/platform/emlib/src/em_emu.o
 .bss.__lock___malloc_recursive_mutex
                0x0000000020001345        0x1 /home/jun/SimplicityStudio_v5/developer/toolchains/gnu_arm/10.3_2021.10/bin/../lib/gcc/arm-none-eabi/10.3.1/../../../../arm-none-eabi/lib/thumb/v7e-m+fp/softfp/libc_nano.a(lib_a-lock.o)
                0x0000000020001345                __lock___malloc_recursive_mutex
 .bss.__lock___sfp_recursive_mutex
                0x0000000020001346        0x1 /home/jun/SimplicityStudio_v5/developer/toolchains/gnu_arm/10.3_2021.10/bin/../lib/gcc/arm-none-eabi/10.3.1/../../../../arm-none-eabi/lib/thumb/v7e-m+fp/softfp/libc_nano.a(lib_a-lock.o)
                0x0000000020001346                __lock___sfp_recursive_mutex
 .bss.__lock___sinit_recursive_mutex
                0x0000000020001347        0x1 /home/jun/SimplicityStudio_v5/developer/toolchains/gnu_arm/10.3_2021.10/bin/../lib/gcc/arm-none-eabi/10.3.1/../../../../arm-none-eabi/lib/thumb/v7e-m+fp/softfp/libc_nano.a(lib_a-lock.o)
                0x0000000020001347                __lock___sinit_recursive_mutex
 *(COMMON)
                0x0000000020001348                . = ALIGN (0x4)
                0x0000000020001348                __bss_end__ = .

.heap           0x0000000020001348      0x800
                0x0000000020001348                __HeapBase = .
                0x0000000020001348                __end__ = .
                0x0000000020001348                end = __end__
                0x0000000020001348                _end = __end__
 *(.heap*)
 .heap          0x0000000020001348      0x800 ./gecko_sdk_4.3.2/platform/common/toolchain/src/sl_memory.o
                0x0000000020020000                __HeapLimit = (ORIGIN (RAM) + LENGTH (RAM))
                0x000000000001ecb8                __heap_size = (__HeapLimit - __HeapBase)
                0x0000000020020000                __ram_end__ = 0x20020000
                0x0000000000100000                __main_flash_end__ = 0x100000

.internal_storage
                0x0000000000004758        0x0
 *(.internal_storage*)

.nvm            0x0000000000004758        0x0
 *(.simee*)
                0x0000000000100000                linker_nvm_end = __main_flash_end__
                0x0000000000100000                linker_nvm_begin = (linker_nvm_end - SIZEOF (.nvm))
                0x0000000000000000                linker_nvm_size = SIZEOF (.nvm)
                0x0000000000100000                linker_storage_end = linker_nvm_begin
                0x0000000000100000                __nvm3Base = linker_nvm_begin
                0x0000000000100000                linker_storage_begin = (linker_storage_end - SIZEOF (.internal_storage))
                0x0000000000000000                linker_storage_size = SIZEOF (.internal_storage)
                0x0000000000000001                ASSERT ((linker_storage_begin >= (__etext + SIZEOF (.data))), FLASH memory overflowed !)
OUTPUT(iostream_usart_baremetal.axf elf32-littlearm)
LOAD linker stubs

.ARM.attributes
                0x0000000000000000       0x2e
 .ARM.attributes
                0x0000000000000000       0x1e /home/jun/SimplicityStudio_v5/developer/toolchains/gnu_arm/10.3_2021.10/bin/../lib/gcc/arm-none-eabi/10.3.1/thumb/v7e-m+fp/softfp/crti.o
 .ARM.attributes
                0x000000000000001e       0x32 /home/jun/SimplicityStudio_v5/developer/toolchains/gnu_arm/10.3_2021.10/bin/../lib/gcc/arm-none-eabi/10.3.1/thumb/v7e-m+fp/softfp/crtbegin.o
 .ARM.attributes
                0x0000000000000050       0x1c /home/jun/SimplicityStudio_v5/developer/toolchains/gnu_arm/10.3_2021.10/bin/../lib/gcc/arm-none-eabi/10.3.1/../../../../arm-none-eabi/lib/thumb/v7e-m+fp/softfp/crt0.o
 .ARM.attributes
                0x000000000000006c       0x32 ./app.o
 .ARM.attributes
                0x000000000000009e       0x32 ./app_iostream_usart.o
 .ARM.attributes
                0x00000000000000d0       0x32 ./main.o
 .ARM.attributes
                0x0000000000000102       0x32 ./autogen/sl_device_init_clocks.o
 .ARM.attributes
                0x0000000000000134       0x32 ./autogen/sl_event_handler.o
 .ARM.attributes
                0x0000000000000166       0x32 ./autogen/sl_iostream_init_usart_instances.o
 .ARM.attributes
                0x0000000000000198       0x32 ./gecko_sdk_4.3.2/platform/Device/SiliconLabs/EFR32BG12P/Source/startup_efr32bg12p.o
 .ARM.attributes
                0x00000000000001ca       0x32 ./gecko_sdk_4.3.2/platform/Device/SiliconLabs/EFR32BG12P/Source/system_efr32bg12p.o
 .ARM.attributes
                0x00000000000001fc       0x32 ./gecko_sdk_4.3.2/platform/bootloader/app_properties/app_properties.o
 .ARM.attributes
                0x000000000000022e       0x32 ./gecko_sdk_4.3.2/platform/common/src/sl_assert.o
 .ARM.attributes
                0x0000000000000260       0x32 ./gecko_sdk_4.3.2/platform/common/toolchain/src/sl_memory.o
 .ARM.attributes
                0x0000000000000292       0x32 ./gecko_sdk_4.3.2/platform/emdrv/dmadrv/src/dmadrv.o
 .ARM.attributes
                0x00000000000002c4       0x32 ./gecko_sdk_4.3.2/platform/emlib/src/em_cmu.o
 .ARM.attributes
                0x00000000000002f6       0x32 ./gecko_sdk_4.3.2/platform/emlib/src/em_core.o
 .ARM.attributes
                0x0000000000000328       0x32 ./gecko_sdk_4.3.2/platform/emlib/src/em_emu.o
 .ARM.attributes
                0x000000000000035a       0x32 ./gecko_sdk_4.3.2/platform/emlib/src/em_gpio.o
 .ARM.attributes
                0x000000000000038c       0x32 ./gecko_sdk_4.3.2/platform/emlib/src/em_ldma.o
 .ARM.attributes
                0x00000000000003be       0x32 ./gecko_sdk_4.3.2/platform/emlib/src/em_system.o
 .ARM.attributes
                0x00000000000003f0       0x32 ./gecko_sdk_4.3.2/platform/emlib/src/em_usart.o
 .ARM.attributes
                0x0000000000000422       0x32 ./gecko_sdk_4.3.2/platform/service/device_init/src/sl_device_init_dcdc_s1.o
 .ARM.attributes
                0x0000000000000454       0x32 ./gecko_sdk_4.3.2/platform/service/device_init/src/sl_device_init_emu_s1.o
 .ARM.attributes
                0x0000000000000486       0x32 ./gecko_sdk_4.3.2/platform/service/device_init/src/sl_device_init_nvic.o
 .ARM.attributes
                0x00000000000004b8       0x32 ./gecko_sdk_4.3.2/platform/service/iostream/src/sl_iostream.o
 .ARM.attributes
                0x00000000000004ea       0x32 ./gecko_sdk_4.3.2/platform/service/iostream/src/sl_iostream_retarget_stdio.o
 .ARM.attributes
                0x000000000000051c       0x32 ./gecko_sdk_4.3.2/platform/service/iostream/src/sl_iostream_uart.o
 .ARM.attributes
                0x000000000000054e       0x32 ./gecko_sdk_4.3.2/platform/service/iostream/src/sl_iostream_usart.o
 .ARM.attributes
                0x0000000000000580       0x32 ./gecko_sdk_4.3.2/platform/service/system/src/sl_system_init.o
 .ARM.attributes
                0x00000000000005b2       0x32 ./gecko_sdk_4.3.2/platform/service/system/src/sl_system_process_action.o
 .ARM.attributes
                0x00000000000005e4       0x32 /home/jun/SimplicityStudio_v5/developer/toolchains/gnu_arm/10.3_2021.10/bin/../lib/gcc/arm-none-eabi/10.3.1/../../../../arm-none-eabi/lib/thumb/v7e-m+fp/softfp/libc_nano.a(lib_a-exit.o)
 .ARM.attributes
                0x0000000000000616       0x32 /home/jun/SimplicityStudio_v5/developer/toolchains/gnu_arm/10.3_2021.10/bin/../lib/gcc/arm-none-eabi/10.3.1/../../../../arm-none-eabi/lib/thumb/v7e-m+fp/softfp/libc_nano.a(lib_a-getchar.o)
 .ARM.attributes
                0x0000000000000648       0x32 /home/jun/SimplicityStudio_v5/developer/toolchains/gnu_arm/10.3_2021.10/bin/../lib/gcc/arm-none-eabi/10.3.1/../../../../arm-none-eabi/lib/thumb/v7e-m+fp/softfp/libc_nano.a(lib_a-impure.o)
 .ARM.attributes
                0x000000000000067a       0x32 /home/jun/SimplicityStudio_v5/developer/toolchains/gnu_arm/10.3_2021.10/bin/../lib/gcc/arm-none-eabi/10.3.1/../../../../arm-none-eabi/lib/thumb/v7e-m+fp/softfp/libc_nano.a(lib_a-init.o)
 .ARM.attributes
                0x00000000000006ac       0x32 /home/jun/SimplicityStudio_v5/developer/toolchains/gnu_arm/10.3_2021.10/bin/../lib/gcc/arm-none-eabi/10.3.1/../../../../arm-none-eabi/lib/thumb/v7e-m+fp/softfp/libc_nano.a(lib_a-memcpy-stub.o)
 .ARM.attributes
                0x00000000000006de       0x32 /home/jun/SimplicityStudio_v5/developer/toolchains/gnu_arm/10.3_2021.10/bin/../lib/gcc/arm-none-eabi/10.3.1/../../../../arm-none-eabi/lib/thumb/v7e-m+fp/softfp/libc_nano.a(lib_a-memset.o)
 .ARM.attributes
                0x0000000000000710       0x32 /home/jun/SimplicityStudio_v5/developer/toolchains/gnu_arm/10.3_2021.10/bin/../lib/gcc/arm-none-eabi/10.3.1/../../../../arm-none-eabi/lib/thumb/v7e-m+fp/softfp/libc_nano.a(lib_a-printf.o)
 .ARM.attributes
                0x0000000000000742       0x32 /home/jun/SimplicityStudio_v5/developer/toolchains/gnu_arm/10.3_2021.10/bin/../lib/gcc/arm-none-eabi/10.3.1/../../../../arm-none-eabi/lib/thumb/v7e-m+fp/softfp/libc_nano.a(lib_a-putchar.o)
 .ARM.attributes
                0x0000000000000774       0x32 /home/jun/SimplicityStudio_v5/developer/toolchains/gnu_arm/10.3_2021.10/bin/../lib/gcc/arm-none-eabi/10.3.1/../../../../arm-none-eabi/lib/thumb/v7e-m+fp/softfp/libc_nano.a(lib_a-puts.o)
 .ARM.attributes
                0x00000000000007a6       0x32 /home/jun/SimplicityStudio_v5/developer/toolchains/gnu_arm/10.3_2021.10/bin/../lib/gcc/arm-none-eabi/10.3.1/../../../../arm-none-eabi/lib/thumb/v7e-m+fp/softfp/libc_nano.a(lib_a-setvbuf.o)
 .ARM.attributes
                0x00000000000007d8       0x17 /home/jun/SimplicityStudio_v5/developer/toolchains/gnu_arm/10.3_2021.10/bin/../lib/gcc/arm-none-eabi/10.3.1/../../../../arm-none-eabi/lib/thumb/v7e-m+fp/softfp/libc_nano.a(lib_a-strlen.o)
 .ARM.attributes
                0x00000000000007ef       0x32 /home/jun/SimplicityStudio_v5/developer/toolchains/gnu_arm/10.3_2021.10/bin/../lib/gcc/arm-none-eabi/10.3.1/../../../../arm-none-eabi/lib/thumb/v7e-m+fp/softfp/libc_nano.a(lib_a-wbuf.o)
 .ARM.attributes
                0x0000000000000821       0x32 /home/jun/SimplicityStudio_v5/developer/toolchains/gnu_arm/10.3_2021.10/bin/../lib/gcc/arm-none-eabi/10.3.1/../../../../arm-none-eabi/lib/thumb/v7e-m+fp/softfp/libc_nano.a(lib_a-wsetup.o)
 .ARM.attributes
                0x0000000000000853       0x32 /home/jun/SimplicityStudio_v5/developer/toolchains/gnu_arm/10.3_2021.10/bin/../lib/gcc/arm-none-eabi/10.3.1/../../../../arm-none-eabi/lib/thumb/v7e-m+fp/softfp/libc_nano.a(lib_a-fflush.o)
 .ARM.attributes
                0x0000000000000885       0x32 /home/jun/SimplicityStudio_v5/developer/toolchains/gnu_arm/10.3_2021.10/bin/../lib/gcc/arm-none-eabi/10.3.1/../../../../arm-none-eabi/lib/thumb/v7e-m+fp/softfp/libc_nano.a(lib_a-findfp.o)
 .ARM.attributes
                0x00000000000008b7       0x32 /home/jun/SimplicityStudio_v5/developer/toolchains/gnu_arm/10.3_2021.10/bin/../lib/gcc/arm-none-eabi/10.3.1/../../../../arm-none-eabi/lib/thumb/v7e-m+fp/softfp/libc_nano.a(lib_a-fwalk.o)
 .ARM.attributes
                0x00000000000008e9       0x32 /home/jun/SimplicityStudio_v5/developer/toolchains/gnu_arm/10.3_2021.10/bin/../lib/gcc/arm-none-eabi/10.3.1/../../../../arm-none-eabi/lib/thumb/v7e-m+fp/softfp/libc_nano.a(lib_a-getc.o)
 .ARM.attributes
                0x000000000000091b       0x32 /home/jun/SimplicityStudio_v5/developer/toolchains/gnu_arm/10.3_2021.10/bin/../lib/gcc/arm-none-eabi/10.3.1/../../../../arm-none-eabi/lib/thumb/v7e-m+fp/softfp/libc_nano.a(lib_a-lock.o)
 .ARM.attributes
                0x000000000000094d       0x32 /home/jun/SimplicityStudio_v5/developer/toolchains/gnu_arm/10.3_2021.10/bin/../lib/gcc/arm-none-eabi/10.3.1/../../../../arm-none-eabi/lib/thumb/v7e-m+fp/softfp/libc_nano.a(lib_a-makebuf.o)
 .ARM.attributes
                0x000000000000097f       0x32 /home/jun/SimplicityStudio_v5/developer/toolchains/gnu_arm/10.3_2021.10/bin/../lib/gcc/arm-none-eabi/10.3.1/../../../../arm-none-eabi/lib/thumb/v7e-m+fp/softfp/libc_nano.a(lib_a-malloc.o)
 .ARM.attributes
                0x00000000000009b1       0x32 /home/jun/SimplicityStudio_v5/developer/toolchains/gnu_arm/10.3_2021.10/bin/../lib/gcc/arm-none-eabi/10.3.1/../../../../arm-none-eabi/lib/thumb/v7e-m+fp/softfp/libc_nano.a(lib_a-nano-freer.o)
 .ARM.attributes
                0x00000000000009e3       0x32 /home/jun/SimplicityStudio_v5/developer/toolchains/gnu_arm/10.3_2021.10/bin/../lib/gcc/arm-none-eabi/10.3.1/../../../../arm-none-eabi/lib/thumb/v7e-m+fp/softfp/libc_nano.a(lib_a-nano-mallocr.o)
 .ARM.attributes
                0x0000000000000a15       0x32 /home/jun/SimplicityStudio_v5/developer/toolchains/gnu_arm/10.3_2021.10/bin/../lib/gcc/arm-none-eabi/10.3.1/../../../../arm-none-eabi/lib/thumb/v7e-m+fp/softfp/libc_nano.a(lib_a-nano-vfprintf.o)
 .ARM.attributes
                0x0000000000000a47       0x32 /home/jun/SimplicityStudio_v5/developer/toolchains/gnu_arm/10.3_2021.10/bin/../lib/gcc/arm-none-eabi/10.3.1/../../../../arm-none-eabi/lib/thumb/v7e-m+fp/softfp/libc_nano.a(lib_a-nano-vfprintf_i.o)
 .ARM.attributes
                0x0000000000000a79       0x32 /home/jun/SimplicityStudio_v5/developer/toolchains/gnu_arm/10.3_2021.10/bin/../lib/gcc/arm-none-eabi/10.3.1/../../../../arm-none-eabi/lib/thumb/v7e-m+fp/softfp/libc_nano.a(lib_a-putc.o)
 .ARM.attributes
                0x0000000000000aab       0x32 /home/jun/SimplicityStudio_v5/developer/toolchains/gnu_arm/10.3_2021.10/bin/../lib/gcc/arm-none-eabi/10.3.1/../../../../arm-none-eabi/lib/thumb/v7e-m+fp/softfp/libc_nano.a(lib_a-rget.o)
 .ARM.attributes
                0x0000000000000add       0x32 /home/jun/SimplicityStudio_v5/developer/toolchains/gnu_arm/10.3_2021.10/bin/../lib/gcc/arm-none-eabi/10.3.1/../../../../arm-none-eabi/lib/thumb/v7e-m+fp/softfp/libc_nano.a(lib_a-sbrkr.o)
 .ARM.attributes
                0x0000000000000b0f       0x32 /home/jun/SimplicityStudio_v5/developer/toolchains/gnu_arm/10.3_2021.10/bin/../lib/gcc/arm-none-eabi/10.3.1/../../../../arm-none-eabi/lib/thumb/v7e-m+fp/softfp/libc_nano.a(lib_a-stdio.o)
 .ARM.attributes
                0x0000000000000b41       0x32 /home/jun/SimplicityStudio_v5/developer/toolchains/gnu_arm/10.3_2021.10/bin/../lib/gcc/arm-none-eabi/10.3.1/../../../../arm-none-eabi/lib/thumb/v7e-m+fp/softfp/libc_nano.a(lib_a-writer.o)
 .ARM.attributes
                0x0000000000000b73       0x32 /home/jun/SimplicityStudio_v5/developer/toolchains/gnu_arm/10.3_2021.10/bin/../lib/gcc/arm-none-eabi/10.3.1/../../../../arm-none-eabi/lib/thumb/v7e-m+fp/softfp/libc_nano.a(lib_a-closer.o)
 .ARM.attributes
                0x0000000000000ba5       0x32 /home/jun/SimplicityStudio_v5/developer/toolchains/gnu_arm/10.3_2021.10/bin/../lib/gcc/arm-none-eabi/10.3.1/../../../../arm-none-eabi/lib/thumb/v7e-m+fp/softfp/libc_nano.a(lib_a-fstatr.o)
 .ARM.attributes
                0x0000000000000bd7       0x32 /home/jun/SimplicityStudio_v5/developer/toolchains/gnu_arm/10.3_2021.10/bin/../lib/gcc/arm-none-eabi/10.3.1/../../../../arm-none-eabi/lib/thumb/v7e-m+fp/softfp/libc_nano.a(lib_a-isattyr.o)
 .ARM.attributes
                0x0000000000000c09       0x32 /home/jun/SimplicityStudio_v5/developer/toolchains/gnu_arm/10.3_2021.10/bin/../lib/gcc/arm-none-eabi/10.3.1/../../../../arm-none-eabi/lib/thumb/v7e-m+fp/softfp/libc_nano.a(lib_a-lseekr.o)
 .ARM.attributes
                0x0000000000000c3b       0x1c /home/jun/SimplicityStudio_v5/developer/toolchains/gnu_arm/10.3_2021.10/bin/../lib/gcc/arm-none-eabi/10.3.1/../../../../arm-none-eabi/lib/thumb/v7e-m+fp/softfp/libc_nano.a(lib_a-memchr.o)
 .ARM.attributes
                0x0000000000000c57       0x32 /home/jun/SimplicityStudio_v5/developer/toolchains/gnu_arm/10.3_2021.10/bin/../lib/gcc/arm-none-eabi/10.3.1/../../../../arm-none-eabi/lib/thumb/v7e-m+fp/softfp/libc_nano.a(lib_a-mlock.o)
 .ARM.attributes
                0x0000000000000c89       0x32 /home/jun/SimplicityStudio_v5/developer/toolchains/gnu_arm/10.3_2021.10/bin/../lib/gcc/arm-none-eabi/10.3.1/../../../../arm-none-eabi/lib/thumb/v7e-m+fp/softfp/libc_nano.a(lib_a-readr.o)
 .ARM.attributes
                0x0000000000000cbb       0x32 /home/jun/SimplicityStudio_v5/developer/toolchains/gnu_arm/10.3_2021.10/bin/../lib/gcc/arm-none-eabi/10.3.1/../../../../arm-none-eabi/lib/thumb/v7e-m+fp/softfp/libc_nano.a(lib_a-reent.o)
 .ARM.attributes
                0x0000000000000ced       0x32 /home/jun/SimplicityStudio_v5/developer/toolchains/gnu_arm/10.3_2021.10/bin/../lib/gcc/arm-none-eabi/10.3.1/../../../../arm-none-eabi/lib/thumb/v7e-m+fp/softfp/libc_nano.a(lib_a-refill.o)
 .ARM.attributes
                0x0000000000000d1f       0x1e /home/jun/SimplicityStudio_v5/developer/toolchains/gnu_arm/10.3_2021.10/bin/../lib/gcc/arm-none-eabi/10.3.1/thumb/v7e-m+fp/softfp/crtn.o

.comment        0x0000000000000000       0x49
 .comment       0x0000000000000000       0x49 ./app.o
                                         0x4a (size before relaxing)
 .comment       0x0000000000000049       0x4a ./app_iostream_usart.o
 .comment       0x0000000000000049       0x4a ./main.o
 .comment       0x0000000000000049       0x4a ./autogen/sl_device_init_clocks.o
 .comment       0x0000000000000049       0x4a ./autogen/sl_event_handler.o
 .comment       0x0000000000000049       0x4a ./autogen/sl_iostream_init_usart_instances.o
 .comment       0x0000000000000049       0x4a ./gecko_sdk_4.3.2/platform/Device/SiliconLabs/EFR32BG12P/Source/startup_efr32bg12p.o
 .comment       0x0000000000000049       0x4a ./gecko_sdk_4.3.2/platform/Device/SiliconLabs/EFR32BG12P/Source/system_efr32bg12p.o
 .comment       0x0000000000000049       0x4a ./gecko_sdk_4.3.2/platform/bootloader/app_properties/app_properties.o
 .comment       0x0000000000000049       0x4a ./gecko_sdk_4.3.2/platform/common/src/sl_assert.o
 .comment       0x0000000000000049       0x4a ./gecko_sdk_4.3.2/platform/common/toolchain/src/sl_memory.o
 .comment       0x0000000000000049       0x4a ./gecko_sdk_4.3.2/platform/emdrv/dmadrv/src/dmadrv.o
 .comment       0x0000000000000049       0x4a ./gecko_sdk_4.3.2/platform/emlib/src/em_cmu.o
 .comment       0x0000000000000049       0x4a ./gecko_sdk_4.3.2/platform/emlib/src/em_core.o
 .comment       0x0000000000000049       0x4a ./gecko_sdk_4.3.2/platform/emlib/src/em_emu.o
 .comment       0x0000000000000049       0x4a ./gecko_sdk_4.3.2/platform/emlib/src/em_gpio.o
 .comment       0x0000000000000049       0x4a ./gecko_sdk_4.3.2/platform/emlib/src/em_ldma.o
 .comment       0x0000000000000049       0x4a ./gecko_sdk_4.3.2/platform/emlib/src/em_system.o
 .comment       0x0000000000000049       0x4a ./gecko_sdk_4.3.2/platform/emlib/src/em_usart.o
 .comment       0x0000000000000049       0x4a ./gecko_sdk_4.3.2/platform/service/device_init/src/sl_device_init_dcdc_s1.o
 .comment       0x0000000000000049       0x4a ./gecko_sdk_4.3.2/platform/service/device_init/src/sl_device_init_emu_s1.o
 .comment       0x0000000000000049       0x4a ./gecko_sdk_4.3.2/platform/service/device_init/src/sl_device_init_nvic.o
 .comment       0x0000000000000049       0x4a ./gecko_sdk_4.3.2/platform/service/iostream/src/sl_iostream.o
 .comment       0x0000000000000049       0x4a ./gecko_sdk_4.3.2/platform/service/iostream/src/sl_iostream_retarget_stdio.o
 .comment       0x0000000000000049       0x4a ./gecko_sdk_4.3.2/platform/service/iostream/src/sl_iostream_uart.o
 .comment       0x0000000000000049       0x4a ./gecko_sdk_4.3.2/platform/service/iostream/src/sl_iostream_usart.o
 .comment       0x0000000000000049       0x4a ./gecko_sdk_4.3.2/platform/service/system/src/sl_system_init.o
 .comment       0x0000000000000049       0x4a ./gecko_sdk_4.3.2/platform/service/system/src/sl_system_process_action.o

.debug_info     0x0000000000000000    0x17d2a
 .debug_info    0x0000000000000000       0x90 ./app.o
 .debug_info    0x0000000000000090      0xbc1 ./app_iostream_usart.o
 .debug_info    0x0000000000000c51       0xad ./main.o
 .debug_info    0x0000000000000cfe      0x849 ./autogen/sl_device_init_clocks.o
 .debug_info    0x0000000000001547      0x927 ./autogen/sl_event_handler.o
 .debug_info    0x0000000000001e6e     0x1371 ./autogen/sl_iostream_init_usart_instances.o
 .debug_info    0x00000000000031df      0x4f8 ./gecko_sdk_4.3.2/platform/Device/SiliconLabs/EFR32BG12P/Source/startup_efr32bg12p.o
 .debug_info    0x00000000000036d7      0x9c5 ./gecko_sdk_4.3.2/platform/Device/SiliconLabs/EFR32BG12P/Source/system_efr32bg12p.o
 .debug_info    0x000000000000409c      0x24b ./gecko_sdk_4.3.2/platform/bootloader/app_properties/app_properties.o
 .debug_info    0x00000000000042e7       0x86 ./gecko_sdk_4.3.2/platform/common/src/sl_assert.o
 .debug_info    0x000000000000436d      0x205 ./gecko_sdk_4.3.2/platform/common/toolchain/src/sl_memory.o
 .debug_info    0x0000000000004572     0x19c1 ./gecko_sdk_4.3.2/platform/emdrv/dmadrv/src/dmadrv.o
 .debug_info    0x0000000000005f33     0x4594 ./gecko_sdk_4.3.2/platform/emlib/src/em_cmu.o
 .debug_info    0x000000000000a4c7     0x119a ./gecko_sdk_4.3.2/platform/emlib/src/em_core.o
 .debug_info    0x000000000000b661     0x38d0 ./gecko_sdk_4.3.2/platform/emlib/src/em_emu.o
 .debug_info    0x000000000000ef31      0xf97 ./gecko_sdk_4.3.2/platform/emlib/src/em_gpio.o
 .debug_info    0x000000000000fec8     0x17c2 ./gecko_sdk_4.3.2/platform/emlib/src/em_ldma.o
 .debug_info    0x000000000001168a      0xc19 ./gecko_sdk_4.3.2/platform/emlib/src/em_system.o
 .debug_info    0x00000000000122a3     0x1542 ./gecko_sdk_4.3.2/platform/emlib/src/em_usart.o
 .debug_info    0x00000000000137e5      0x26f ./gecko_sdk_4.3.2/platform/service/device_init/src/sl_device_init_dcdc_s1.o
 .debug_info    0x0000000000013a54      0x1df ./gecko_sdk_4.3.2/platform/service/device_init/src/sl_device_init_emu_s1.o
 .debug_info    0x0000000000013c33      0x609 ./gecko_sdk_4.3.2/platform/service/device_init/src/sl_device_init_nvic.o
 .debug_info    0x000000000001423c      0x5f8 ./gecko_sdk_4.3.2/platform/service/iostream/src/sl_iostream.o
 .debug_info    0x0000000000014834      0x5b7 ./gecko_sdk_4.3.2/platform/service/iostream/src/sl_iostream_retarget_stdio.o
 .debug_info    0x0000000000014deb     0x178b ./gecko_sdk_4.3.2/platform/service/iostream/src/sl_iostream_uart.o
 .debug_info    0x0000000000016576     0x1657 ./gecko_sdk_4.3.2/platform/service/iostream/src/sl_iostream_usart.o
 .debug_info    0x0000000000017bcd       0xba ./gecko_sdk_4.3.2/platform/service/system/src/sl_system_init.o
 .debug_info    0x0000000000017c87       0xa3 ./gecko_sdk_4.3.2/platform/service/system/src/sl_system_process_action.o

.debug_abbrev   0x0000000000000000     0x3c20
 .debug_abbrev  0x0000000000000000       0x54 ./app.o
 .debug_abbrev  0x0000000000000054      0x215 ./app_iostream_usart.o
 .debug_abbrev  0x0000000000000269       0x5e ./main.o
 .debug_abbrev  0x00000000000002c7      0x12c ./autogen/sl_device_init_clocks.o
 .debug_abbrev  0x00000000000003f3      0x17c ./autogen/sl_event_handler.o
 .debug_abbrev  0x000000000000056f      0x257 ./autogen/sl_iostream_init_usart_instances.o
 .debug_abbrev  0x00000000000007c6      0x1da ./gecko_sdk_4.3.2/platform/Device/SiliconLabs/EFR32BG12P/Source/startup_efr32bg12p.o
 .debug_abbrev  0x00000000000009a0      0x231 ./gecko_sdk_4.3.2/platform/Device/SiliconLabs/EFR32BG12P/Source/system_efr32bg12p.o
 .debug_abbrev  0x0000000000000bd1       0xac ./gecko_sdk_4.3.2/platform/bootloader/app_properties/app_properties.o
 .debug_abbrev  0x0000000000000c7d       0x6c ./gecko_sdk_4.3.2/platform/common/src/sl_assert.o
 .debug_abbrev  0x0000000000000ce9      0x11e ./gecko_sdk_4.3.2/platform/common/toolchain/src/sl_memory.o
 .debug_abbrev  0x0000000000000e07      0x39a ./gecko_sdk_4.3.2/platform/emdrv/dmadrv/src/dmadrv.o
 .debug_abbrev  0x00000000000011a1      0x56f ./gecko_sdk_4.3.2/platform/emlib/src/em_cmu.o
 .debug_abbrev  0x0000000000001710      0x338 ./gecko_sdk_4.3.2/platform/emlib/src/em_core.o
 .debug_abbrev  0x0000000000001a48      0x58c ./gecko_sdk_4.3.2/platform/emlib/src/em_emu.o
 .debug_abbrev  0x0000000000001fd4      0x313 ./gecko_sdk_4.3.2/platform/emlib/src/em_gpio.o
 .debug_abbrev  0x00000000000022e7      0x40f ./gecko_sdk_4.3.2/platform/emlib/src/em_ldma.o
 .debug_abbrev  0x00000000000026f6      0x262 ./gecko_sdk_4.3.2/platform/emlib/src/em_system.o
 .debug_abbrev  0x0000000000002958      0x32b ./gecko_sdk_4.3.2/platform/emlib/src/em_usart.o
 .debug_abbrev  0x0000000000002c83       0xf3 ./gecko_sdk_4.3.2/platform/service/device_init/src/sl_device_init_dcdc_s1.o
 .debug_abbrev  0x0000000000002d76       0xf3 ./gecko_sdk_4.3.2/platform/service/device_init/src/sl_device_init_emu_s1.o
 .debug_abbrev  0x0000000000002e69      0x153 ./gecko_sdk_4.3.2/platform/service/device_init/src/sl_device_init_nvic.o
 .debug_abbrev  0x0000000000002fbc      0x269 ./gecko_sdk_4.3.2/platform/service/iostream/src/sl_iostream.o
 .debug_abbrev  0x0000000000003225      0x198 ./gecko_sdk_4.3.2/platform/service/iostream/src/sl_iostream_retarget_stdio.o
 .debug_abbrev  0x00000000000033bd      0x449 ./gecko_sdk_4.3.2/platform/service/iostream/src/sl_iostream_uart.o
 .debug_abbrev  0x0000000000003806      0x35c ./gecko_sdk_4.3.2/platform/service/iostream/src/sl_iostream_usart.o
 .debug_abbrev  0x0000000000003b62       0x5f ./gecko_sdk_4.3.2/platform/service/system/src/sl_system_init.o
 .debug_abbrev  0x0000000000003bc1       0x5f ./gecko_sdk_4.3.2/platform/service/system/src/sl_system_process_action.o

.debug_aranges  0x0000000000000000      0xa78
 .debug_aranges
                0x0000000000000000       0x28 ./app.o
 .debug_aranges
                0x0000000000000028       0x28 ./app_iostream_usart.o
 .debug_aranges
                0x0000000000000050       0x20 ./main.o
 .debug_aranges
                0x0000000000000070       0x20 ./autogen/sl_device_init_clocks.o
 .debug_aranges
                0x0000000000000090       0x30 ./autogen/sl_event_handler.o
 .debug_aranges
                0x00000000000000c0       0x30 ./autogen/sl_iostream_init_usart_instances.o
 .debug_aranges
                0x00000000000000f0       0x28 ./gecko_sdk_4.3.2/platform/Device/SiliconLabs/EFR32BG12P/Source/startup_efr32bg12p.o
 .debug_aranges
                0x0000000000000118       0x68 ./gecko_sdk_4.3.2/platform/Device/SiliconLabs/EFR32BG12P/Source/system_efr32bg12p.o
 .debug_aranges
                0x0000000000000180       0x18 ./gecko_sdk_4.3.2/platform/bootloader/app_properties/app_properties.o
 .debug_aranges
                0x0000000000000198       0x20 ./gecko_sdk_4.3.2/platform/common/src/sl_assert.o
 .debug_aranges
                0x00000000000001b8       0x30 ./gecko_sdk_4.3.2/platform/common/toolchain/src/sl_memory.o
 .debug_aranges
                0x00000000000001e8       0xa8 ./gecko_sdk_4.3.2/platform/emdrv/dmadrv/src/dmadrv.o
 .debug_aranges
                0x0000000000000290      0x1c0 ./gecko_sdk_4.3.2/platform/emlib/src/em_cmu.o
 .debug_aranges
                0x0000000000000450       0xe8 ./gecko_sdk_4.3.2/platform/emlib/src/em_core.o
 .debug_aranges
                0x0000000000000538      0x160 ./gecko_sdk_4.3.2/platform/emlib/src/em_emu.o
 .debug_aranges
                0x0000000000000698       0x70 ./gecko_sdk_4.3.2/platform/emlib/src/em_gpio.o
 .debug_aranges
                0x0000000000000708       0x50 ./gecko_sdk_4.3.2/platform/emlib/src/em_ldma.o
 .debug_aranges
                0x0000000000000758       0x78 ./gecko_sdk_4.3.2/platform/emlib/src/em_system.o
 .debug_aranges
                0x00000000000007d0       0xb8 ./gecko_sdk_4.3.2/platform/emlib/src/em_usart.o
 .debug_aranges
                0x0000000000000888       0x20 ./gecko_sdk_4.3.2/platform/service/device_init/src/sl_device_init_dcdc_s1.o
 .debug_aranges
                0x00000000000008a8       0x20 ./gecko_sdk_4.3.2/platform/service/device_init/src/sl_device_init_emu_s1.o
 .debug_aranges
                0x00000000000008c8       0x20 ./gecko_sdk_4.3.2/platform/service/device_init/src/sl_device_init_nvic.o
 .debug_aranges
                0x00000000000008e8       0x58 ./gecko_sdk_4.3.2/platform/service/iostream/src/sl_iostream.o
 .debug_aranges
                0x0000000000000940       0x60 ./gecko_sdk_4.3.2/platform/service/iostream/src/sl_iostream_retarget_stdio.o
 .debug_aranges
                0x00000000000009a0       0x58 ./gecko_sdk_4.3.2/platform/service/iostream/src/sl_iostream_uart.o
 .debug_aranges
                0x00000000000009f8       0x40 ./gecko_sdk_4.3.2/platform/service/iostream/src/sl_iostream_usart.o
 .debug_aranges
                0x0000000000000a38       0x20 ./gecko_sdk_4.3.2/platform/service/system/src/sl_system_init.o
 .debug_aranges
                0x0000000000000a58       0x20 ./gecko_sdk_4.3.2/platform/service/system/src/sl_system_process_action.o

.debug_ranges   0x0000000000000000     0x1168
 .debug_ranges  0x0000000000000000       0x18 ./app.o