Archive member included to satisfy reference by file (symbol)

/home/jun/SimplicityStudio_v5/developer/toolchains/gnu_arm/10.3_2021.10/bin/../lib/gcc/arm-none-eabi/10.3.1/thumb/v7e-m+fp/softfp/libgcc.a(_aeabi_ldivmod.o)
                              ./gecko_sdk_4.3.2/platform/emlib/src/em_usart.o (__aeabi_ldivmod)
/home/jun/SimplicityStudio_v5/developer/toolchains/gnu_arm/10.3_2021.10/bin/../lib/gcc/arm-none-eabi/10.3.1/thumb/v7e-m+fp/softfp/libgcc.a(_aeabi_uldivmod.o)
                              ./gecko_sdk_4.3.2/platform/emlib/src/em_usart.o (__aeabi_uldivmod)
/home/jun/SimplicityStudio_v5/developer/toolchains/gnu_arm/10.3_2021.10/bin/../lib/gcc/arm-none-eabi/10.3.1/thumb/v7e-m+fp/softfp/libgcc.a(_udivmoddi4.o)
                              /home/jun/SimplicityStudio_v5/developer/toolchains/gnu_arm/10.3_2021.10/bin/../lib/gcc/arm-none-eabi/10.3.1/thumb/v7e-m+fp/softfp/libgcc.a(_aeabi_ldivmod.o) (__udivmoddi4)
/home/jun/SimplicityStudio_v5/developer/toolchains/gnu_arm/10.3_2021.10/bin/../lib/gcc/arm-none-eabi/10.3.1/thumb/v7e-m+fp/softfp/libgcc.a(_dvmd_tls.o)
                              /home/jun/SimplicityStudio_v5/developer/toolchains/gnu_arm/10.3_2021.10/bin/../lib/gcc/arm-none-eabi/10.3.1/thumb/v7e-m+fp/softfp/libgcc.a(_aeabi_ldivmod.o) (__aeabi_ldiv0)
/home/jun/SimplicityStudio_v5/developer/toolchains/gnu_arm/10.3_2021.10/bin/../lib/gcc/arm-none-eabi/10.3.1/../../../../arm-none-eabi/lib/thumb/v7e-m+fp/softfp/libc_nano.a(lib_a-calloc.o)
                              ./gecko_sdk_4.3.2/util/silicon_labs/silabs_core/memory_manager/sl_malloc.o (calloc)
/home/jun/SimplicityStudio_v5/developer/toolchains/gnu_arm/10.3_2021.10/bin/../lib/gcc/arm-none-eabi/10.3.1/../../../../arm-none-eabi/lib/thumb/v7e-m+fp/softfp/libc_nano.a(lib_a-ctype_.o)
                              ./gecko_sdk_4.3.2/platform/bootloader/security/ecc/ecc.o (_ctype_)
/home/jun/SimplicityStudio_v5/developer/toolchains/gnu_arm/10.3_2021.10/bin/../lib/gcc/arm-none-eabi/10.3.1/../../../../arm-none-eabi/lib/thumb/v7e-m+fp/softfp/libc_nano.a(lib_a-exit.o)
                              /home/jun/SimplicityStudio_v5/developer/toolchains/gnu_arm/10.3_2021.10/bin/../lib/gcc/arm-none-eabi/10.3.1/../../../../arm-none-eabi/lib/thumb/v7e-m+fp/softfp/crt0.o (exit)
/home/jun/SimplicityStudio_v5/developer/toolchains/gnu_arm/10.3_2021.10/bin/../lib/gcc/arm-none-eabi/10.3.1/../../../../arm-none-eabi/lib/thumb/v7e-m+fp/softfp/libc_nano.a(lib_a-impure.o)
                              /home/jun/SimplicityStudio_v5/developer/toolchains/gnu_arm/10.3_2021.10/bin/../lib/gcc/arm-none-eabi/10.3.1/../../../../arm-none-eabi/lib/thumb/v7e-m+fp/softfp/libc_nano.a(lib_a-exit.o) (_global_impure_ptr)
/home/jun/SimplicityStudio_v5/developer/toolchains/gnu_arm/10.3_2021.10/bin/../lib/gcc/arm-none-eabi/10.3.1/../../../../arm-none-eabi/lib/thumb/v7e-m+fp/softfp/libc_nano.a(lib_a-init.o)
                              /home/jun/SimplicityStudio_v5/developer/toolchains/gnu_arm/10.3_2021.10/bin/../lib/gcc/arm-none-eabi/10.3.1/../../../../arm-none-eabi/lib/thumb/v7e-m+fp/softfp/crt0.o (__libc_init_array)
/home/jun/SimplicityStudio_v5/developer/toolchains/gnu_arm/10.3_2021.10/bin/../lib/gcc/arm-none-eabi/10.3.1/../../../../arm-none-eabi/lib/thumb/v7e-m+fp/softfp/libc_nano.a(lib_a-malloc.o)
                              ./gecko_sdk_4.3.2/util/silicon_labs/silabs_core/memory_manager/sl_malloc.o (malloc)
/home/jun/SimplicityStudio_v5/developer/toolchains/gnu_arm/10.3_2021.10/bin/../lib/gcc/arm-none-eabi/10.3.1/../../../../arm-none-eabi/lib/thumb/v7e-m+fp/softfp/libc_nano.a(lib_a-memcmp.o)
                              ./gecko_sdk_4.3.2/platform/bootloader/parser/gbl/btl_gbl_parser.o (memcmp)
/home/jun/SimplicityStudio_v5/developer/toolchains/gnu_arm/10.3_2021.10/bin/../lib/gcc/arm-none-eabi/10.3.1/../../../../arm-none-eabi/lib/thumb/v7e-m+fp/softfp/libc_nano.a(lib_a-memcpy-stub.o)
                              ./gecko_sdk_4.3.2/platform/Device/SiliconLabs/EFR32BG12P/Source/startup_efr32bg12p.o (memcpy)
/home/jun/SimplicityStudio_v5/developer/toolchains/gnu_arm/10.3_2021.10/bin/../lib/gcc/arm-none-eabi/10.3.1/../../../../arm-none-eabi/lib/thumb/v7e-m+fp/softfp/libc_nano.a(lib_a-memmove.o)
                              ./gecko_sdk_4.3.2/platform/security/sl_component/sl_psa_driver/src/sli_crypto_transparent_driver_cipher.o (memmove)
/home/jun/SimplicityStudio_v5/developer/toolchains/gnu_arm/10.3_2021.10/bin/../lib/gcc/arm-none-eabi/10.3.1/../../../../arm-none-eabi/lib/thumb/v7e-m+fp/softfp/libc_nano.a(lib_a-memset.o)
                              /home/jun/SimplicityStudio_v5/developer/toolchains/gnu_arm/10.3_2021.10/bin/../lib/gcc/arm-none-eabi/10.3.1/../../../../arm-none-eabi/lib/thumb/v7e-m+fp/softfp/crt0.o (memset)
/home/jun/SimplicityStudio_v5/developer/toolchains/gnu_arm/10.3_2021.10/bin/../lib/gcc/arm-none-eabi/10.3.1/../../../../arm-none-eabi/lib/thumb/v7e-m+fp/softfp/libc_nano.a(lib_a-nano-callocr.o)
[...]
Memory Configuration

Name             Origin             Length             Attributes
FLASH            0x000000000fe10800 0x0000000000009000 xr
RAM              0x0000000020000004 0x000000000001fffc xrw
BOOTLOADER_RESET_REGION 0x0000000020000000 0x0000000000000004 xrw
*default*        0x0000000000000000 0xffffffffffffffff

Linker script and memory map

LOAD /home/jun/SimplicityStudio_v5/developer/toolchains/gnu_arm/10.3_2021.10/bin/../lib/gcc/arm-none-eabi/10.3.1/thumb/v7e-m+fp/softfp/crti.o
LOAD /home/jun/SimplicityStudio_v5/developer/toolchains/gnu_arm/10.3_2021.10/bin/../lib/gcc/arm-none-eabi/10.3.1/thumb/v7e-m+fp/softfp/crtbegin.o
LOAD /home/jun/SimplicityStudio_v5/developer/toolchains/gnu_arm/10.3_2021.10/bin/../lib/gcc/arm-none-eabi/10.3.1/../../../../arm-none-eabi/lib/thumb/v7e-m+fp/softfp/crt0.o
START GROUP
LOAD ./gecko_sdk_4.3.2/platform/Device/SiliconLabs/EFR32BG12P/Source/startup_efr32bg12p.o
LOAD ./gecko_sdk_4.3.2/platform/Device/SiliconLabs/EFR32BG12P/Source/system_efr32bg12p.o
LOAD ./gecko_sdk_4.3.2/platform/bootloader/communication/bgapi-uart-dfu/btl_comm_bgapi.o
LOAD ./gecko_sdk_4.3.2/platform/bootloader/communication/bgapi-uart-dfu/btl_comm_bgapi_common.o
LOAD ./gecko_sdk_4.3.2/platform/bootloader/core/btl_bootload.o
LOAD ./gecko_sdk_4.3.2/platform/bootloader/core/btl_core.o
LOAD ./gecko_sdk_4.3.2/platform/bootloader/core/btl_main.o
LOAD ./gecko_sdk_4.3.2/platform/bootloader/core/btl_parse.o
LOAD ./gecko_sdk_4.3.2/platform/bootloader/core/btl_reset.o
LOAD ./gecko_sdk_4.3.2/platform/bootloader/core/flash/btl_internal_flash.o
LOAD ./gecko_sdk_4.3.2/platform/bootloader/debug/btl_debug.o
LOAD ./gecko_sdk_4.3.2/platform/bootloader/debug/btl_debug_swo.o
LOAD ./gecko_sdk_4.3.2/platform/bootloader/driver/btl_driver_delay.o
LOAD ./gecko_sdk_4.3.2/platform/bootloader/driver/btl_driver_uart.o
LOAD ./gecko_sdk_4.3.2/platform/bootloader/driver/btl_driver_util.o
LOAD ./gecko_sdk_4.3.2/platform/bootloader/parser/gbl/btl_gbl_custom_tags.o
LOAD ./gecko_sdk_4.3.2/platform/bootloader/parser/gbl/btl_gbl_format.o
LOAD ./gecko_sdk_4.3.2/platform/bootloader/parser/gbl/btl_gbl_parser.o
LOAD ./gecko_sdk_4.3.2/platform/bootloader/security/btl_crc16.o
LOAD ./gecko_sdk_4.3.2/platform/bootloader/security/btl_crc32.o
LOAD ./gecko_sdk_4.3.2/platform/bootloader/security/btl_security_aes.o
LOAD ./gecko_sdk_4.3.2/platform/bootloader/security/btl_security_ecdsa.o
LOAD ./gecko_sdk_4.3.2/platform/bootloader/security/btl_security_sha256.o
LOAD ./gecko_sdk_4.3.2/platform/bootloader/security/btl_security_tokens.o
LOAD ./gecko_sdk_4.3.2/platform/bootloader/security/ecc/ecc.o
LOAD ./gecko_sdk_4.3.2/platform/bootloader/security/sha/btl_sha256.o
LOAD ./gecko_sdk_4.3.2/platform/bootloader/security/sha/crypto_sha.o
LOAD ./gecko_sdk_4.3.2/platform/bootloader/security/sha/cryptoacc_sha.o
LOAD ./gecko_sdk_4.3.2/platform/bootloader/security/sha/se_sha.o
LOAD ./gecko_sdk_4.3.2/platform/common/src/sl_assert.o
LOAD ./gecko_sdk_4.3.2/platform/common/toolchain/src/sl_memory.o
LOAD ./gecko_sdk_4.3.2/platform/emlib/src/em_acmp.o
LOAD ./gecko_sdk_4.3.2/platform/emlib/src/em_adc.o
LOAD ./gecko_sdk_4.3.2/platform/emlib/src/em_cmu.o
LOAD ./gecko_sdk_4.3.2/platform/emlib/src/em_core.o
LOAD ./gecko_sdk_4.3.2/platform/emlib/src/em_cryotimer.o
LOAD ./gecko_sdk_4.3.2/platform/emlib/src/em_crypto.o
LOAD ./gecko_sdk_4.3.2/platform/emlib/src/em_csen.o
LOAD ./gecko_sdk_4.3.2/platform/emlib/src/em_dbg.o
LOAD ./gecko_sdk_4.3.2/platform/emlib/src/em_emu.o
LOAD ./gecko_sdk_4.3.2/platform/emlib/src/em_gpcrc.o
LOAD ./gecko_sdk_4.3.2/platform/emlib/src/em_gpio.o
LOAD ./gecko_sdk_4.3.2/platform/emlib/src/em_i2c.o
LOAD ./gecko_sdk_4.3.2/platform/emlib/src/em_idac.o
LOAD ./gecko_sdk_4.3.2/platform/emlib/src/em_ldma.o
LOAD ./gecko_sdk_4.3.2/platform/emlib/src/em_lesense.o
LOAD ./gecko_sdk_4.3.2/platform/emlib/src/em_letimer.o
LOAD ./gecko_sdk_4.3.2/platform/emlib/src/em_leuart.o
LOAD ./gecko_sdk_4.3.2/platform/emlib/src/em_msc.o
LOAD ./gecko_sdk_4.3.2/platform/emlib/src/em_opamp.o
LOAD ./gecko_sdk_4.3.2/platform/emlib/src/em_pcnt.o
LOAD ./gecko_sdk_4.3.2/platform/emlib/src/em_prs.o
LOAD ./gecko_sdk_4.3.2/platform/emlib/src/em_rmu.o
LOAD ./gecko_sdk_4.3.2/platform/emlib/src/em_rtcc.o
LOAD ./gecko_sdk_4.3.2/platform/emlib/src/em_system.o
LOAD ./gecko_sdk_4.3.2/platform/emlib/src/em_timer.o
LOAD ./gecko_sdk_4.3.2/platform/emlib/src/em_usart.o
LOAD ./gecko_sdk_4.3.2/platform/emlib/src/em_vdac.o
LOAD ./gecko_sdk_4.3.2/platform/emlib/src/em_wdog.o
LOAD ./gecko_sdk_4.3.2/platform/security/sl_component/sl_mbedtls_support/src/crypto_aes.o
LOAD ./gecko_sdk_4.3.2/platform/security/sl_component/sl_mbedtls_support/src/sl_mbedtls.o
LOAD ./gecko_sdk_4.3.2/platform/security/sl_component/sl_psa_driver/src/crypto_management.o
LOAD ./gecko_sdk_4.3.2/platform/security/sl_component/sl_psa_driver/src/sli_crypto_transparent_driver_aead.o
LOAD ./gecko_sdk_4.3.2/platform/security/sl_component/sl_psa_driver/src/sli_crypto_transparent_driver_cipher.o
LOAD ./gecko_sdk_4.3.2/platform/security/sl_component/sl_psa_driver/src/sli_crypto_transparent_driver_hash.o
LOAD ./gecko_sdk_4.3.2/platform/security/sl_component/sl_psa_driver/src/sli_crypto_transparent_driver_mac.o
LOAD ./gecko_sdk_4.3.2/platform/security/sl_component/sl_psa_driver/src/sli_psa_driver_common.o
LOAD ./gecko_sdk_4.3.2/platform/security/sl_component/sl_psa_driver/src/sli_psa_driver_init.o
LOAD ./gecko_sdk_4.3.2/platform/security/sl_component/sl_psa_driver/src/sli_se_version_dependencies.o
LOAD ./gecko_sdk_4.3.2/platform/service/udelay/src/sl_udelay.o
LOAD ./gecko_sdk_4.3.2/platform/service/udelay/src/sl_udelay_armv6m_gcc.o
LOAD ./gecko_sdk_4.3.2/util/silicon_labs/silabs_core/memory_manager/sl_malloc.o
LOAD ./gecko_sdk_4.3.2/util/third_party/mbedtls/library/aes.o
LOAD ./gecko_sdk_4.3.2/util/third_party/mbedtls/library/constant_time.o
LOAD ./gecko_sdk_4.3.2/util/third_party/mbedtls/library/platform.o
LOAD ./gecko_sdk_4.3.2/util/third_party/mbedtls/library/platform_util.o
LOAD ./gecko_sdk_4.3.2/util/third_party/mbedtls/library/psa_crypto_client.o
LOAD ./gecko_sdk_4.3.2/util/third_party/mbedtls/library/threading.o
LOAD /home/jun/SimplicityStudio_v5/developer/toolchains/gnu_arm/10.3_2021.10/bin/../lib/gcc/arm-none-eabi/10.3.1/thumb/v7e-m+fp/softfp/libgcc.a
LOAD /home/jun/SimplicityStudio_v5/developer/toolchains/gnu_arm/10.3_2021.10/bin/../lib/gcc/arm-none-eabi/10.3.1/../../../../arm-none-eabi/lib/thumb/v7e-m+fp/softfp/libc_nano.a
LOAD /home/jun/SimplicityStudio_v5/developer/toolchains/gnu_arm/10.3_2021.10/bin/../lib/gcc/arm-none-eabi/10.3.1/../../../../arm-none-eabi/lib/thumb/v7e-m+fp/softfp/libm.a
LOAD /home/jun/SimplicityStudio_v5/developer/toolchains/gnu_arm/10.3_2021.10/bin/../lib/gcc/arm-none-eabi/10.3.1/../../../../arm-none-eabi/lib/thumb/v7e-m+fp/softfp/libnosys.a
END GROUP
START GROUP
LOAD /home/jun/SimplicityStudio_v5/developer/toolchains/gnu_arm/10.3_2021.10/bin/../lib/gcc/arm-none-eabi/10.3.1/thumb/v7e-m+fp/softfp/libgcc.a
LOAD /home/jun/SimplicityStudio_v5/developer/toolchains/gnu_arm/10.3_2021.10/bin/../lib/gcc/arm-none-eabi/10.3.1/../../../../arm-none-eabi/lib/thumb/v7e-m+fp/softfp/libc_nano.a
LOAD /home/jun/SimplicityStudio_v5/developer/toolchains/gnu_arm/10.3_2021.10/bin/../lib/gcc/arm-none-eabi/10.3.1/../../../../arm-none-eabi/lib/thumb/v7e-m+fp/softfp/libnosys.a
END GROUP
START GROUP
LOAD /home/jun/SimplicityStudio_v5/developer/toolchains/gnu_arm/10.3_2021.10/bin/../lib/gcc/arm-none-eabi/10.3.1/thumb/v7e-m+fp/softfp/libgcc.a
LOAD /home/jun/SimplicityStudio_v5/developer/toolchains/gnu_arm/10.3_2021.10/bin/../lib/gcc/arm-none-eabi/10.3.1/../../../../arm-none-eabi/lib/thumb/v7e-m+fp/softfp/libg_nano.a
LOAD /home/jun/SimplicityStudio_v5/developer/toolchains/gnu_arm/10.3_2021.10/bin/../lib/gcc/arm-none-eabi/10.3.1/../../../../arm-none-eabi/lib/thumb/v7e-m+fp/softfp/libc_nano.a
END GROUP
START GROUP
LOAD /home/jun/SimplicityStudio_v5/developer/toolchains/gnu_arm/10.3_2021.10/bin/../lib/gcc/arm-none-eabi/10.3.1/thumb/v7e-m+fp/softfp/libgcc.a
LOAD /home/jun/SimplicityStudio_v5/developer/toolchains/gnu_arm/10.3_2021.10/bin/../lib/gcc/arm-none-eabi/10.3.1/../../../../arm-none-eabi/lib/thumb/v7e-m+fp/softfp/libc_nano.a
END GROUP
LOAD /home/jun/SimplicityStudio_v5/developer/toolchains/gnu_arm/10.3_2021.10/bin/../lib/gcc/arm-none-eabi/10.3.1/thumb/v7e-m+fp/softfp/crtend.o
LOAD /home/jun/SimplicityStudio_v5/developer/toolchains/gnu_arm/10.3_2021.10/bin/../lib/gcc/arm-none-eabi/10.3.1/thumb/v7e-m+fp/softfp/crtn.o

.text           0x000000000fe10800     0x2ce0
                0x000000000fe10800                linker_vectors_begin = .
 *(.vectors)
 .vectors       0x000000000fe10800      0x10c ./gecko_sdk_4.3.2/platform/Device/SiliconLabs/EFR32BG12P/Source/startup_efr32bg12p.o
                0x000000000fe10800                __Vectors
                0x000000000fe1090c                linker_vectors_end = .
                0x000000000fe1090c                __Vectors_End = .
                0x000000000fe1090c                __Vectors_Size = (__Vectors_End - __Vectors)
                0x000000000fe1090c                linker_code_begin = .
 *(SORT_BY_ALIGNMENT(.text*))
 .text          0x000000000fe1090c       0x40 /home/jun/SimplicityStudio_v5/developer/toolchains/gnu_arm/10.3_2021.10/bin/../lib/gcc/arm-none-eabi/10.3.1/thumb/v7e-m+fp/softfp/crtbegin.o
 .text.Copy_Table
                0x000000000fe1094c       0x28 ./gecko_sdk_4.3.2/platform/Device/SiliconLabs/EFR32BG12P/Source/startup_efr32bg12p.o
                0x000000000fe1094c                Copy_Table
 .text.Zero_Table
                0x000000000fe10974       0x24 ./gecko_sdk_4.3.2/platform/Device/SiliconLabs/EFR32BG12P/Source/startup_efr32bg12p.o
                0x000000000fe10974                Zero_Table
 .text.SystemInit
                0x000000000fe10998       0x1c ./gecko_sdk_4.3.2/platform/Device/SiliconLabs/EFR32BG12P/Source/system_efr32bg12p.o
                0x000000000fe10998                SystemInit
 .text.communication_main
                0x000000000fe109b4       0x5c ./gecko_sdk_4.3.2/platform/bootloader/communication/bgapi-uart-dfu/btl_comm_bgapi.o
                0x000000000fe109b4                communication_main
 .text.bootload_applicationCallback
                0x000000000fe10a10       0x28 ./gecko_sdk_4.3.2/platform/bootloader/core/btl_bootload.o
                0x000000000fe10a10                bootload_applicationCallback
 .text.bootload_bootloaderCallback
                0x000000000fe10a38       0x64 ./gecko_sdk_4.3.2/platform/bootloader/core/btl_bootload.o
                0x000000000fe10a38                bootload_bootloaderCallback
 .text.bootload_checkApplicationPropertiesMagic
                0x000000000fe10a9c       0x48 ./gecko_sdk_4.3.2/platform/bootloader/core/btl_bootload.o
                0x000000000fe10a9c                bootload_checkApplicationPropertiesMagic
 .text.bootload_verifyApplication
                0x000000000fe10ae4       0xa8 ./gecko_sdk_4.3.2/platform/bootloader/core/btl_bootload.o
                0x000000000fe10ae4                bootload_verifyApplication
 .text.bootload_commitBootloaderUpgrade
                0x000000000fe10b8c       0x20 ./gecko_sdk_4.3.2/platform/bootloader/core/btl_bootload.o
                0x000000000fe10b8c                bootload_commitBootloaderUpgrade
 .text.bootload_getBootloaderVersion
                0x000000000fe10bac       0x10 ./gecko_sdk_4.3.2/platform/bootloader/core/btl_bootload.o
                0x000000000fe10bac                bootload_getBootloaderVersion
 .text.startup.main
                0x000000000fe10bbc       0xc0 ./gecko_sdk_4.3.2/platform/bootloader/core/btl_main.o
                0x000000000fe10bbc                main
 .text.SystemInit2
                0x000000000fe10c7c       0x88 ./gecko_sdk_4.3.2/platform/bootloader/core/btl_main.o
                0x000000000fe10c7c                SystemInit2
 .text.reset_invalidateResetReason
                0x000000000fe10d04       0x10 ./gecko_sdk_4.3.2/platform/bootloader/core/btl_reset.o
                0x000000000fe10d04                reset_invalidateResetReason
 .text.reset_resetCounterEnabled
                0x000000000fe10d14       0x1c ./gecko_sdk_4.3.2/platform/bootloader/core/btl_reset.o
                0x000000000fe10d14                reset_resetCounterEnabled
 .text.reset_setResetReason
                0x000000000fe10d30       0x18 ./gecko_sdk_4.3.2/platform/bootloader/core/btl_reset.o
                0x000000000fe10d30                reset_setResetReason
 .text.reset_resetWithReason
                0x000000000fe10d48       0x3c ./gecko_sdk_4.3.2/platform/bootloader/core/btl_reset.o
                0x000000000fe10d48                reset_resetWithReason
 .text.reset_classifyReset
                0x000000000fe10d84       0x2c ./gecko_sdk_4.3.2/platform/bootloader/core/btl_reset.o
                0x000000000fe10d84                reset_classifyReset
 .text.reset_getResetReason
                0x000000000fe10db0        0xc ./gecko_sdk_4.3.2/platform/bootloader/core/btl_reset.o
                0x000000000fe10db0                reset_getResetReason
 .text.delay_init
                0x000000000fe10dbc       0x58 ./gecko_sdk_4.3.2/platform/bootloader/driver/btl_driver_delay.o
                0x000000000fe10dbc                delay_init
 .text.delay_milliseconds
                0x000000000fe10e14       0x48 ./gecko_sdk_4.3.2/platform/bootloader/driver/btl_driver_delay.o
                0x000000000fe10e14                delay_milliseconds
 .text.delay_expired
                0x000000000fe10e5c       0x34 ./gecko_sdk_4.3.2/platform/bootloader/driver/btl_driver_delay.o
                0x000000000fe10e5c                delay_expired
 .text.uart_init
                0x000000000fe10e90      0x10c ./gecko_sdk_4.3.2/platform/bootloader/driver/btl_driver_uart.o
                0x000000000fe10e90                uart_init
 .text.uart_isTxIdle
                0x000000000fe10f9c       0x2c ./gecko_sdk_4.3.2/platform/bootloader/driver/btl_driver_uart.o
                0x000000000fe10f9c                uart_isTxIdle
 .text.uart_sendBuffer
                0x000000000fe10fc8       0x70 ./gecko_sdk_4.3.2/platform/bootloader/driver/btl_driver_uart.o
                0x000000000fe10fc8                uart_sendBuffer
 .text.uart_getRxAvailableBytes
                0x000000000fe11038       0x48 ./gecko_sdk_4.3.2/platform/bootloader/driver/btl_driver_uart.o
                0x000000000fe11038                uart_getRxAvailableBytes
 .text.uart_receiveBuffer
                0x000000000fe11080       0xa4 ./gecko_sdk_4.3.2/platform/bootloader/driver/btl_driver_uart.o
                0x000000000fe11080                uart_receiveBuffer
 .text.util_getClockFreq
                0x000000000fe11124       0x88 ./gecko_sdk_4.3.2/platform/bootloader/driver/btl_driver_util.o
                0x000000000fe11124                util_getClockFreq
 .text.gbl_getTagParsingInfoFromTagId
                0x000000000fe111ac       0x24 ./gecko_sdk_4.3.2/platform/bootloader/parser/gbl/btl_gbl_format.o
                0x000000000fe111ac                gbl_getTagParsingInfoFromTagId
 .text.gbl_parseHeader
                0x000000000fe111d0       0x7c ./gecko_sdk_4.3.2/platform/bootloader/parser/gbl/btl_gbl_parser.o
 .text.gbl_writeProgData
                0x000000000fe1124c       0xac ./gecko_sdk_4.3.2/platform/bootloader/parser/gbl/btl_gbl_parser.o
                0x000000000fe1124c                gbl_writeProgData
 .text.parser_parse
                0x000000000fe112f8      0x5d4 ./gecko_sdk_4.3.2/platform/bootloader/parser/gbl/btl_gbl_parser.o
                0x000000000fe112f8                parser_parse
 .text.btl_crc32Stream
                0x000000000fe118cc       0x34 ./gecko_sdk_4.3.2/platform/bootloader/security/btl_crc32.o
                0x000000000fe118cc                btl_crc32Stream
 .text.btl_verifyEcdsaP256r1
                0x000000000fe11900       0x80 ./gecko_sdk_4.3.2/platform/bootloader/security/btl_security_ecdsa.o
                0x000000000fe11900                btl_verifyEcdsaP256r1
 .text.btl_getSignedBootloaderKeyXPtr
                0x000000000fe11980        0x8 ./gecko_sdk_4.3.2/platform/bootloader/security/btl_security_tokens.o
                0x000000000fe11980                btl_getSignedBootloaderKeyXPtr
 .text.btl_getSignedBootloaderKeyYPtr
                0x000000000fe11988        0x8 ./gecko_sdk_4.3.2/platform/bootloader/security/btl_security_tokens.o
                0x000000000fe11988                btl_getSignedBootloaderKeyYPtr
 .text.btl_getImageFileEncryptionKeyPtr
                0x000000000fe11990        0x8 ./gecko_sdk_4.3.2/platform/bootloader/security/btl_security_tokens.o
                0x000000000fe11990                btl_getImageFileEncryptionKeyPtr
 .text.ECC_ModularInversePrime
                0x000000000fe11998       0x90 ./gecko_sdk_4.3.2/platform/bootloader/security/ecc/ecc.o
 .text.ECC_AddPrimeMixedProjectiveAffine
                0x000000000fe11a28      0x188 ./gecko_sdk_4.3.2/platform/bootloader/security/ecc/ecc.o
 .text.ECC_ProjectiveToAffine
                0x000000000fe11bb0       0xac ./gecko_sdk_4.3.2/platform/bootloader/security/ecc/ecc.o
 .text.ECC_PointMul
                0x000000000fe11c5c      0x2a0 ./gecko_sdk_4.3.2/platform/bootloader/security/ecc/ecc.o
 .text.ECC_ECDSA_VerifySignatureP256
                0x000000000fe11efc      0x284 ./gecko_sdk_4.3.2/platform/bootloader/security/ecc/ecc.o
                0x000000000fe11efc                ECC_ECDSA_VerifySignatureP256
 .text.sha_x_update.part.0
                0x000000000fe12180       0xa8 ./gecko_sdk_4.3.2/platform/bootloader/security/sha/btl_sha256.o
 .text.sha_x_update
                0x000000000fe12228       0x28 ./gecko_sdk_4.3.2/platform/bootloader/security/sha/btl_sha256.o
                0x000000000fe12228                sha_x_update
 .text.sha_x_finish.part.0
                0x000000000fe12250       0x98 ./gecko_sdk_4.3.2/platform/bootloader/security/sha/btl_sha256.o
 .text.sha_x_process
                0x000000000fe122e8      0x124 ./gecko_sdk_4.3.2/platform/bootloader/security/sha/crypto_sha.o
                0x000000000fe122e8                sha_x_process
 .text.syncReg  0x000000000fe1240c       0x18 ./gecko_sdk_4.3.2/platform/emlib/src/em_cmu.o
 .text.CMU_ClockEnable
                0x000000000fe12424       0x80 ./gecko_sdk_4.3.2/platform/emlib/src/em_cmu.o
                0x000000000fe12424                CMU_ClockEnable
 .text.GPIO_PinModeSet
                0x000000000fe124a4       0x78 ./gecko_sdk_4.3.2/platform/emlib/src/em_gpio.o
                0x000000000fe124a4                GPIO_PinModeSet
 .text.MSC_ErasePage
                0x000000000fe1251c       0x9c ./gecko_sdk_4.3.2/platform/emlib/src/em_msc.o
                0x000000000fe1251c                MSC_ErasePage
 .text.MSC_WriteWordDma
                0x000000000fe125b8       0xec ./gecko_sdk_4.3.2/platform/emlib/src/em_msc.o
                0x000000000fe125b8                MSC_WriteWordDma
 .text.SYSTEM_GetProdRev
                0x000000000fe126a4       0x10 ./gecko_sdk_4.3.2/platform/emlib/src/em_system.o
                0x000000000fe126a4                SYSTEM_GetProdRev
 .text.crypto_management_acquire
                0x000000000fe126b4       0x14 ./gecko_sdk_4.3.2/platform/security/sl_component/sl_psa_driver/src/crypto_management.o
                0x000000000fe126b4                crypto_management_acquire
 .text.crypto_management_release
                0x000000000fe126c8       0x34 ./gecko_sdk_4.3.2/platform/security/sl_component/sl_psa_driver/src/crypto_management.o
                0x000000000fe126c8                crypto_management_release
 .text.Default_Handler
                0x000000000fe126fc        0x2 ./gecko_sdk_4.3.2/platform/Device/SiliconLabs/EFR32BG12P/Source/startup_efr32bg12p.o
                0x000000000fe126fc                DebugMon_Handler
                0x000000000fe126fc                USART0_TX_IRQHandler
                0x000000000fe126fc                I2C0_IRQHandler
                0x000000000fe126fc                SysTick_Handler
                0x000000000fe126fc                USART1_RX_IRQHandler
                0x000000000fe126fc                PendSV_Handler
                0x000000000fe126fc                NMI_Handler
                0x000000000fe126fc                SYNTH_IRQHandler
                0x000000000fe126fc                I2C1_IRQHandler
                0x000000000fe126fc                WTIMER0_IRQHandler
                0x000000000fe126fc                CRYPTO0_IRQHandler
                0x000000000fe126fc                WDOG0_IRQHandler
                0x000000000fe126fc                USART1_TX_IRQHandler
                0x000000000fe126fc                SMU_IRQHandler
                0x000000000fe126fc                MSC_IRQHandler
                0x000000000fe126fc                ADC0_IRQHandler
                0x000000000fe126fc                UsageFault_Handler
                0x000000000fe126fc                WDOG1_IRQHandler
                0x000000000fe126fc                LEUART0_IRQHandler
                0x000000000fe126fc                FPUEH_IRQHandler
                0x000000000fe126fc                WTIMER1_IRQHandler
                0x000000000fe126fc                GPIO_EVEN_IRQHandler
                0x000000000fe126fc                VDAC0_IRQHandler
                0x000000000fe126fc                LDMA_IRQHandler
                0x000000000fe126fc                CSEN_IRQHandler
                0x000000000fe126fc                CRYPTO1_IRQHandler
                0x000000000fe126fc                TIMER0_IRQHandler
                0x000000000fe126fc                PCNT2_IRQHandler
                0x000000000fe126fc                LETIMER0_IRQHandler
                0x000000000fe126fc                TIMER1_IRQHandler
                0x000000000fe126fc                TRNG0_IRQHandler
                0x000000000fe126fc                RFSENSE_IRQHandler
                0x000000000fe126fc                BUFC_IRQHandler
                0x000000000fe126fc                MODEM_IRQHandler
                0x000000000fe126fc                USART2_RX_IRQHandler
                0x000000000fe126fc                Default_Handler
                0x000000000fe126fc                RAC_SEQ_IRQHandler
                0x000000000fe126fc                FRC_PRI_IRQHandler
                0x000000000fe126fc                EMU_IRQHandler
                0x000000000fe126fc                FRC_IRQHandler
                0x000000000fe126fc                CRYOTIMER_IRQHandler
                0x000000000fe126fc                PCNT0_IRQHandler
                0x000000000fe126fc                AGC_IRQHandler
                0x000000000fe126fc                PCNT1_IRQHandler
                0x000000000fe126fc                ACMP0_IRQHandler
                0x000000000fe126fc                USART0_RX_IRQHandler
                0x000000000fe126fc                MemManage_Handler
                0x000000000fe126fc                SVC_Handler
                0x000000000fe126fc                USART3_RX_IRQHandler
                0x000000000fe126fc                RTCC_IRQHandler
                0x000000000fe126fc                CMU_IRQHandler
                0x000000000fe126fc                RAC_RSM_IRQHandler
                0x000000000fe126fc                GPIO_ODD_IRQHandler
                0x000000000fe126fc                LESENSE_IRQHandler
                0x000000000fe126fc                USART3_TX_IRQHandler
                0x000000000fe126fc                PROTIMER_IRQHandler
                0x000000000fe126fc                BusFault_Handler
                0x000000000fe126fc                USART2_TX_IRQHandler
                0x000000000fe126fc                IDAC0_IRQHandler
 .text.Reset_Handler
                0x000000000fe126fe       0x16 ./gecko_sdk_4.3.2/platform/Device/SiliconLabs/EFR32BG12P/Source/startup_efr32bg12p.o
                0x000000000fe126fe                Reset_Handler
 .text.communication_init
                0x000000000fe12714        0x4 ./gecko_sdk_4.3.2/platform/bootloader/communication/bgapi-uart-dfu/btl_comm_bgapi.o
                0x000000000fe12714                communication_init
 .text.communication_start
                0x000000000fe12718        0x4 ./gecko_sdk_4.3.2/platform/bootloader/communication/bgapi-uart-dfu/btl_comm_bgapi.o
                0x000000000fe12718                communication_start
 .text.communication_shutdown
                0x000000000fe1271c        0x2 ./gecko_sdk_4.3.2/platform/bootloader/communication/bgapi-uart-dfu/btl_comm_bgapi.o
                0x000000000fe1271c                communication_shutdown
 .text.sendPacket
                0x000000000fe1271e        0xc ./gecko_sdk_4.3.2/platform/bootloader/communication/bgapi-uart-dfu/btl_comm_bgapi_common.o
 .text.bootloader_bgapi_communication_init
                0x000000000fe1272a        0x4 ./gecko_sdk_4.3.2/platform/bootloader/communication/bgapi-uart-dfu/btl_comm_bgapi_common.o
                0x000000000fe1272a                bootloader_bgapi_communication_init
 .text.bootloader_bgapi_communication_start
                0x000000000fe1272e       0x6a ./gecko_sdk_4.3.2/platform/bootloader/communication/bgapi-uart-dfu/btl_comm_bgapi_common.o
                0x000000000fe1272e                bootloader_bgapi_communication_start
 .text.bootloader_bgapi_communication_main
                0x000000000fe12798      0x160 ./gecko_sdk_4.3.2/platform/bootloader/communication/bgapi-uart-dfu/btl_comm_bgapi_common.o
                0x000000000fe12798                bootloader_bgapi_communication_main
 .text.flashData
                0x000000000fe128f8       0x44 ./gecko_sdk_4.3.2/platform/bootloader/core/btl_bootload.o
 .text.bootload_checkApplicationPropertiesVersion
                0x000000000fe1293c        0xe ./gecko_sdk_4.3.2/platform/bootloader/core/btl_bootload.o
                0x000000000fe1293c                bootload_checkApplicationPropertiesVersion
 .text.bootload_getUpgradeLocation
                0x000000000fe1294a        0x6 ./gecko_sdk_4.3.2/platform/bootloader/core/btl_bootload.o
                0x000000000fe1294a                bootload_getUpgradeLocation
 .text.btl_init
                0x000000000fe12950        0x4 ./gecko_sdk_4.3.2/platform/bootloader/core/btl_core.o
                0x000000000fe12950                btl_init
 .text.btl_deinit
                0x000000000fe12954        0x4 ./gecko_sdk_4.3.2/platform/bootloader/core/btl_core.o
                0x000000000fe12954                btl_deinit
 .text.bootToApp
                0x000000000fe12958       0x14 ./gecko_sdk_4.3.2/platform/bootloader/core/btl_main.o
 .text.HardFault_Handler
                0x000000000fe1296c        0x8 ./gecko_sdk_4.3.2/platform/bootloader/core/btl_main.o
                0x000000000fe1296c                HardFault_Handler
 .text.core_initParser
                0x000000000fe12974       0x30 ./gecko_sdk_4.3.2/platform/bootloader/core/btl_parse.o
                0x000000000fe12974                core_initParser
 .text.core_parseBuffer
                0x000000000fe129a4       0x3a ./gecko_sdk_4.3.2/platform/bootloader/core/btl_parse.o
                0x000000000fe129a4                core_parseBuffer
 .text.core_parseImageInfo
                0x000000000fe129de       0x76 ./gecko_sdk_4.3.2/platform/bootloader/core/btl_parse.o
                0x000000000fe129de                core_parseImageInfo
 .text.core_parserContextSize
                0x000000000fe12a54        0x6 ./gecko_sdk_4.3.2/platform/bootloader/core/btl_parse.o
                0x000000000fe12a54                core_parserContextSize
 .text.writeHalfwordDMA
                0x000000000fe12a5a       0x30 ./gecko_sdk_4.3.2/platform/bootloader/core/flash/btl_internal_flash.o
 .text.flash_erasePage
                0x000000000fe12a8a        0xe ./gecko_sdk_4.3.2/platform/bootloader/core/flash/btl_internal_flash.o
                0x000000000fe12a8a                flash_erasePage
 .text.flash_writeBuffer_dma
                0x000000000fe12a98       0x86 ./gecko_sdk_4.3.2/platform/bootloader/core/flash/btl_internal_flash.o
                0x000000000fe12a98                flash_writeBuffer_dma
 .text.gbl_storeData
                0x000000000fe12b1e       0x42 ./gecko_sdk_4.3.2/platform/bootloader/parser/gbl/btl_gbl_parser.o
 .text.gbl_getData
                0x000000000fe12b60      0x102 ./gecko_sdk_4.3.2/platform/bootloader/parser/gbl/btl_gbl_parser.o
 .text.parser_init
                0x000000000fe12c62       0x60 ./gecko_sdk_4.3.2/platform/bootloader/parser/gbl/btl_gbl_parser.o
                0x000000000fe12c62                parser_init
 .text.btl_initAesCcm
                0x000000000fe12cc2       0x40 ./gecko_sdk_4.3.2/platform/bootloader/security/btl_security_aes.o
                0x000000000fe12cc2                btl_initAesCcm
 .text.btl_processAesCtrData
                0x000000000fe12d02       0x22 ./gecko_sdk_4.3.2/platform/bootloader/security/btl_security_aes.o
                0x000000000fe12d02                btl_processAesCtrData
 .text.btl_initSha256
                0x000000000fe12d24       0x14 ./gecko_sdk_4.3.2/platform/bootloader/security/btl_security_sha256.o
                0x000000000fe12d24                btl_initSha256
 .text.btl_updateSha256
                0x000000000fe12d38        0x4 ./gecko_sdk_4.3.2/platform/bootloader/security/btl_security_sha256.o
                0x000000000fe12d38                btl_updateSha256
 .text.btl_finalizeSha256
                0x000000000fe12d3c        0x6 ./gecko_sdk_4.3.2/platform/bootloader/security/btl_security_sha256.o
                0x000000000fe12d3c                btl_finalizeSha256
 .text.bigIntEqual32bitVal.constprop.0
                0x000000000fe12d42       0x20 ./gecko_sdk_4.3.2/platform/bootloader/security/ecc/ecc.o
 .text.ECC_ByteArrayToBigInt
                0x000000000fe12d62       0x22 ./gecko_sdk_4.3.2/platform/bootloader/security/ecc/ecc.o
                0x000000000fe12d62                ECC_ByteArrayToBigInt
 .text.btl_sha256_init
                0x000000000fe12d84        0x8 ./gecko_sdk_4.3.2/platform/bootloader/security/sha/btl_sha256.o
                0x000000000fe12d84                btl_sha256_init
 .text.btl_sha256_starts_ret
                0x000000000fe12d8c        0xa ./gecko_sdk_4.3.2/platform/bootloader/security/sha/btl_sha256.o
                0x000000000fe12d8c                btl_sha256_starts_ret
 .text.btl_sha256_update_ret
                0x000000000fe12d96       0x1a ./gecko_sdk_4.3.2/platform/bootloader/security/sha/btl_sha256.o
                0x000000000fe12d96                btl_sha256_update_ret
 .text.btl_sha256_finish_ret
                0x000000000fe12db0        0xe ./gecko_sdk_4.3.2/platform/bootloader/security/sha/btl_sha256.o
                0x000000000fe12db0                btl_sha256_finish_ret
 .text.CORE_EnterCritical
                0x000000000fe12dbe        0x8 ./gecko_sdk_4.3.2/platform/emlib/src/em_core.o
                0x000000000fe12dbe                CORE_EnterCritical
 .text.CORE_ExitCritical
                0x000000000fe12dc6        0x6 ./gecko_sdk_4.3.2/platform/emlib/src/em_core.o
                0x000000000fe12dc6                CORE_ExitCritical
 .text.cryptoBurstToCryptoAndZeroize
                0x000000000fe12dcc       0x30 ./gecko_sdk_4.3.2/platform/emlib/src/em_crypto.o
 .text.CRYPTO_BurstToCrypto
                0x000000000fe12dfc       0x14 ./gecko_sdk_4.3.2/platform/emlib/src/em_crypto.o
                0x000000000fe12dfc                CRYPTO_BurstToCrypto
 .text.CRYPTO_BurstFromCrypto
                0x000000000fe12e10       0x14 ./gecko_sdk_4.3.2/platform/emlib/src/em_crypto.o
                0x000000000fe12e10                CRYPTO_BurstFromCrypto
 .text.CRYPTO_DataWriteUnaligned
                0x000000000fe12e24       0x3a ./gecko_sdk_4.3.2/platform/emlib/src/em_crypto.o
                0x000000000fe12e24                CRYPTO_DataWriteUnaligned
 .text.CRYPTO_DataReadUnaligned
                0x000000000fe12e5e       0x3a ./gecko_sdk_4.3.2/platform/emlib/src/em_crypto.o
                0x000000000fe12e5e                CRYPTO_DataReadUnaligned
 .text.CRYPTO_DDataWrite
                0x000000000fe12e98       0x10 ./gecko_sdk_4.3.2/platform/emlib/src/em_crypto.o
                0x000000000fe12e98                CRYPTO_DDataWrite
 .text.CRYPTO_DDataRead
                0x000000000fe12ea8       0x10 ./gecko_sdk_4.3.2/platform/emlib/src/em_crypto.o
                0x000000000fe12ea8                CRYPTO_DDataRead
 .text.CRYPTO_QDataWrite
                0x000000000fe12eb8       0x22 ./gecko_sdk_4.3.2/platform/emlib/src/em_crypto.o
                0x000000000fe12eb8                CRYPTO_QDataWrite
 .text.CRYPTO_KeyBufWrite
                0x000000000fe12eda       0x30 ./gecko_sdk_4.3.2/platform/emlib/src/em_crypto.o
                0x000000000fe12eda                CRYPTO_KeyBufWrite
 .text.CRYPTO_KeyBufWriteUnaligned
                0x000000000fe12f0a       0x70 ./gecko_sdk_4.3.2/platform/emlib/src/em_crypto.o
                0x000000000fe12f0a                CRYPTO_KeyBufWriteUnaligned
 .text.CRYPTO_ModulusSet
                0x000000000fe12f7a       0x2c ./gecko_sdk_4.3.2/platform/emlib/src/em_crypto.o
                0x000000000fe12f7a                CRYPTO_ModulusSet
 .text.BUS_RegMaskedWrite
                0x000000000fe12fa6       0x22 ./gecko_sdk_4.3.2/platform/emlib/src/em_gpio.o
 .text.TIMER_Init
                0x000000000fe12fc8       0xa6 ./gecko_sdk_4.3.2/platform/emlib/src/em_timer.o
                0x000000000fe12fc8                TIMER_Init
 .text.mbedtls_aes_init
                0x000000000fe1306e        0x8 ./gecko_sdk_4.3.2/platform/security/sl_component/sl_mbedtls_support/src/crypto_aes.o
                0x000000000fe1306e                mbedtls_aes_init
 .text.mbedtls_aes_setkey_enc
                0x000000000fe13076       0x3c ./gecko_sdk_4.3.2/platform/security/sl_component/sl_mbedtls_support/src/crypto_aes.o
                0x000000000fe13076                mbedtls_aes_setkey_enc
 .text.mbedtls_aes_crypt_ctr
                0x000000000fe130b2      0x184 ./gecko_sdk_4.3.2/platform/security/sl_component/sl_mbedtls_support/src/crypto_aes.o
                0x000000000fe130b2                mbedtls_aes_crypt_ctr
 .text.memcmp   0x000000000fe13236       0x20 /home/jun/SimplicityStudio_v5/developer/toolchains/gnu_arm/10.3_2021.10/bin/../lib/gcc/arm-none-eabi/10.3.1/../../../../arm-none-eabi/lib/thumb/v7e-m+fp/softfp/libc_nano.a(lib_a-memcmp.o)
                0x000000000fe13236                memcmp
 .text.memcpy   0x000000000fe13256       0x1c /home/jun/SimplicityStudio_v5/developer/toolchains/gnu_arm/10.3_2021.10/bin/../lib/gcc/arm-none-eabi/10.3.1/../../../../arm-none-eabi/lib/thumb/v7e-m+fp/softfp/libc_nano.a(lib_a-memcpy-stub.o)
                0x000000000fe13256                memcpy
 .text.memset   0x000000000fe13272       0x10 /home/jun/SimplicityStudio_v5/developer/toolchains/gnu_arm/10.3_2021.10/bin/../lib/gcc/arm-none-eabi/10.3.1/../../../../arm-none-eabi/lib/thumb/v7e-m+fp/softfp/libc_nano.a(lib_a-memset.o)
                0x000000000fe13272                memset
                0x000000000fe13282                linker_code_end = .
 *(.init)
 *fill*         0x000000000fe13282        0x2 
 .init          0x000000000fe13284        0x4 /home/jun/SimplicityStudio_v5/developer/toolchains/gnu_arm/10.3_2021.10/bin/../lib/gcc/arm-none-eabi/10.3.1/thumb/v7e-m+fp/softfp/crti.o
                0x000000000fe13284                _init
 .init          0x000000000fe13288        0x8 /home/jun/SimplicityStudio_v5/developer/toolchains/gnu_arm/10.3_2021.10/bin/../lib/gcc/arm-none-eabi/10.3.1/thumb/v7e-m+fp/softfp/crtn.o
 *(.fini)
 .fini          0x000000000fe13290        0x4 /home/jun/SimplicityStudio_v5/developer/toolchains/gnu_arm/10.3_2021.10/bin/../lib/gcc/arm-none-eabi/10.3.1/thumb/v7e-m+fp/softfp/crti.o
                0x000000000fe13290                _fini
 .fini          0x000000000fe13294        0x8 /home/jun/SimplicityStudio_v5/developer/toolchains/gnu_arm/10.3_2021.10/bin/../lib/gcc/arm-none-eabi/10.3.1/thumb/v7e-m+fp/softfp/crtn.o
 *crtbegin.o(.ctors)
 *crtbegin?.o(.ctors)
 *(EXCLUDE_FILE(*crtend.o *crtend?.o) .ctors)
 *(SORT_BY_NAME(.ctors.*))
 *(.ctors)
 *crtbegin.o(.dtors)
 *crtbegin?.o(.dtors)
 *(EXCLUDE_FILE(*crtend.o *crtend?.o) .dtors)
 *(SORT_BY_NAME(.dtors.*))
 *(.dtors)
 *(.rodata*)
 .rodata        0x000000000fe1329c       0x10 ./gecko_sdk_4.3.2/platform/bootloader/communication/bgapi-uart-dfu/btl_comm_bgapi.o
 .rodata.bootload_checkApplicationPropertiesMagic.str1.1
                0x000000000fe132ac       0x11 ./gecko_sdk_4.3.2/platform/bootloader/core/btl_bootload.o
 *fill*         0x000000000fe132bd        0x3 
 .rodata.mainStageTable
                0x000000000fe132c0       0x48 ./gecko_sdk_4.3.2/platform/bootloader/core/btl_main.o
                0x000000000fe132c0                mainStageTable
 .rodata.sl_app_properties
                0x000000000fe13308       0x50 ./gecko_sdk_4.3.2/platform/bootloader/core/btl_main.o
                0x000000000fe13308                sl_app_properties
 .rodata        0x000000000fe13358       0x11 ./gecko_sdk_4.3.2/platform/bootloader/driver/btl_driver_util.o
 *fill*         0x000000000fe13369        0x3 
 .rodata.gblTagParsingInfoStructs
                0x000000000fe1336c       0x78 ./gecko_sdk_4.3.2/platform/bootloader/parser/gbl/btl_gbl_format.o
                0x000000000fe1336c                gblTagParsingInfoStructs
 .rodata.ECC_Curve_Params
                0x000000000fe133e4       0x8c ./gecko_sdk_4.3.2/platform/bootloader/security/ecc/ecc.o
 .rodata.init_state_sha256
                0x000000000fe13470       0x20 ./gecko_sdk_4.3.2/platform/bootloader/security/sha/btl_sha256.o
 .rodata.shax_padding
                0x000000000fe13490       0x40 ./gecko_sdk_4.3.2/platform/bootloader/security/sha/btl_sha256.o
 .rodata.crypto_devices
                0x000000000fe134d0       0x10 ./gecko_sdk_4.3.2/platform/security/sl_component/sl_psa_driver/src/crypto_management.o
 *(.eh_frame*)
 .eh_frame      0x000000000fe134e0        0x0 /home/jun/SimplicityStudio_v5/developer/toolchains/gnu_arm/10.3_2021.10/bin/../lib/gcc/arm-none-eabi/10.3.1/thumb/v7e-m+fp/softfp/crtbegin.o

.glue_7         0x000000000fe134e0        0x0
 .glue_7        0x000000000fe134e0        0x0 linker stubs

.glue_7t        0x000000000fe134e0        0x0
 .glue_7t       0x000000000fe134e0        0x0 linker stubs

.vfp11_veneer   0x000000000fe134e0        0x0
 .vfp11_veneer  0x000000000fe134e0        0x0 linker stubs

.v4_bx          0x000000000fe134e0        0x0
 .v4_bx         0x000000000fe134e0        0x0 linker stubs

.iplt           0x000000000fe134e0        0x0
 .iplt          0x000000000fe134e0        0x0 /home/jun/SimplicityStudio_v5/developer/toolchains/gnu_arm/10.3_2021.10/bin/../lib/gcc/arm-none-eabi/10.3.1/thumb/v7e-m+fp/softfp/crtbegin.o

.rel.dyn        0x000000000fe134e0        0x0
 .rel.iplt      0x000000000fe134e0        0x0 /home/jun/SimplicityStudio_v5/developer/toolchains/gnu_arm/10.3_2021.10/bin/../lib/gcc/arm-none-eabi/10.3.1/thumb/v7e-m+fp/softfp/crtbegin.o

.ARM.extab
 *(.ARM.extab* .gnu.linkonce.armextab.*)
                0x000000000fe134e0                __exidx_start = .

.ARM.exidx
 *(.ARM.exidx* .gnu.linkonce.armexidx.*)
                0x000000000fe134e0                __exidx_end = .

.copy.table     0x000000000fe134e0        0xc
                0x000000000fe134e0                . = ALIGN (0x4)
                0x000000000fe134e0                __copy_table_start__ = .
                0x000000000fe134e0        0x4 LONG 0xfe134ec __etext
                0x000000000fe134e4        0x4 LONG 0x20001008 __data_start__
                0x000000000fe134e8        0x4 LONG 0x18 ((__data_end__ - __data_start__) / 0x4)
                0x000000000fe134ec                __copy_table_end__ = .

.zero.table     0x000000000fe134ec        0x0
                0x000000000fe134ec                . = ALIGN (0x4)
                0x000000000fe134ec                __zero_table_start__ = .
                0x000000000fe134ec                __zero_table_end__ = .
                0x000000000fe134ec                __etext = .
                0x0000000020000000                . = ORIGIN (BOOTLOADER_RESET_REGION)

.bootloader_reset_section
                0x0000000020000000        0x4
                0x0000000020000000                __ResetReasonStart__ = .
 *(.bootloader_reset_section)
 .bootloader_reset_section
                0x0000000020000000        0x4 ./gecko_sdk_4.3.2/platform/bootloader/core/btl_reset.o
                0x0000000020000000                rcause
                0x0000000020000004                . = ORIGIN (RAM)

.stack          0x0000000020000008     0x1000
                0x0000000020000008                __StackLimit = .
 *(.stack*)
 .stack         0x0000000020000008     0x1000 ./gecko_sdk_4.3.2/platform/common/toolchain/src/sl_memory.o
                0x0000000020001008                . = ALIGN (0x4)
                0x0000000020001008                __StackTop = .
                0x0000000020001008                PROVIDE (__stack = __StackTop)

.noinit
 *(.noinit*)

.data           0x0000000020001008       0x60 load address 0x000000000fe134ec
                0x0000000020001008                . = ALIGN (0x4)
                0x0000000020001008                __data_start__ = .
 *(vtable)
 *(SORT_BY_ALIGNMENT(.data*))
 .data.ldmaRxDesc
                0x0000000020001008       0x40 ./gecko_sdk_4.3.2/platform/bootloader/driver/btl_driver_uart.o
 .data.ldmaTxDesc
                0x0000000020001048       0x10 ./gecko_sdk_4.3.2/platform/bootloader/driver/btl_driver_uart.o
 .data.sl_uart_init_inst
                0x0000000020001058        0x8 ./gecko_sdk_4.3.2/platform/bootloader/driver/btl_driver_uart.o
                0x0000000020001058                sl_uart_init_inst
                0x0000000020001060                . = ALIGN (0x4)
                [!provide]                        PROVIDE (__ram_func_section_start = .)
 *(.ram)
                [!provide]                        PROVIDE (__ram_func_section_end = .)
                0x0000000020001060                . = ALIGN (0x4)
                0x0000000020001060                PROVIDE (__preinit_array_start = .)
 *(.preinit_array)
                0x0000000020001060                PROVIDE (__preinit_array_end = .)
                0x0000000020001060                . = ALIGN (0x4)
                0x0000000020001060                PROVIDE (__init_array_start = .)
 *(SORT_BY_NAME(.init_array.*))
 *(.init_array)
 .init_array    0x0000000020001060        0x4 /home/jun/SimplicityStudio_v5/developer/toolchains/gnu_arm/10.3_2021.10/bin/../lib/gcc/arm-none-eabi/10.3.1/thumb/v7e-m+fp/softfp/crtbegin.o
                0x0000000020001064                PROVIDE (__init_array_end = .)
                0x0000000020001064                . = ALIGN (0x4)
                [!provide]                        PROVIDE (__fini_array_start = .)
 *(SORT_BY_NAME(.fini_array.*))
 *(.fini_array)
 .fini_array    0x0000000020001064        0x4 /home/jun/SimplicityStudio_v5/developer/toolchains/gnu_arm/10.3_2021.10/bin/../lib/gcc/arm-none-eabi/10.3.1/thumb/v7e-m+fp/softfp/crtbegin.o
                [!provide]                        PROVIDE (__fini_array_end = .)
                0x0000000020001068                . = ALIGN (0x4)
                0x0000000020001068                __data_end__ = .
                0x000000000fe1354c                __rom_end__ = (__etext + SIZEOF (.data))

.igot.plt       0x0000000020001068        0x0 load address 0x000000000fe1354c
 .igot.plt      0x0000000020001068        0x0 /home/jun/SimplicityStudio_v5/developer/toolchains/gnu_arm/10.3_2021.10/bin/../lib/gcc/arm-none-eabi/10.3.1/thumb/v7e-m+fp/softfp/crtbegin.o

.bss            0x0000000020001068      0x2a8 load address 0x000000000fe1354c
                0x0000000020001068                . = ALIGN (0x4)
                0x0000000020001068                __bss_start__ = .
 *(SORT_BY_ALIGNMENT(.bss*))
 .bss           0x0000000020001068       0x1c /home/jun/SimplicityStudio_v5/developer/toolchains/gnu_arm/10.3_2021.10/bin/../lib/gcc/arm-none-eabi/10.3.1/thumb/v7e-m+fp/softfp/crtbegin.o
 .bss.ticksPerMillisecond
                0x0000000020001084        0x4 ./gecko_sdk_4.3.2/platform/bootloader/driver/btl_driver_delay.o
 .bss.rxHead    0x0000000020001088        0x4 ./gecko_sdk_4.3.2/platform/bootloader/driver/btl_driver_uart.o
 .bss.delayTarget
                0x000000002000108c        0x2 ./gecko_sdk_4.3.2/platform/bootloader/driver/btl_driver_delay.o
 .bss.expectOverflow
                0x000000002000108e        0x1 ./gecko_sdk_4.3.2/platform/bootloader/driver/btl_driver_delay.o
 .bss.rxBuffer  0x000000002000108f      0x200 ./gecko_sdk_4.3.2/platform/bootloader/driver/btl_driver_uart.o
 .bss.txBuffer  0x000000002000128f       0x80 ./gecko_sdk_4.3.2/platform/bootloader/driver/btl_driver_uart.o
 *(COMMON)
                0x0000000020001310                . = ALIGN (0x4)
 *fill*         0x000000002000130f        0x1 
                0x0000000020001310                __bss_end__ = .

.heap           0x0000000020001310      0x800
                0x0000000020001310                __HeapBase = .
                0x0000000020001310                __end__ = .
                0x0000000020001310                end = __end__
                0x0000000020001310                _end = __end__
 *(.heap*)
 .heap          0x0000000020001310      0x800 ./gecko_sdk_4.3.2/platform/common/toolchain/src/sl_memory.o
                0x0000000020020000                __HeapLimit = (ORIGIN (RAM) + LENGTH (RAM))
                0x000000000001ecf0                __heap_size = (__HeapLimit - __HeapBase)
                0x0000000020020000                __ram_end__ = 0x20020000
                0x0000000000100000                __main_flash_end__ = 0x100000

.internal_storage
                0x000000000fe134ec        0x0
 *(.internal_storage*)

.nvm            0x000000000fe134ec        0x0
 *(.simee*)
                0x0000000000100000                linker_nvm_end = __main_flash_end__
                0x0000000000100000                linker_nvm_begin = (linker_nvm_end - SIZEOF (.nvm))
                0x0000000000000000                linker_nvm_size = SIZEOF (.nvm)
                0x0000000000100000                linker_storage_end = linker_nvm_begin
                0x0000000000100000                __nvm3Base = linker_nvm_begin
                0x0000000000100000                linker_storage_begin = (linker_storage_end - SIZEOF (.internal_storage))
                0x0000000000000000                linker_storage_size = SIZEOF (.internal_storage)
                0x0000000000000020                _app_rollback_protection_size = 0x20
                0x0000000000000001                ASSERT (((((ORIGIN (FLASH) + LENGTH (FLASH)) - 0x4) - _app_rollback_protection_size) >= (__etext + SIZEOF (.data))), FLASH memory overflowed !)
OUTPUT(bootloader-uart-bgapi-secureboot-fw-signed-encrypt.axf elf32-littlearm)
LOAD linker stubs

.ARM.attributes
                0x0000000000000000       0x2e
 .ARM.attributes
                0x0000000000000000       0x1e /home/jun/SimplicityStudio_v5/developer/toolchains/gnu_arm/10.3_2021.10/bin/../lib/gcc/arm-none-eabi/10.3.1/thumb/v7e-m+fp/softfp/crti.o
 .ARM.attributes
                0x000000000000001e       0x32 /home/jun/SimplicityStudio_v5/developer/toolchains/gnu_arm/10.3_2021.10/bin/../lib/gcc/arm-none-eabi/10.3.1/thumb/v7e-m+fp/softfp/crtbegin.o
 .ARM.attributes
                0x0000000000000050       0x32 ./gecko_sdk_4.3.2/platform/Device/SiliconLabs/EFR32BG12P/Source/startup_efr32bg12p.o
 .ARM.attributes
                0x0000000000000082       0x32 ./gecko_sdk_4.3.2/platform/Device/SiliconLabs/EFR32BG12P/Source/system_efr32bg12p.o
 .ARM.attributes
                0x00000000000000b4       0x32 ./gecko_sdk_4.3.2/platform/bootloader/communication/bgapi-uart-dfu/btl_comm_bgapi.o
 .ARM.attributes
                0x00000000000000e6       0x32 ./gecko_sdk_4.3.2/platform/bootloader/communication/bgapi-uart-dfu/btl_comm_bgapi_common.o
 .ARM.attributes
                0x0000000000000118       0x32 ./gecko_sdk_4.3.2/platform/bootloader/core/btl_bootload.o
 .ARM.attributes
                0x000000000000014a       0x32 ./gecko_sdk_4.3.2/platform/bootloader/core/btl_core.o
 .ARM.attributes
                0x000000000000017c       0x32 ./gecko_sdk_4.3.2/platform/bootloader/core/btl_main.o
 .ARM.attributes
                0x00000000000001ae       0x32 ./gecko_sdk_4.3.2/platform/bootloader/core/btl_parse.o
 .ARM.attributes
                0x00000000000001e0       0x32 ./gecko_sdk_4.3.2/platform/bootloader/core/btl_reset.o
 .ARM.attributes
                0x0000000000000212       0x32 ./gecko_sdk_4.3.2/platform/bootloader/core/flash/btl_internal_flash.o
 .ARM.attributes
                0x0000000000000244       0x32 ./gecko_sdk_4.3.2/platform/bootloader/driver/btl_driver_delay.o
 .ARM.attributes
                0x0000000000000276       0x32 ./gecko_sdk_4.3.2/platform/bootloader/driver/btl_driver_uart.o
 .ARM.attributes
                0x00000000000002a8       0x32 ./gecko_sdk_4.3.2/platform/bootloader/driver/btl_driver_util.o
 .ARM.attributes
                0x00000000000002da       0x32 ./gecko_sdk_4.3.2/platform/bootloader/parser/gbl/btl_gbl_format.o
 .ARM.attributes
                0x000000000000030c       0x32 ./gecko_sdk_4.3.2/platform/bootloader/parser/gbl/btl_gbl_parser.o
 .ARM.attributes
                0x000000000000033e       0x32 ./gecko_sdk_4.3.2/platform/bootloader/security/btl_crc32.o
 .ARM.attributes
                0x0000000000000370       0x32 ./gecko_sdk_4.3.2/platform/bootloader/security/btl_security_aes.o
 .ARM.attributes
                0x00000000000003a2       0x32 ./gecko_sdk_4.3.2/platform/bootloader/security/btl_security_ecdsa.o
 .ARM.attributes
                0x00000000000003d4       0x32 ./gecko_sdk_4.3.2/platform/bootloader/security/btl_security_sha256.o
 .ARM.attributes
                0x0000000000000406       0x32 ./gecko_sdk_4.3.2/platform/bootloader/security/btl_security_tokens.o
 .ARM.attributes
                0x0000000000000438       0x32 ./gecko_sdk_4.3.2/platform/bootloader/security/ecc/ecc.o
 .ARM.attributes
                0x000000000000046a       0x32 ./gecko_sdk_4.3.2/platform/bootloader/security/sha/btl_sha256.o
 .ARM.attributes
                0x000000000000049c       0x32 ./gecko_sdk_4.3.2/platform/bootloader/security/sha/crypto_sha.o
 .ARM.attributes
                0x00000000000004ce       0x32 ./gecko_sdk_4.3.2/platform/common/toolchain/src/sl_memory.o
 .ARM.attributes
                0x0000000000000500       0x32 ./gecko_sdk_4.3.2/platform/emlib/src/em_cmu.o
 .ARM.attributes
                0x0000000000000532       0x32 ./gecko_sdk_4.3.2/platform/emlib/src/em_core.o
 .ARM.attributes
                0x0000000000000564       0x32 ./gecko_sdk_4.3.2/platform/emlib/src/em_crypto.o
 .ARM.attributes
                0x0000000000000596       0x32 ./gecko_sdk_4.3.2/platform/emlib/src/em_gpio.o
 .ARM.attributes
                0x00000000000005c8       0x32 ./gecko_sdk_4.3.2/platform/emlib/src/em_msc.o
 .ARM.attributes
                0x00000000000005fa       0x32 ./gecko_sdk_4.3.2/platform/emlib/src/em_system.o
 .ARM.attributes
                0x000000000000062c       0x32 ./gecko_sdk_4.3.2/platform/emlib/src/em_timer.o
 .ARM.attributes
                0x000000000000065e       0x32 ./gecko_sdk_4.3.2/platform/security/sl_component/sl_mbedtls_support/src/crypto_aes.o
 .ARM.attributes
                0x0000000000000690       0x32 ./gecko_sdk_4.3.2/platform/security/sl_component/sl_psa_driver/src/crypto_management.o
 .ARM.attributes
                0x00000000000006c2       0x32 /home/jun/SimplicityStudio_v5/developer/toolchains/gnu_arm/10.3_2021.10/bin/../lib/gcc/arm-none-eabi/10.3.1/../../../../arm-none-eabi/lib/thumb/v7e-m+fp/softfp/libc_nano.a(lib_a-memcmp.o)
 .ARM.attributes
                0x00000000000006f4       0x32 /home/jun/SimplicityStudio_v5/developer/toolchains/gnu_arm/10.3_2021.10/bin/../lib/gcc/arm-none-eabi/10.3.1/../../../../arm-none-eabi/lib/thumb/v7e-m+fp/softfp/libc_nano.a(lib_a-memcpy-stub.o)
 .ARM.attributes
                0x0000000000000726       0x32 /home/jun/SimplicityStudio_v5/developer/toolchains/gnu_arm/10.3_2021.10/bin/../lib/gcc/arm-none-eabi/10.3.1/../../../../arm-none-eabi/lib/thumb/v7e-m+fp/softfp/libc_nano.a(lib_a-memset.o)
 .ARM.attributes
                0x0000000000000758       0x1e /home/jun/SimplicityStudio_v5/developer/toolchains/gnu_arm/10.3_2021.10/bin/../lib/gcc/arm-none-eabi/10.3.1/thumb/v7e-m+fp/softfp/crtn.o

.comment        0x0000000000000000       0x49
 .comment       0x0000000000000000       0x49 ./gecko_sdk_4.3.2/platform/Device/SiliconLabs/EFR32BG12P/Source/startup_efr32bg12p.o
                                         0x4a (size before relaxing)
 .comment       0x0000000000000049       0x4a ./gecko_sdk_4.3.2/platform/Device/SiliconLabs/EFR32BG12P/Source/system_efr32bg12p.o
 .comment       0x0000000000000049       0x4a ./gecko_sdk_4.3.2/platform/bootloader/communication/bgapi-uart-dfu/btl_comm_bgapi.o
 .comment       0x0000000000000049       0x4a ./gecko_sdk_4.3.2/platform/bootloader/communication/bgapi-uart-dfu/btl_comm_bgapi_common.o
 .comment       0x0000000000000049       0x4a ./gecko_sdk_4.3.2/platform/bootloader/core/btl_bootload.o
 .comment       0x0000000000000049       0x4a ./gecko_sdk_4.3.2/platform/bootloader/core/btl_core.o
 .comment       0x0000000000000049       0x4a ./gecko_sdk_4.3.2/platform/bootloader/core/btl_main.o
 .comment       0x0000000000000049       0x4a ./gecko_sdk_4.3.2/platform/bootloader/core/btl_parse.o
 .comment       0x0000000000000049       0x4a ./gecko_sdk_4.3.2/platform/bootloader/core/btl_reset.o
 .comment       0x0000000000000049       0x4a ./gecko_sdk_4.3.2/platform/bootloader/core/flash/btl_internal_flash.o
 .comment       0x0000000000000049       0x4a ./gecko_sdk_4.3.2/platform/bootloader/driver/btl_driver_delay.o
 .comment       0x0000000000000049       0x4a ./gecko_sdk_4.3.2/platform/bootloader/driver/btl_driver_uart.o
 .comment       0x0000000000000049       0x4a ./gecko_sdk_4.3.2/platform/bootloader/driver/btl_driver_util.o
 .comment       0x0000000000000049       0x4a ./gecko_sdk_4.3.2/platform/bootloader/parser/gbl/btl_gbl_format.o
 .comment       0x0000000000000049       0x4a ./gecko_sdk_4.3.2/platform/bootloader/parser/gbl/btl_gbl_parser.o
 .comment       0x0000000000000049       0x4a ./gecko_sdk_4.3.2/platform/bootloader/security/btl_crc32.o
 .comment       0x0000000000000049       0x4a ./gecko_sdk_4.3.2/platform/bootloader/security/btl_security_aes.o
 .comment       0x0000000000000049       0x4a ./gecko_sdk_4.3.2/platform/bootloader/security/btl_security_ecdsa.o
 .comment       0x0000000000000049       0x4a ./gecko_sdk_4.3.2/platform/bootloader/security/btl_security_sha256.o
 .comment       0x0000000000000049       0x4a ./gecko_sdk_4.3.2/platform/bootloader/security/btl_security_tokens.o
 .comment       0x0000000000000049       0x4a ./gecko_sdk_4.3.2/platform/bootloader/security/ecc/ecc.o
 .comment       0x0000000000000049       0x4a ./gecko_sdk_4.3.2/platform/bootloader/security/sha/btl_sha256.o
 .comment       0x0000000000000049       0x4a ./gecko_sdk_4.3.2/platform/bootloader/security/sha/crypto_sha.o
 .comment       0x0000000000000049       0x4a ./gecko_sdk_4.3.2/platform/common/toolchain/src/sl_memory.o
 .comment       0x0000000000000049       0x4a ./gecko_sdk_4.3.2/platform/emlib/src/em_cmu.o
 .comment       0x0000000000000049       0x4a ./gecko_sdk_4.3.2/platform/emlib/src/em_core.o
 .comment       0x0000000000000049       0x4a ./gecko_sdk_4.3.2/platform/emlib/src/em_crypto.o
 .comment       0x0000000000000049       0x4a ./gecko_sdk_4.3.2/platform/emlib/src/em_gpio.o
 .comment       0x0000000000000049       0x4a ./gecko_sdk_4.3.2/platform/emlib/src/em_msc.o
 .comment       0x0000000000000049       0x4a ./gecko_sdk_4.3.2/platform/emlib/src/em_system.o
 .comment       0x0000000000000049       0x4a ./gecko_sdk_4.3.2/platform/emlib/src/em_timer.o
 .comment       0x0000000000000049       0x4a ./gecko_sdk_4.3.2/platform/security/sl_component/sl_mbedtls_support/src/crypto_aes.o
 .comment       0x0000000000000049       0x4a ./gecko_sdk_4.3.2/platform/security/sl_component/sl_psa_driver/src/crypto_management.o

.debug_info     0x0000000000000000    0x1e38e
 .debug_info    0x0000000000000000      0xa99 ./gecko_sdk_4.3.2/platform/Device/SiliconLabs/EFR32BG12P/Source/startup_efr32bg12p.o
 .debug_info    0x0000000000000a99      0x9c5 ./gecko_sdk_4.3.2/platform/Device/SiliconLabs/EFR32BG12P/Source/system_efr32bg12p.o
 .debug_info    0x000000000000145e      0x804 ./gecko_sdk_4.3.2/platform/bootloader/communication/bgapi-uart-dfu/btl_comm_bgapi.o
 .debug_info    0x0000000000001c62      0xb34 ./gecko_sdk_4.3.2/platform/bootloader/communication/bgapi-uart-dfu/btl_comm_bgapi_common.o
 .debug_info    0x0000000000002796     0x13f3 ./gecko_sdk_4.3.2/platform/bootloader/core/btl_bootload.o
 .debug_info    0x0000000000003b89       0xed ./gecko_sdk_4.3.2/platform/bootloader/core/btl_core.o
 .debug_info    0x0000000000003c76     0x1d8e ./gecko_sdk_4.3.2/platform/bootloader/core/btl_main.o
 .debug_info    0x0000000000005a04      0x92e ./gecko_sdk_4.3.2/platform/bootloader/core/btl_parse.o
 .debug_info    0x0000000000006332      0x63f ./gecko_sdk_4.3.2/platform/bootloader/core/btl_reset.o
 .debug_info    0x0000000000006971      0x68a ./gecko_sdk_4.3.2/platform/bootloader/core/flash/btl_internal_flash.o
 .debug_info    0x0000000000006ffb      0xb42 ./gecko_sdk_4.3.2/platform/bootloader/driver/btl_driver_delay.o
 .debug_info    0x0000000000007b3d     0x1a59 ./gecko_sdk_4.3.2/platform/bootloader/driver/btl_driver_uart.o
 .debug_info    0x0000000000009596      0x87f ./gecko_sdk_4.3.2/platform/bootloader/driver/btl_driver_util.o
 .debug_info    0x0000000000009e15      0x245 ./gecko_sdk_4.3.2/platform/bootloader/parser/gbl/btl_gbl_format.o
 .debug_info    0x000000000000a05a     0x21eb ./gecko_sdk_4.3.2/platform/bootloader/parser/gbl/btl_gbl_parser.o
 .debug_info    0x000000000000c245      0x6b5 ./gecko_sdk_4.3.2/platform/bootloader/security/btl_crc32.o
 .debug_info    0x000000000000c8fa      0x513 ./gecko_sdk_4.3.2/platform/bootloader/security/btl_security_aes.o
 .debug_info    0x000000000000ce0d      0x8fe ./gecko_sdk_4.3.2/platform/bootloader/security/btl_security_ecdsa.o
 .debug_info    0x000000000000d70b      0x3a4 ./gecko_sdk_4.3.2/platform/bootloader/security/btl_security_sha256.o
 .debug_info    0x000000000000daaf       0xe1 ./gecko_sdk_4.3.2/platform/bootloader/security/btl_security_tokens.o
 .debug_info    0x000000000000db90     0x1da5 ./gecko_sdk_4.3.2/platform/bootloader/security/ecc/ecc.o
 .debug_info    0x000000000000f935      0xa14 ./gecko_sdk_4.3.2/platform/bootloader/security/sha/btl_sha256.o
 .debug_info    0x0000000000010349      0x929 ./gecko_sdk_4.3.2/platform/bootloader/security/sha/crypto_sha.o
 .debug_info    0x0000000000010c72      0x205 ./gecko_sdk_4.3.2/platform/common/toolchain/src/sl_memory.o
 .debug_info    0x0000000000010e77     0x3f13 ./gecko_sdk_4.3.2/platform/emlib/src/em_cmu.o
 .debug_info    0x0000000000014d8a      0xe67 ./gecko_sdk_4.3.2/platform/emlib/src/em_core.o
 .debug_info    0x0000000000015bf1     0x39af ./gecko_sdk_4.3.2/platform/emlib/src/em_crypto.o
 .debug_info    0x00000000000195a0      0xf2e ./gecko_sdk_4.3.2/platform/emlib/src/em_gpio.o
 .debug_info    0x000000000001a4ce      0xe67 ./gecko_sdk_4.3.2/platform/emlib/src/em_msc.o
 .debug_info    0x000000000001b335      0xbeb ./gecko_sdk_4.3.2/platform/emlib/src/em_system.o
 .debug_info    0x000000000001bf20      0xa93 ./gecko_sdk_4.3.2/platform/emlib/src/em_timer.o
 .debug_info    0x000000000001c9b3      0xd5b ./gecko_sdk_4.3.2/platform/security/sl_component/sl_mbedtls_support/src/crypto_aes.o
 .debug_info    0x000000000001d70e      0xc80 ./gecko_sdk_4.3.2/platform/security/sl_component/sl_psa_driver/src/crypto_management.o

.debug_abbrev   0x0000000000000000     0x5091
 .debug_abbrev  0x0000000000000000      0x1f1 ./gecko_sdk_4.3.2/platform/Device/SiliconLabs/EFR32BG12P/Source/startup_efr32bg12p.o
 .debug_abbrev  0x00000000000001f1      0x231 ./gecko_sdk_4.3.2/platform/Device/SiliconLabs/EFR32BG12P/Source/system_efr32bg12p.o
 .debug_abbrev  0x0000000000000422      0x233 ./gecko_sdk_4.3.2/platform/bootloader/communication/bgapi-uart-dfu/btl_comm_bgapi.o
 .debug_abbrev  0x0000000000000655      0x2bb ./gecko_sdk_4.3.2/platform/bootloader/communication/bgapi-uart-dfu/btl_comm_bgapi_common.o
 .debug_abbrev  0x0000000000000910      0x416 ./gecko_sdk_4.3.2/platform/bootloader/core/btl_bootload.o
 .debug_abbrev  0x0000000000000d26       0x8f ./gecko_sdk_4.3.2/platform/bootloader/core/btl_core.o
 .debug_abbrev  0x0000000000000db5      0x37f ./gecko_sdk_4.3.2/platform/bootloader/core/btl_main.o
 .debug_abbrev  0x0000000000001134      0x1f8 ./gecko_sdk_4.3.2/platform/bootloader/core/btl_parse.o
 .debug_abbrev  0x000000000000132c      0x234 ./gecko_sdk_4.3.2/platform/bootloader/core/btl_reset.o
 .debug_abbrev  0x0000000000001560      0x15f ./gecko_sdk_4.3.2/platform/bootloader/core/flash/btl_internal_flash.o
 .debug_abbrev  0x00000000000016bf      0x1f2 ./gecko_sdk_4.3.2/platform/bootloader/driver/btl_driver_delay.o
 .debug_abbrev  0x00000000000018b1      0x3de ./gecko_sdk_4.3.2/platform/bootloader/driver/btl_driver_uart.o
 .debug_abbrev  0x0000000000001c8f      0x154 ./gecko_sdk_4.3.2/platform/bootloader/driver/btl_driver_util.o
 .debug_abbrev  0x0000000000001de3      0x10a ./gecko_sdk_4.3.2/platform/bootloader/parser/gbl/btl_gbl_format.o
 .debug_abbrev  0x0000000000001eed      0x42d ./gecko_sdk_4.3.2/platform/bootloader/parser/gbl/btl_gbl_parser.o
 .debug_abbrev  0x000000000000231a       0xd6 ./gecko_sdk_4.3.2/platform/bootloader/security/btl_crc32.o
 .debug_abbrev  0x00000000000023f0      0x1b4 ./gecko_sdk_4.3.2/platform/bootloader/security/btl_security_aes.o
 .debug_abbrev  0x00000000000025a4      0x175 ./gecko_sdk_4.3.2/platform/bootloader/security/btl_security_ecdsa.o
 .debug_abbrev  0x0000000000002719      0x1a5 ./gecko_sdk_4.3.2/platform/bootloader/security/btl_security_sha256.o
 .debug_abbrev  0x00000000000028be       0x67 ./gecko_sdk_4.3.2/platform/bootloader/security/btl_security_tokens.o
 .debug_abbrev  0x0000000000002925      0x467 ./gecko_sdk_4.3.2/platform/bootloader/security/ecc/ecc.o
 .debug_abbrev  0x0000000000002d8c      0x28a ./gecko_sdk_4.3.2/platform/bootloader/security/sha/btl_sha256.o
 .debug_abbrev  0x0000000000003016      0x254 ./gecko_sdk_4.3.2/platform/bootloader/security/sha/crypto_sha.o
 .debug_abbrev  0x000000000000326a      0x11e ./gecko_sdk_4.3.2/platform/common/toolchain/src/sl_memory.o
 .debug_abbrev  0x0000000000003388      0x577 ./gecko_sdk_4.3.2/platform/emlib/src/em_cmu.o
 .debug_abbrev  0x00000000000038ff      0x379 ./gecko_sdk_4.3.2/platform/emlib/src/em_core.o
 .debug_abbrev  0x0000000000003c78      0x4ae ./gecko_sdk_4.3.2/platform/emlib/src/em_crypto.o
 .debug_abbrev  0x0000000000004126      0x375 ./gecko_sdk_4.3.2/platform/emlib/src/em_gpio.o
 .debug_abbrev  0x000000000000449b      0x2d5 ./gecko_sdk_4.3.2/platform/emlib/src/em_msc.o
 .debug_abbrev  0x0000000000004770      0x234 ./gecko_sdk_4.3.2/platform/emlib/src/em_system.o
 .debug_abbrev  0x00000000000049a4      0x282 ./gecko_sdk_4.3.2/platform/emlib/src/em_timer.o
 .debug_abbrev  0x0000000000004c26      0x216 ./gecko_sdk_4.3.2/platform/security/sl_component/sl_mbedtls_support/src/crypto_aes.o
 .debug_abbrev  0x0000000000004e3c      0x255 ./gecko_sdk_4.3.2/platform/security/sl_component/sl_psa_driver/src/crypto_management.o

.debug_loc      0x0000000000000000     0xf826
 .debug_loc     0x0000000000000000       0x20 ./gecko_sdk_4.3.2/platform/Device/SiliconLabs/EFR32BG12P/Source/startup_efr32bg12p.o
 .debug_loc     0x0000000000000020       0xd8 ./gecko_sdk_4.3.2/platform/Device/SiliconLabs/EFR32BG12P/Source/system_efr32bg12p.o
 .debug_loc     0x00000000000000f8       0x5c ./gecko_sdk_4.3.2/platform/bootloader/communication/bgapi-uart-dfu/btl_comm_bgapi.o
 .debug_loc     0x0000000000000154      0x257 ./gecko_sdk_4.3.2/platform/bootloader/communication/bgapi-uart-dfu/btl_comm_bgapi_common.o
 .debug_loc     0x00000000000003ab      0x8b0 ./gecko_sdk_4.3.2/platform/bootloader/core/btl_bootload.o
 .debug_loc     0x0000000000000c5b      0x100 ./gecko_sdk_4.3.2/platform/bootloader/core/btl_main.o
 .debug_loc     0x0000000000000d5b      0x28f ./gecko_sdk_4.3.2/platform/bootloader/core/btl_parse.o
 .debug_loc     0x0000000000000fea       0xc8 ./gecko_sdk_4.3.2/platform/bootloader/core/btl_reset.o
 .debug_loc     0x00000000000010b2      0x729 ./gecko_sdk_4.3.2/platform/bootloader/core/flash/btl_internal_flash.o
 .debug_loc     0x00000000000017db      0x1ab ./gecko_sdk_4.3.2/platform/bootloader/driver/btl_driver_delay.o
 .debug_loc     0x0000000000001986      0x7f2 ./gecko_sdk_4.3.2/platform/bootloader/driver/btl_driver_uart.o
 .debug_loc     0x0000000000002178      0x10f ./gecko_sdk_4.3.2/platform/bootloader/driver/btl_driver_util.o
 .debug_loc     0x0000000000002287       0x85 ./gecko_sdk_4.3.2/platform/bootloader/parser/gbl/btl_gbl_format.o
 .debug_loc     0x000000000000230c     0x104e ./gecko_sdk_4.3.2/platform/bootloader/parser/gbl/btl_gbl_parser.o
 .debug_loc     0x000000000000335a       0xba ./gecko_sdk_4.3.2/platform/bootloader/security/btl_crc32.o
 .debug_loc     0x0000000000003414      0x486 ./gecko_sdk_4.3.2/platform/bootloader/security/btl_security_aes.o
 .debug_loc     0x000000000000389a      0x143 ./gecko_sdk_4.3.2/platform/bootloader/security/btl_security_ecdsa.o
 .debug_loc     0x00000000000039dd      0x288 ./gecko_sdk_4.3.2/platform/bootloader/security/btl_security_sha256.o
 .debug_loc     0x0000000000003c65     0x1173 ./gecko_sdk_4.3.2/platform/bootloader/security/ecc/ecc.o
 .debug_loc     0x0000000000004dd8      0xa9b ./gecko_sdk_4.3.2/platform/bootloader/security/sha/btl_sha256.o
 .debug_loc     0x0000000000005873      0x302 ./gecko_sdk_4.3.2/platform/bootloader/security/sha/crypto_sha.o
 .debug_loc     0x0000000000005b75       0x9c ./gecko_sdk_4.3.2/platform/common/toolchain/src/sl_memory.o
 .debug_loc     0x0000000000005c11     0x3345 ./gecko_sdk_4.3.2/platform/emlib/src/em_cmu.o
 .debug_loc     0x0000000000008f56      0x639 ./gecko_sdk_4.3.2/platform/emlib/src/em_core.o
 .debug_loc     0x000000000000958f     0x4397 ./gecko_sdk_4.3.2/platform/emlib/src/em_crypto.o
 .debug_loc     0x000000000000d926      0x8f2 ./gecko_sdk_4.3.2/platform/emlib/src/em_gpio.o
 .debug_loc     0x000000000000e218      0x832 ./gecko_sdk_4.3.2/platform/emlib/src/em_msc.o
 .debug_loc     0x000000000000ea4a      0x179 ./gecko_sdk_4.3.2/platform/emlib/src/em_system.o
 .debug_loc     0x000000000000ebc3      0x2b3 ./gecko_sdk_4.3.2/platform/emlib/src/em_timer.o
 .debug_loc     0x000000000000ee76      0x7c1 ./gecko_sdk_4.3.2/platform/security/sl_component/sl_mbedtls_support/src/crypto_aes.o
 .debug_loc     0x000000000000f637      0x1ef ./gecko_sdk_4.3.2/platform/security/sl_component/sl_psa_driver/src/crypto_management.o

.debug_aranges  0x0000000000000000      0xbe0
 .debug_aranges
                0x0000000000000000       0x38 ./gecko_sdk_4.3.2/platform/Device/SiliconLabs/EFR32BG12P/Source/startup_efr32bg12p.o
 .debug_aranges
                0x0000000000000038       0x68 ./gecko_sdk_4.3.2/platform/Device/SiliconLabs/EFR32BG12P/Source/system_efr32bg12p.o
 .debug_aranges
                0x00000000000000a0       0x38 ./gecko_sdk_4.3.2/platform/bootloader/communication/bgapi-uart-dfu/btl_comm_bgapi.o
 .debug_aranges
                0x00000000000000d8       0x38 ./gecko_sdk_4.3.2/platform/bootloader/communication/bgapi-uart-dfu/btl_comm_bgapi_common.o
 .debug_aranges
                0x0000000000000110       0xa0 ./gecko_sdk_4.3.2/platform/bootloader/core/btl_bootload.o
 .debug_aranges
                0x00000000000001b0       0x20 ./gecko_sdk_4.3.2/platform/bootloader/core/btl_core.o
 .debug_aranges
                0x00000000000001d0       0x38 ./gecko_sdk_4.3.2/platform/bootloader/core/btl_main.o
 .debug_aranges
                0x0000000000000208       0x38 ./gecko_sdk_4.3.2/platform/bootloader/core/btl_parse.o
 .debug_aranges
                0x0000000000000240       0x68 ./gecko_sdk_4.3.2/platform/bootloader/core/btl_reset.o
 .debug_aranges
                0x00000000000002a8       0x40 ./gecko_sdk_4.3.2/platform/bootloader/core/flash/btl_internal_flash.o
 .debug_aranges
                0x00000000000002e8       0x38 ./gecko_sdk_4.3.2/platform/bootloader/driver/btl_driver_delay.o
 .debug_aranges
                0x0000000000000320       0x68 ./gecko_sdk_4.3.2/platform/bootloader/driver/btl_driver_uart.o
 .debug_aranges
                0x0000000000000388       0x28 ./gecko_sdk_4.3.2/platform/bootloader/driver/btl_driver_util.o
 .debug_aranges
                0x00000000000003b0       0x20 ./gecko_sdk_4.3.2/platform/bootloader/parser/gbl/btl_gbl_format.o
 .debug_aranges
                0x00000000000003d0       0x50 ./gecko_sdk_4.3.2/platform/bootloader/parser/gbl/btl_gbl_parser.o
 .debug_aranges
                0x0000000000000420       0x20 ./gecko_sdk_4.3.2/platform/bootloader/security/btl_crc32.o
 .debug_aranges
                0x0000000000000440       0x40 ./gecko_sdk_4.3.2/platform/bootloader/security/btl_security_aes.o
 .debug_aranges
                0x0000000000000480       0x20 ./gecko_sdk_4.3.2/platform/bootloader/security/btl_security_ecdsa.o
 .debug_aranges
                0x00000000000004a0       0x38 ./gecko_sdk_4.3.2/platform/bootloader/security/btl_security_sha256.o
 .debug_aranges
                0x00000000000004d8       0x30 ./gecko_sdk_4.3.2/platform/bootloader/security/btl_security_tokens.o
 .debug_aranges
                0x0000000000000508       0x68 ./gecko_sdk_4.3.2/platform/bootloader/security/ecc/ecc.o
 .debug_aranges
                0x0000000000000570       0x58 ./gecko_sdk_4.3.2/platform/bootloader/security/sha/btl_sha256.o
 .debug_aranges
                0x00000000000005c8       0x20 ./gecko_sdk_4.3.2/platform/bootloader/security/sha/crypto_sha.o
 .debug_aranges
                0x00000000000005e8       0x30 ./gecko_sdk_4.3.2/platform/common/toolchain/src/sl_memory.o
 .debug_aranges
                0x0000000000000618      0x1b0 ./gecko_sdk_4.3.2/platform/emlib/src/em_cmu.o
 .debug_aranges
                0x00000000000007c8       0xc0 ./gecko_sdk_4.3.2/platform/emlib/src/em_core.o
 .debug_aranges
                0x0000000000000888      0x158 ./gecko_sdk_4.3.2/platform/emlib/src/em_crypto.o
 .debug_aranges
                0x00000000000009e0       0x58 ./gecko_sdk_4.3.2/platform/emlib/src/em_gpio.o
 .debug_aranges
                0x0000000000000a38       0x68 ./gecko_sdk_4.3.2/platform/emlib/src/em_msc.o
 .debug_aranges
                0x0000000000000aa0       0x78 ./gecko_sdk_4.3.2/platform/emlib/src/em_system.o
 .debug_aranges
                0x0000000000000b18       0x38 ./gecko_sdk_4.3.2/platform/emlib/src/em_timer.o
 .debug_aranges
                0x0000000000000b50       0x58 ./gecko_sdk_4.3.2/platform/security/sl_component/sl_mbedtls_support/src/crypto_aes.o
 .debug_aranges
                0x0000000000000ba8       0x38 ./gecko_sdk_4.3.2/platform/security/sl_component/sl_psa_driver/src/crypto_management.o

.debug_ranges   0x0000000000000000     0x1928
 .debug_ranges  0x0000000000000000       0x28 ./gecko_sdk_4.3.2/platform/Device/SiliconLabs/EFR32BG12P/Source/startup_efr32bg12p.o
 .debug_ranges  0x0000000000000028       0x58 ./gecko_sdk_4.3.2/platform/Device/SiliconLabs/EFR32BG12P/Source/system_efr32bg12p.o
 .debug_ranges  0x0000000000000080       0x28 ./gecko_sdk_4.3.2/platform/bootloader/communication/bgapi-uart-dfu/btl_comm_bgapi.o
 .debug_ranges  0x00000000000000a8       0x28 ./gecko_sdk_4.3.2/platform/bootloader/communication/bgapi-uart-dfu/btl_comm_bgapi_common.o
 .debug_ranges  0x00000000000000d0       0xa8 ./gecko_sdk_4.3.2/platform/bootloader/core/btl_bootload.o
 .debug_ranges  0x0000000000000178       0x10 ./gecko_sdk_4.3.2/platform/bootloader/core/btl_core.o
 .debug_ranges  0x0000000000000188       0x58 ./gecko_sdk_4.3.2/platform/bootloader/core/btl_main.o
 .debug_ranges  0x00000000000001e0       0x28 ./gecko_sdk_4.3.2/platform/bootloader/core/btl_parse.o
 .debug_ranges  0x0000000000000208       0x58 ./gecko_sdk_4.3.2/platform/bootloader/core/btl_reset.o
 .debug_ranges  0x0000000000000260       0x60 ./gecko_sdk_4.3.2/platform/bootloader/core/flash/btl_internal_flash.o
 .debug_ranges  0x00000000000002c0       0x28 ./gecko_sdk_4.3.2/platform/bootloader/driver/btl_driver_delay.o
 .debug_ranges  0x00000000000002e8       0xf8 ./gecko_sdk_4.3.2/platform/bootloader/driver/btl_driver_uart.o
 .debug_ranges  0x00000000000003e0       0x18 ./gecko_sdk_4.3.2/platform/bootloader/driver/btl_driver_util.o
 .debug_ranges  0x00000000000003f8       0x30 ./gecko_sdk_4.3.2/platform/bootloader/parser/gbl/btl_gbl_format.o
 .debug_ranges  0x0000000000000428      0x1b0 ./gecko_sdk_4.3.2/platform/bootloader/parser/gbl/btl_gbl_parser.o
 .debug_ranges  0x00000000000005d8       0x10 ./gecko_sdk_4.3.2/platform/bootloader/security/btl_crc32.o
 .debug_ranges  0x00000000000005e8       0x30 ./gecko_sdk_4.3.2/platform/bootloader/security/btl_security_aes.o
 .debug_ranges  0x0000000000000618       0x10 ./gecko_sdk_4.3.2/platform/bootloader/security/btl_security_ecdsa.o
 .debug_ranges  0x0000000000000628       0x40 ./gecko_sdk_4.3.2/platform/bootloader/security/btl_security_sha256.o
 .debug_ranges  0x0000000000000668       0x20 ./gecko_sdk_4.3.2/platform/bootloader/security/btl_security_tokens.o
 .debug_ranges  0x0000000000000688       0xe8 ./gecko_sdk_4.3.2/platform/bootloader/security/ecc/ecc.o
 .debug_ranges  0x0000000000000770       0xe0 ./gecko_sdk_4.3.2/platform/bootloader/security/sha/btl_sha256.o
 .debug_ranges  0x0000000000000850       0x40 ./gecko_sdk_4.3.2/platform/bootloader/security/sha/crypto_sha.o
 .debug_ranges  0x0000000000000890       0x20 ./gecko_sdk_4.3.2/platform/common/toolchain/src/sl_memory.o
 .debug_ranges  0x00000000000008b0      0x558 ./gecko_sdk_4.3.2/platform/emlib/src/em_cmu.o
 .debug_ranges  0x0000000000000e08      0x178 ./gecko_sdk_4.3.2/platform/emlib/src/em_core.o
 .debug_ranges  0x0000000000000f80      0x5a0 ./gecko_sdk_4.3.2/platform/emlib/src/em_crypto.o
 .debug_ranges  0x0000000000001520      0x170 ./gecko_sdk_4.3.2/platform/emlib/src/em_gpio.o
 .debug_ranges  0x0000000000001690       0xd0 ./gecko_sdk_4.3.2/platform/emlib/src/em_msc.o
 .debug_ranges  0x0000000000001760       0x68 ./gecko_sdk_4.3.2/platform/emlib/src/em_system.o
 .debug_ranges  0x00000000000017c8       0x58 ./gecko_sdk_4.3.2/platform/emlib/src/em_timer.o
 .debug_ranges  0x0000000000001820       0x68 ./gecko_sdk_4.3.2/platform/security/sl_component/sl_mbedtls_support/src/crypto_aes.o
 .debug_ranges  0x0000000000001888       0xa0 ./gecko_sdk_4.3.2/platform/security/sl_component/sl_psa_driver/src/crypto_management.o

.debug_line     0x0000000000000000     0xe012
 .debug_line    0x0000000000000000      0x397 ./gecko_sdk_4.3.2/platform/Device/SiliconLabs/EFR32BG12P/Source/startup_efr32bg12p.o
 .debug_line    0x0000000000000397      0x3fe ./gecko_sdk_4.3.2/platform/Device/SiliconLabs/EFR32BG12P/Source/system_efr32bg12p.o
 .debug_line    0x0000000000000795      0x4af ./gecko_sdk_4.3.2/platform/bootloader/communication/bgapi-uart-dfu/btl_comm_bgapi.o
 .debug_line    0x0000000000000c44      0x621 ./gecko_sdk_4.3.2/platform/bootloader/communication/bgapi-uart-dfu/btl_comm_bgapi_common.o
 .debug_line    0x0000000000001265      0x827 ./gecko_sdk_4.3.2/platform/bootloader/core/btl_bootload.o
 .debug_line    0x0000000000001a8c      0x172 ./gecko_sdk_4.3.2/platform/bootloader/core/btl_core.o
 .debug_line    0x0000000000001bfe      0x877 ./gecko_sdk_4.3.2/platform/bootloader/core/btl_main.o
 .debug_line    0x0000000000002475      0x4ee ./gecko_sdk_4.3.2/platform/bootloader/core/btl_parse.o
 .debug_line    0x0000000000002963      0x495 ./gecko_sdk_4.3.2/platform/bootloader/core/btl_reset.o
 .debug_line    0x0000000000002df8      0x468 ./gecko_sdk_4.3.2/platform/bootloader/core/flash/btl_internal_flash.o
 .debug_line    0x0000000000003260      0x3d5 ./gecko_sdk_4.3.2/platform/bootloader/driver/btl_driver_delay.o
 .debug_line    0x0000000000003635      0x963 ./gecko_sdk_4.3.2/platform/bootloader/driver/btl_driver_uart.o
 .debug_line    0x0000000000003f98      0x2f0 ./gecko_sdk_4.3.2/platform/bootloader/driver/btl_driver_util.o
 .debug_line    0x0000000000004288      0x29a ./gecko_sdk_4.3.2/platform/bootloader/parser/gbl/btl_gbl_format.o
 .debug_line    0x0000000000004522      0xf56 ./gecko_sdk_4.3.2/platform/bootloader/parser/gbl/btl_gbl_parser.o
 .debug_line    0x0000000000005478      0x2b1 ./gecko_sdk_4.3.2/platform/bootloader/security/btl_crc32.o
 .debug_line    0x0000000000005729      0x39f ./gecko_sdk_4.3.2/platform/bootloader/security/btl_security_aes.o
 .debug_line    0x0000000000005ac8      0x2e6 ./gecko_sdk_4.3.2/platform/bootloader/security/btl_security_ecdsa.o
 .debug_line    0x0000000000005dae      0x304 ./gecko_sdk_4.3.2/platform/bootloader/security/btl_security_sha256.o
 .debug_line    0x00000000000060b2      0x1b5 ./gecko_sdk_4.3.2/platform/bootloader/security/btl_security_tokens.o
 .debug_line    0x0000000000006267      0xace ./gecko_sdk_4.3.2/platform/bootloader/security/ecc/ecc.o
 .debug_line    0x0000000000006d35      0x50b ./gecko_sdk_4.3.2/platform/bootloader/security/sha/btl_sha256.o
 .debug_line    0x0000000000007240      0x5ce ./gecko_sdk_4.3.2/platform/bootloader/security/sha/crypto_sha.o
 .debug_line    0x000000000000780e      0x2b4 ./gecko_sdk_4.3.2/platform/common/toolchain/src/sl_memory.o
 .debug_line    0x0000000000007ac2     0x2367 ./gecko_sdk_4.3.2/platform/emlib/src/em_cmu.o
 .debug_line    0x0000000000009e29      0x7c8 ./gecko_sdk_4.3.2/platform/emlib/src/em_core.o
 .debug_line    0x000000000000a5f1     0x15d6 ./gecko_sdk_4.3.2/platform/emlib/src/em_crypto.o
 .debug_line    0x000000000000bbc7      0x646 ./gecko_sdk_4.3.2/platform/emlib/src/em_gpio.o
 .debug_line    0x000000000000c20d      0x8a2 ./gecko_sdk_4.3.2/platform/emlib/src/em_msc.o
 .debug_line    0x000000000000caaf      0x449 ./gecko_sdk_4.3.2/platform/emlib/src/em_system.o
 .debug_line    0x000000000000cef8      0x561 ./gecko_sdk_4.3.2/platform/emlib/src/em_timer.o
 .debug_line    0x000000000000d459      0x82b ./gecko_sdk_4.3.2/platform/security/sl_component/sl_mbedtls_support/src/crypto_aes.o
 .debug_line    0x000000000000dc84      0x38e ./gecko_sdk_4.3.2/platform/security/sl_component/sl_psa_driver/src/crypto_management.o

.debug_str      0x0000000000000000     0x7dba
 .debug_str     0x0000000000000000      0x6e8 ./gecko_sdk_4.3.2/platform/Device/SiliconLabs/EFR32BG12P/Source/startup_efr32bg12p.o
                                        0x822 (size before relaxing)
 .debug_str     0x00000000000006e8      0x462 ./gecko_sdk_4.3.2/platform/Device/SiliconLabs/EFR32BG12P/Source/system_efr32bg12p.o
                                        0x6c1 (size before relaxing)
 .debug_str     0x0000000000000b4a      0x580 ./gecko_sdk_4.3.2/platform/bootloader/communication/bgapi-uart-dfu/btl_comm_bgapi.o
                                        0x8cd (size before relaxing)
 .debug_str     0x00000000000010ca      0x2ec ./gecko_sdk_4.3.2/platform/bootloader/communication/bgapi-uart-dfu/btl_comm_bgapi_common.o
                                        0xa38 (size before relaxing)
 .debug_str     0x00000000000013b6      0x525 ./gecko_sdk_4.3.2/platform/bootloader/core/btl_bootload.o
                                        0xc8f (size before relaxing)
 .debug_str     0x00000000000018db       0x69 ./gecko_sdk_4.3.2/platform/bootloader/core/btl_core.o
                                        0x255 (size before relaxing)
 .debug_str     0x0000000000001944      0x361 ./gecko_sdk_4.3.2/platform/bootloader/core/btl_main.o
                                       0x1316 (size before relaxing)
 .debug_str     0x0000000000001ca5       0xc2 ./gecko_sdk_4.3.2/platform/bootloader/core/btl_parse.o
                                        0x8d3 (size before relaxing)
 .debug_str     0x0000000000001d67      0x13d ./gecko_sdk_4.3.2/platform/bootloader/core/btl_reset.o
                                        0x449 (size before relaxing)
 .debug_str     0x0000000000001ea4      0x42a ./gecko_sdk_4.3.2/platform/bootloader/core/flash/btl_internal_flash.o
                                        0x66f (size before relaxing)
 .debug_str     0x00000000000022ce      0x3e2 ./gecko_sdk_4.3.2/platform/bootloader/driver/btl_driver_delay.o
                                        0x8d4 (size before relaxing)
 .debug_str     0x00000000000026b0     0x12fd ./gecko_sdk_4.3.2/platform/bootloader/driver/btl_driver_uart.o
                                       0x1914 (size before relaxing)
 .debug_str     0x00000000000039ad       0x8d ./gecko_sdk_4.3.2/platform/bootloader/driver/btl_driver_util.o
                                        0x659 (size before relaxing)
 .debug_str     0x0000000000003a3a       0xd6 ./gecko_sdk_4.3.2/platform/bootloader/parser/gbl/btl_gbl_format.o
                                        0x49c (size before relaxing)
 .debug_str     0x0000000000003b10      0x36c ./gecko_sdk_4.3.2/platform/bootloader/parser/gbl/btl_gbl_parser.o
                                        0xf80 (size before relaxing)
 .debug_str     0x0000000000003e7c       0xb1 ./gecko_sdk_4.3.2/platform/bootloader/security/btl_crc32.o
                                        0x5a3 (size before relaxing)
 .debug_str     0x0000000000003f2d      0x145 ./gecko_sdk_4.3.2/platform/bootloader/security/btl_security_aes.o
                                        0x3fe (size before relaxing)
 .debug_str     0x0000000000004072      0x207 ./gecko_sdk_4.3.2/platform/bootloader/security/btl_security_ecdsa.o
                                        0x7fb (size before relaxing)
 .debug_str     0x0000000000004279       0xdd ./gecko_sdk_4.3.2/platform/bootloader/security/btl_security_sha256.o
                                        0x386 (size before relaxing)
 .debug_str     0x0000000000004356       0x5d ./gecko_sdk_4.3.2/platform/bootloader/security/btl_security_tokens.o
                                        0x29d (size before relaxing)
 .debug_str     0x00000000000043b3      0x584 ./gecko_sdk_4.3.2/platform/bootloader/security/ecc/ecc.o
                                        0x9fb (size before relaxing)
 .debug_str     0x0000000000004937      0x138 ./gecko_sdk_4.3.2/platform/bootloader/security/sha/btl_sha256.o
                                        0x402 (size before relaxing)
 .debug_str     0x0000000000004a6f       0xe8 ./gecko_sdk_4.3.2/platform/bootloader/security/sha/crypto_sha.o
                                        0x5df (size before relaxing)
 .debug_str     0x0000000000004b57       0xe9 ./gecko_sdk_4.3.2/platform/common/toolchain/src/sl_memory.o
                                        0x2e8 (size before relaxing)
 .debug_str     0x0000000000004c40     0x1211 ./gecko_sdk_4.3.2/platform/emlib/src/em_cmu.o
                                       0x1d1e (size before relaxing)
 .debug_str     0x0000000000005e51      0x628 ./gecko_sdk_4.3.2/platform/emlib/src/em_core.o
                                        0x938 (size before relaxing)
 .debug_str     0x0000000000006479      0x5d3 ./gecko_sdk_4.3.2/platform/emlib/src/em_crypto.o
                                        0xc93 (size before relaxing)
 .debug_str     0x0000000000006a4c      0x251 ./gecko_sdk_4.3.2/platform/emlib/src/em_gpio.o
                                        0x861 (size before relaxing)
 .debug_str     0x0000000000006c9d      0x179 ./gecko_sdk_4.3.2/platform/emlib/src/em_msc.o
                                        0x72d (size before relaxing)
 .debug_str     0x0000000000006e16      0x8c8 ./gecko_sdk_4.3.2/platform/emlib/src/em_system.o
                                        0xeae (size before relaxing)
 .debug_str     0x00000000000076de      0x4b9 ./gecko_sdk_4.3.2/platform/emlib/src/em_timer.o
                                        0x9c2 (size before relaxing)
 .debug_str     0x0000000000007b97       0xef ./gecko_sdk_4.3.2/platform/security/sl_component/sl_mbedtls_support/src/crypto_aes.o
                                        0x69e (size before relaxing)
 .debug_str     0x0000000000007c86      0x134 ./gecko_sdk_4.3.2/platform/security/sl_component/sl_psa_driver/src/crypto_management.o
                                        0x789 (size before relaxing)

.debug_frame    0x0000000000000000     0x1f8c
 .debug_frame   0x0000000000000000       0x58 ./gecko_sdk_4.3.2/platform/Device/SiliconLabs/EFR32BG12P/Source/startup_efr32bg12p.o
 .debug_frame   0x0000000000000058       0xb8 ./gecko_sdk_4.3.2/platform/Device/SiliconLabs/EFR32BG12P/Source/system_efr32bg12p.o
 .debug_frame   0x0000000000000110       0x60 ./gecko_sdk_4.3.2/platform/bootloader/communication/bgapi-uart-dfu/btl_comm_bgapi.o
 .debug_frame   0x0000000000000170       0x70 ./gecko_sdk_4.3.2/platform/bootloader/communication/bgapi-uart-dfu/btl_comm_bgapi_common.o
 .debug_frame   0x00000000000001e0      0x1e4 ./gecko_sdk_4.3.2/platform/bootloader/core/btl_bootload.o
 .debug_frame   0x00000000000003c4       0x30 ./gecko_sdk_4.3.2/platform/bootloader/core/btl_core.o
 .debug_frame   0x00000000000003f4       0x64 ./gecko_sdk_4.3.2/platform/bootloader/core/btl_main.o
 .debug_frame   0x0000000000000458       0x88 ./gecko_sdk_4.3.2/platform/bootloader/core/btl_parse.o
 .debug_frame   0x00000000000004e0       0xd0 ./gecko_sdk_4.3.2/platform/bootloader/core/btl_reset.o
 .debug_frame   0x00000000000005b0       0x9c ./gecko_sdk_4.3.2/platform/bootloader/core/flash/btl_internal_flash.o
 .debug_frame   0x000000000000064c       0x74 ./gecko_sdk_4.3.2/platform/bootloader/driver/btl_driver_delay.o
 .debug_frame   0x00000000000006c0       0xf4 ./gecko_sdk_4.3.2/platform/bootloader/driver/btl_driver_uart.o
 .debug_frame   0x00000000000007b4       0x44 ./gecko_sdk_4.3.2/platform/bootloader/driver/btl_driver_util.o
 .debug_frame   0x00000000000007f8       0x2c ./gecko_sdk_4.3.2/platform/bootloader/parser/gbl/btl_gbl_format.o
 .debug_frame   0x0000000000000824       0xfc ./gecko_sdk_4.3.2/platform/bootloader/parser/gbl/btl_gbl_parser.o
 .debug_frame   0x0000000000000920       0x28 ./gecko_sdk_4.3.2/platform/bootloader/security/btl_crc32.o
 .debug_frame   0x0000000000000948       0x8c ./gecko_sdk_4.3.2/platform/bootloader/security/btl_security_aes.o
 .debug_frame   0x00000000000009d4       0x3c ./gecko_sdk_4.3.2/platform/bootloader/security/btl_security_ecdsa.o
 .debug_frame   0x0000000000000a10       0x64 ./gecko_sdk_4.3.2/platform/bootloader/security/btl_security_sha256.o
 .debug_frame   0x0000000000000a74       0x40 ./gecko_sdk_4.3.2/platform/bootloader/security/btl_security_tokens.o
 .debug_frame   0x0000000000000ab4      0x18c ./gecko_sdk_4.3.2/platform/bootloader/security/ecc/ecc.o
 .debug_frame   0x0000000000000c40       0xf4 ./gecko_sdk_4.3.2/platform/bootloader/security/sha/btl_sha256.o
 .debug_frame   0x0000000000000d34       0x40 ./gecko_sdk_4.3.2/platform/bootloader/security/sha/crypto_sha.o
 .debug_frame   0x0000000000000d74       0x40 ./gecko_sdk_4.3.2/platform/common/toolchain/src/sl_memory.o
 .debug_frame   0x0000000000000db4      0x4d8 ./gecko_sdk_4.3.2/platform/emlib/src/em_cmu.o
 .debug_frame   0x000000000000128c      0x208 ./gecko_sdk_4.3.2/platform/emlib/src/em_core.o
 .debug_frame   0x0000000000001494      0x5f8 ./gecko_sdk_4.3.2/platform/emlib/src/em_crypto.o
 .debug_frame   0x0000000000001a8c       0xd0 ./gecko_sdk_4.3.2/platform/emlib/src/em_gpio.o
 .debug_frame   0x0000000000001b5c      0x108 ./gecko_sdk_4.3.2/platform/emlib/src/em_msc.o
 .debug_frame   0x0000000000001c64       0xd8 ./gecko_sdk_4.3.2/platform/emlib/src/em_system.o
 .debug_frame   0x0000000000001d3c       0x88 ./gecko_sdk_4.3.2/platform/emlib/src/em_timer.o
 .debug_frame   0x0000000000001dc4       0xf8 ./gecko_sdk_4.3.2/platform/security/sl_component/sl_mbedtls_support/src/crypto_aes.o
 .debug_frame   0x0000000000001ebc       0x60 ./gecko_sdk_4.3.2/platform/security/sl_component/sl_psa_driver/src/crypto_management.o
 .debug_frame   0x0000000000001f1c       0x28 /home/jun/SimplicityStudio_v5/developer/toolchains/gnu_arm/10.3_2021.10/bin/../lib/gcc/arm-none-eabi/10.3.1/../../../../arm-none-eabi/lib/thumb/v7e-m+fp/softfp/libc_nano.a(lib_a-memcmp.o)
 .debug_frame   0x0000000000001f44       0x28 /home/jun/SimplicityStudio_v5/developer/toolchains/gnu_arm/10.3_2021.10/bin/../lib/gcc/arm-none-eabi/10.3.1/../../../../arm-none-eabi/lib/thumb/v7e-m+fp/softfp/libc_nano.a(lib_a-memcpy-stub.o)
 .debug_frame   0x0000000000001f6c       0x20 /home/jun/SimplicityStudio_v5/developer/toolchains/gnu_arm/10.3_2021.10/bin/../lib/gcc/arm-none-eabi/10.3.1/../../../../arm-none-eabi/lib/thumb/v7e-m+fp/softfp/libc_nano.a(lib_a-memset.o)
